Component: ARM Compiler 5.06 update 7 (build 960) Tool: armlink [4d3601]

==============================================================================

Section Cross References

    startup_n32l40x.o(RESET) refers to startup_n32l40x.o(STACK) for __initial_sp
    startup_n32l40x.o(RESET) refers to startup_n32l40x.o(.text) for Reset_Handler
    startup_n32l40x.o(RESET) refers to n32l40x_it.o(.text) for NMI_Handler
    startup_n32l40x.o(.text) refers to system_n32l40x.o(.text) for SystemInit
    startup_n32l40x.o(.text) refers to entry.o(.ARM.Collect$$$$00000000) for __main
    system_n32l40x.o(.text) refers to system_n32l40x.o(.data) for SystemCoreClock
    system_n32l40x.o(.text) refers to system_n32l40x.o(.constdata) for MSIClockTable
    misc.o(.text) refers to main.o(.text) for assert_failed
    misc.o(.text) refers to misc.o(.conststring) for .conststring
    n32l40x_adc.o(.text) refers to main.o(.text) for assert_failed
    n32l40x_adc.o(.text) refers to n32l40x_rcc.o(.text) for RCC_EnableAHBPeriphReset
    n32l40x_adc.o(.text) refers to n32l40x_adc.o(.bss) for RCC_Clocks
    n32l40x_can.o(.text) refers to main.o(.text) for assert_failed
    n32l40x_can.o(.text) refers to n32l40x_rcc.o(.text) for RCC_EnableAPB1PeriphReset
    n32l40x_comp.o(.text) refers to n32l40x_rcc.o(.text) for RCC_EnableAPB1PeriphReset
    n32l40x_dac.o(.text) refers to n32l40x_rcc.o(.text) for RCC_EnableAPB1PeriphReset
    n32l40x_dac.o(.text) refers to main.o(.text) for assert_failed
    n32l40x_dac.o(.text) refers to n32l40x_dac.o(.conststring) for .conststring
    n32l40x_dbg.o(.text) refers to main.o(.text) for assert_failed
    n32l40x_dma.o(.text) refers to main.o(.text) for assert_failed
    n32l40x_exti.o(.text) refers to main.o(.text) for assert_failed
    n32l40x_flash.o(.text) refers to main.o(.text) for assert_failed
    n32l40x_gpio.o(.text) refers to main.o(.text) for assert_failed
    n32l40x_gpio.o(.text) refers to n32l40x_rcc.o(.text) for RCC_EnableAPB2PeriphReset
    n32l40x_i2c.o(.text) refers to main.o(.text) for assert_failed
    n32l40x_i2c.o(.text) refers to n32l40x_rcc.o(.text) for RCC_EnableAPB1PeriphReset
    n32l40x_iwdg.o(.text) refers to main.o(.text) for assert_failed
    n32l40x_lcd.o(.text) refers to main.o(.text) for assert_failed
    n32l40x_lcd.o(.text) refers to n32l40x_rcc.o(.text) for RCC_EnableRETPeriphReset
    n32l40x_lcd.o(.text) refers to n32l40x_pwr.o(.text) for PWR_BackupAccessEnable
    n32l40x_lptim.o(.text) refers to n32l40x_rcc.o(.text) for RCC_EnableRETPeriphReset
    n32l40x_lptim.o(.text) refers to main.o(.text) for assert_failed
    n32l40x_lpuart.o(.text) refers to n32l40x_rcc.o(.text) for RCC_EnableRETPeriphReset
    n32l40x_lpuart.o(.text) refers to main.o(.text) for assert_failed
    n32l40x_lpuart.o(.text) refers to n32l40x_lpuart.o(.conststring) for .conststring
    n32l40x_opamp.o(.text) refers to n32l40x_rcc.o(.text) for RCC_EnableAPB1PeriphReset
    n32l40x_pwr.o(.text) refers to n32l40x_rcc.o(.text) for RCC_EnableAPB1PeriphReset
    n32l40x_pwr.o(.text) refers to main.o(.text) for assert_failed
    n32l40x_pwr.o(.text) refers to n32l40x_flash.o(.text) for FLASH_SetLatency
    n32l40x_rcc.o(.text) refers to main.o(.text) for assert_failed
    n32l40x_rcc.o(.text) refers to n32l40x_rcc.o(.constdata) for s_msiClockTable
    n32l40x_rtc.o(.text) refers to main.o(.text) for assert_failed
    n32l40x_rtc.o(.text) refers to n32l40x_rtc.o(.conststring) for .conststring
    n32l40x_spi.o(.text) refers to main.o(.text) for assert_failed
    n32l40x_spi.o(.text) refers to n32l40x_rcc.o(.text) for RCC_EnableAPB2PeriphReset
    n32l40x_tim.o(.text) refers to main.o(.text) for assert_failed
    n32l40x_tim.o(.text) refers to n32l40x_rcc.o(.text) for RCC_EnableAPB2PeriphReset
    n32l40x_usart.o(.text) refers to main.o(.text) for assert_failed
    n32l40x_usart.o(.text) refers to n32l40x_rcc.o(.text) for RCC_EnableAPB2PeriphReset
    n32l40x_usart.o(.text) refers to n32l40x_usart.o(.conststring) for .conststring
    n32l40x_wwdg.o(.text) refers to n32l40x_rcc.o(.text) for RCC_EnableAPB1PeriphReset
    n32l40x_wwdg.o(.text) refers to main.o(.text) for assert_failed
    main.o(.text) refers to hw_config.o(.text) for USB_Config
    main.o(.text) refers to usb_init.o(.text) for USB_Init
    main.o(.text) refers to main.o(.data) for system_clock
    main.o(.text) refers to usb_pwr.o(.data) for bDeviceState
    n32l40x_it.o(.text) refers to usb_istr.o(.text) for USB_Istr
    n32l40x_it.o(.text) refers to n32l40x_exti.o(.text) for EXTI_ClrITPendBit
    n32l40x_it.o(.text) refers to n32l40x_usart.o(.text) for USART_GetFlagStatus
    n32l40x_it.o(.text) refers to hw_config.o(.text) for USART_To_USB_Send_Data
    hw_config.o(.text) refers to n32l40x_rcc.o(.text) for RCC_ConfigUsbClk
    hw_config.o(.text) refers to n32l40x_gpio.o(.text) for GPIO_InitStruct
    hw_config.o(.text) refers to misc.o(.text) for NVIC_Init
    hw_config.o(.text) refers to n32l40x_usart.o(.text) for USART_Init
    hw_config.o(.text) refers to n32l40x_exti.o(.text) for EXTI_ClrITPendBit
    hw_config.o(.text) refers to usb_mem.o(.text) for USB_CopyUserToPMABuf
    hw_config.o(.text) refers to usb_regs.o(.text) for USB_SetEpTxCnt
    hw_config.o(.text) refers to usb_pwr.o(.data) for bDeviceState
    hw_config.o(.text) refers to usb_init.o(.bss) for Device_Info
    hw_config.o(.text) refers to hw_config.o(.bss) for USART_InitStructure
    hw_config.o(.text) refers to usb_prop.o(.data) for linecoding
    hw_config.o(.text) refers to hw_config.o(.data) for USB_Tx_State
    usb_endp.o(.text) refers to usb_mem.o(.text) for USB_CopyUserToPMABuf
    usb_endp.o(.text) refers to usb_regs.o(.text) for USB_SetEpTxCnt
    usb_endp.o(.text) refers to usb_sil.o(.text) for USB_SilRead
    usb_endp.o(.text) refers to hw_config.o(.text) for USB_To_USART_Send_Data
    usb_endp.o(.text) refers to hw_config.o(.data) for USB_Tx_State
    usb_endp.o(.text) refers to hw_config.o(.bss) for USART_Rx_Buffer
    usb_endp.o(.text) refers to usb_endp.o(.bss) for USB_Rx_Buffer
    usb_endp.o(.text) refers to usb_pwr.o(.data) for bDeviceState
    usb_endp.o(.text) refers to usb_endp.o(.data) for FrameCount
    usb_istr.o(.text) refers to usb_int.o(.text) for USB_CorrectTransferLp
    usb_istr.o(.text) refers to usb_pwr.o(.text) for Resume
    usb_istr.o(.text) refers to usb_endp.o(.text) for SOF_Callback
    usb_istr.o(.text) refers to usb_istr.o(.data) for wIstr
    usb_istr.o(.text) refers to usb_init.o(.data) for wInterrupt_Mask
    usb_istr.o(.text) refers to usb_prop.o(.data) for Device_Property
    usb_istr.o(.text) refers to usb_pwr.o(.data) for fSuspendEnabled
    usb_istr.o(.data) refers to usb_endp.o(.text) for EP1_IN_Callback
    usb_istr.o(.data) refers to usb_core.o(.text) for USB_ProcessNop
    usb_prop.o(.text) refers to usb_pwr.o(.text) for PowerOn
    usb_prop.o(.text) refers to usb_sil.o(.text) for USB_SilInit
    usb_prop.o(.text) refers to hw_config.o(.text) for USART_Config_Default
    usb_prop.o(.text) refers to usb_regs.o(.text) for USB_SetBuftab
    usb_prop.o(.text) refers to usb_core.o(.text) for USB_SetDeviceAddress
    usb_prop.o(.text) refers to usb_init.o(.data) for pInformation
    usb_prop.o(.text) refers to usb_pwr.o(.data) for bDeviceState
    usb_prop.o(.text) refers to usb_desc.o(.constdata) for Virtual_Com_Port_ConfigDescriptor
    usb_prop.o(.text) refers to usb_prop.o(.data) for Device_Property
    usb_prop.o(.text) refers to usb_init.o(.bss) for Device_Info
    usb_prop.o(.data) refers to usb_prop.o(.text) for Virtual_Com_Port_init
    usb_prop.o(.data) refers to usb_core.o(.text) for USB_ProcessNop
    usb_prop.o(.data) refers to usb_desc.o(.constdata) for Virtual_Com_Port_DeviceDescriptor
    usb_prop.o(.data) refers to usb_desc.o(.data) for Virtual_Com_Port_StringSerial
    usb_pwr.o(.text) refers to n32l40x_rcc.o(.text) for RCC_GetFlagStatus
    usb_pwr.o(.text) refers to n32l40x_flash.o(.text) for FLASH_PrefetchBufSet
    usb_pwr.o(.text) refers to usb_init.o(.data) for wInterrupt_Mask
    usb_pwr.o(.text) refers to usb_pwr.o(.bss) for EP
    usb_pwr.o(.text) refers to usb_pwr.o(.data) for ResumeS
    usb_core.o(.text) refers to usb_regs.o(.text) for USB_ClrDattogTx
    usb_core.o(.text) refers to usb_init.o(.data) for pInformation
    usb_core.o(.text) refers to usb_prop.o(.data) for Device_Table
    usb_core.o(.text) refers to usb_core.o(.data) for StatusInfo
    usb_core.o(.text) refers to usb_mem.o(.text) for USB_CopyPMAToUserBuf
    usb_core.o(.text) refers to usb_int.o(.data) for SaveRState
    usb_init.o(.text) refers to hw_config.o(.text) for USB_Interrupts_Config
    usb_init.o(.text) refers to usb_init.o(.bss) for Device_Info
    usb_init.o(.text) refers to usb_init.o(.data) for pInformation
    usb_init.o(.text) refers to usb_prop.o(.data) for Device_Property
    usb_int.o(.text) refers to usb_core.o(.text) for USB_ProcessIn0
    usb_int.o(.text) refers to usb_istr.o(.data) for wIstr
    usb_int.o(.text) refers to usb_init.o(.data) for EPindex
    usb_int.o(.text) refers to usb_int.o(.data) for SaveRState
    usb_mem.o(.text) refers to usb_mem.o(.data) for EpInDataPtrTmp
    usb_sil.o(.text) refers to usb_regs.o(.text) for USB_GetEpTxAddr
    usb_sil.o(.text) refers to usb_mem.o(.text) for USB_CopyUserToPMABuf
    usb_sil.o(.text) refers to usb_init.o(.data) for wInterrupt_Mask
    entry.o(.ARM.Collect$$$$00000000) refers (Special) to entry10a.o(.ARM.Collect$$$$0000000F) for __rt_final_cpp
    entry.o(.ARM.Collect$$$$00000000) refers (Special) to entry11a.o(.ARM.Collect$$$$00000011) for __rt_final_exit
    entry.o(.ARM.Collect$$$$00000000) refers (Special) to entry12b.o(.ARM.Collect$$$$0000000E) for __rt_lib_shutdown_fini
    entry.o(.ARM.Collect$$$$00000000) refers (Special) to entry7b.o(.ARM.Collect$$$$00000008) for _main_clock
    entry.o(.ARM.Collect$$$$00000000) refers (Special) to entry8b.o(.ARM.Collect$$$$0000000A) for _main_cpp_init
    entry.o(.ARM.Collect$$$$00000000) refers (Special) to entry9a.o(.ARM.Collect$$$$0000000B) for _main_init
    entry.o(.ARM.Collect$$$$00000000) refers (Special) to entry5.o(.ARM.Collect$$$$00000004) for _main_scatterload
    entry.o(.ARM.Collect$$$$00000000) refers (Special) to entry2.o(.ARM.Collect$$$$00000001) for _main_stk
    entry2.o(.ARM.Collect$$$$00000001) refers to entry2.o(.ARM.Collect$$$$00002712) for __lit__00000000
    entry2.o(.ARM.Collect$$$$00002712) refers to startup_n32l40x.o(STACK) for __initial_sp
    entry2.o(__vectab_stack_and_reset_area) refers to startup_n32l40x.o(STACK) for __initial_sp
    entry2.o(__vectab_stack_and_reset_area) refers to entry.o(.ARM.Collect$$$$00000000) for __main
    entry5.o(.ARM.Collect$$$$00000004) refers to init.o(.text) for __scatterload
    entry9a.o(.ARM.Collect$$$$0000000B) refers to main.o(.text) for main
    entry9b.o(.ARM.Collect$$$$0000000C) refers to main.o(.text) for main
    init.o(.text) refers to entry5.o(.ARM.Collect$$$$00000004) for __main_after_scatterload


==============================================================================

Removing Unused input sections from the image.

    Removing startup_n32l40x.o(HEAP), (768 bytes).
    Removing system_n32l40x.o(.rev16_text), (4 bytes).
    Removing system_n32l40x.o(.revsh_text), (4 bytes).
    Removing system_n32l40x.o(.rrx_text), (6 bytes).
    Removing misc.o(.rev16_text), (4 bytes).
    Removing misc.o(.revsh_text), (4 bytes).
    Removing misc.o(.rrx_text), (6 bytes).
    Removing n32l40x_adc.o(.rev16_text), (4 bytes).
    Removing n32l40x_adc.o(.revsh_text), (4 bytes).
    Removing n32l40x_adc.o(.rrx_text), (6 bytes).
    Removing n32l40x_adc.o(.text), (4900 bytes).
    Removing n32l40x_adc.o(.bss), (24 bytes).
    Removing n32l40x_can.o(.rev16_text), (4 bytes).
    Removing n32l40x_can.o(.revsh_text), (4 bytes).
    Removing n32l40x_can.o(.rrx_text), (6 bytes).
    Removing n32l40x_can.o(.text), (5528 bytes).
    Removing n32l40x_comp.o(.rev16_text), (4 bytes).
    Removing n32l40x_comp.o(.revsh_text), (4 bytes).
    Removing n32l40x_comp.o(.rrx_text), (6 bytes).
    Removing n32l40x_comp.o(.text), (836 bytes).
    Removing n32l40x_crc.o(.rev16_text), (4 bytes).
    Removing n32l40x_crc.o(.revsh_text), (4 bytes).
    Removing n32l40x_crc.o(.rrx_text), (6 bytes).
    Removing n32l40x_crc.o(.text), (208 bytes).
    Removing n32l40x_dac.o(.rev16_text), (4 bytes).
    Removing n32l40x_dac.o(.revsh_text), (4 bytes).
    Removing n32l40x_dac.o(.rrx_text), (6 bytes).
    Removing n32l40x_dac.o(.text), (1116 bytes).
    Removing n32l40x_dac.o(.conststring), (72 bytes).
    Removing n32l40x_dbg.o(.rev16_text), (4 bytes).
    Removing n32l40x_dbg.o(.revsh_text), (4 bytes).
    Removing n32l40x_dbg.o(.rrx_text), (6 bytes).
    Removing n32l40x_dbg.o(.text), (480 bytes).
    Removing n32l40x_dma.o(.rev16_text), (4 bytes).
    Removing n32l40x_dma.o(.revsh_text), (4 bytes).
    Removing n32l40x_dma.o(.rrx_text), (6 bytes).
    Removing n32l40x_dma.o(.text), (2608 bytes).
    Removing n32l40x_exti.o(.rev16_text), (4 bytes).
    Removing n32l40x_exti.o(.revsh_text), (4 bytes).
    Removing n32l40x_exti.o(.rrx_text), (6 bytes).
    Removing n32l40x_flash.o(.rev16_text), (4 bytes).
    Removing n32l40x_flash.o(.revsh_text), (4 bytes).
    Removing n32l40x_flash.o(.rrx_text), (6 bytes).
    Removing n32l40x_gpio.o(.rev16_text), (4 bytes).
    Removing n32l40x_gpio.o(.revsh_text), (4 bytes).
    Removing n32l40x_gpio.o(.rrx_text), (6 bytes).
    Removing n32l40x_i2c.o(.rev16_text), (4 bytes).
    Removing n32l40x_i2c.o(.revsh_text), (4 bytes).
    Removing n32l40x_i2c.o(.rrx_text), (6 bytes).
    Removing n32l40x_i2c.o(.text), (4120 bytes).
    Removing n32l40x_iwdg.o(.rev16_text), (4 bytes).
    Removing n32l40x_iwdg.o(.revsh_text), (4 bytes).
    Removing n32l40x_iwdg.o(.rrx_text), (6 bytes).
    Removing n32l40x_iwdg.o(.text), (356 bytes).
    Removing n32l40x_lcd.o(.rev16_text), (4 bytes).
    Removing n32l40x_lcd.o(.revsh_text), (4 bytes).
    Removing n32l40x_lcd.o(.rrx_text), (6 bytes).
    Removing n32l40x_lcd.o(.text), (2340 bytes).
    Removing n32l40x_lptim.o(.rev16_text), (4 bytes).
    Removing n32l40x_lptim.o(.revsh_text), (4 bytes).
    Removing n32l40x_lptim.o(.rrx_text), (6 bytes).
    Removing n32l40x_lptim.o(.text), (1302 bytes).
    Removing n32l40x_lpuart.o(.rev16_text), (4 bytes).
    Removing n32l40x_lpuart.o(.revsh_text), (4 bytes).
    Removing n32l40x_lpuart.o(.rrx_text), (6 bytes).
    Removing n32l40x_lpuart.o(.text), (1800 bytes).
    Removing n32l40x_lpuart.o(.conststring), (72 bytes).
    Removing n32l40x_opamp.o(.rev16_text), (4 bytes).
    Removing n32l40x_opamp.o(.revsh_text), (4 bytes).
    Removing n32l40x_opamp.o(.rrx_text), (6 bytes).
    Removing n32l40x_opamp.o(.text), (376 bytes).
    Removing n32l40x_pwr.o(.rev16_text), (4 bytes).
    Removing n32l40x_pwr.o(.revsh_text), (4 bytes).
    Removing n32l40x_pwr.o(.rrx_text), (6 bytes).
    Removing n32l40x_pwr.o(.text), (1376 bytes).
    Removing n32l40x_rcc.o(.rev16_text), (4 bytes).
    Removing n32l40x_rcc.o(.revsh_text), (4 bytes).
    Removing n32l40x_rcc.o(.rrx_text), (6 bytes).
    Removing n32l40x_rtc.o(.rev16_text), (4 bytes).
    Removing n32l40x_rtc.o(.revsh_text), (4 bytes).
    Removing n32l40x_rtc.o(.rrx_text), (6 bytes).
    Removing n32l40x_rtc.o(.text), (8732 bytes).
    Removing n32l40x_rtc.o(.conststring), (135 bytes).
    Removing n32l40x_spi.o(.rev16_text), (4 bytes).
    Removing n32l40x_spi.o(.revsh_text), (4 bytes).
    Removing n32l40x_spi.o(.rrx_text), (6 bytes).
    Removing n32l40x_spi.o(.text), (3472 bytes).
    Removing n32l40x_tim.o(.rev16_text), (4 bytes).
    Removing n32l40x_tim.o(.revsh_text), (4 bytes).
    Removing n32l40x_tim.o(.rrx_text), (6 bytes).
    Removing n32l40x_tim.o(.text), (17240 bytes).
    Removing n32l40x_usart.o(.rev16_text), (4 bytes).
    Removing n32l40x_usart.o(.revsh_text), (4 bytes).
    Removing n32l40x_usart.o(.rrx_text), (6 bytes).
    Removing n32l40x_wwdg.o(.rev16_text), (4 bytes).
    Removing n32l40x_wwdg.o(.revsh_text), (4 bytes).
    Removing n32l40x_wwdg.o(.rrx_text), (6 bytes).
    Removing n32l40x_wwdg.o(.text), (388 bytes).
    Removing main.o(.rev16_text), (4 bytes).
    Removing main.o(.revsh_text), (4 bytes).
    Removing main.o(.rrx_text), (6 bytes).
    Removing n32l40x_it.o(.rev16_text), (4 bytes).
    Removing n32l40x_it.o(.revsh_text), (4 bytes).
    Removing n32l40x_it.o(.rrx_text), (6 bytes).
    Removing hw_config.o(.rev16_text), (4 bytes).
    Removing hw_config.o(.revsh_text), (4 bytes).
    Removing hw_config.o(.rrx_text), (6 bytes).
    Removing usb_desc.o(.rev16_text), (4 bytes).
    Removing usb_desc.o(.revsh_text), (4 bytes).
    Removing usb_desc.o(.rrx_text), (6 bytes).
    Removing usb_endp.o(.rev16_text), (4 bytes).
    Removing usb_endp.o(.revsh_text), (4 bytes).
    Removing usb_endp.o(.rrx_text), (6 bytes).
    Removing usb_istr.o(.rev16_text), (4 bytes).
    Removing usb_istr.o(.revsh_text), (4 bytes).
    Removing usb_istr.o(.rrx_text), (6 bytes).
    Removing usb_prop.o(.rev16_text), (4 bytes).
    Removing usb_prop.o(.revsh_text), (4 bytes).
    Removing usb_prop.o(.rrx_text), (6 bytes).
    Removing usb_pwr.o(.rev16_text), (4 bytes).
    Removing usb_pwr.o(.revsh_text), (4 bytes).
    Removing usb_pwr.o(.rrx_text), (6 bytes).
    Removing usb_core.o(.rev16_text), (4 bytes).
    Removing usb_core.o(.revsh_text), (4 bytes).
    Removing usb_core.o(.rrx_text), (6 bytes).
    Removing usb_init.o(.rev16_text), (4 bytes).
    Removing usb_init.o(.revsh_text), (4 bytes).
    Removing usb_init.o(.rrx_text), (6 bytes).
    Removing usb_int.o(.rev16_text), (4 bytes).
    Removing usb_int.o(.revsh_text), (4 bytes).
    Removing usb_int.o(.rrx_text), (6 bytes).
    Removing usb_mem.o(.rev16_text), (4 bytes).
    Removing usb_mem.o(.revsh_text), (4 bytes).
    Removing usb_mem.o(.rrx_text), (6 bytes).
    Removing usb_regs.o(.rev16_text), (4 bytes).
    Removing usb_regs.o(.revsh_text), (4 bytes).
    Removing usb_regs.o(.rrx_text), (6 bytes).
    Removing usb_sil.o(.rev16_text), (4 bytes).
    Removing usb_sil.o(.revsh_text), (4 bytes).
    Removing usb_sil.o(.rrx_text), (6 bytes).

140 unused section(s) (total 58795 bytes) removed from the image.

==============================================================================

Image Symbol Table

    Local Symbols

    Symbol Name                              Value     Ov Type        Size  Object(Section)

    ../clib/../cmprslib/zerorunl2.c          0x00000000   Number         0  __dczerorl2.o ABSOLUTE
    ../clib/microlib/init/entry.s            0x00000000   Number         0  entry8a.o ABSOLUTE
    ../clib/microlib/init/entry.s            0x00000000   Number         0  entry9a.o ABSOLUTE
    ../clib/microlib/init/entry.s            0x00000000   Number         0  entry11b.o ABSOLUTE
    ../clib/microlib/init/entry.s            0x00000000   Number         0  entry9b.o ABSOLUTE
    ../clib/microlib/init/entry.s            0x00000000   Number         0  entry11a.o ABSOLUTE
    ../clib/microlib/init/entry.s            0x00000000   Number         0  entry2.o ABSOLUTE
    ../clib/microlib/init/entry.s            0x00000000   Number         0  entry12b.o ABSOLUTE
    ../clib/microlib/init/entry.s            0x00000000   Number         0  entry12a.o ABSOLUTE
    ../clib/microlib/init/entry.s            0x00000000   Number         0  entry10a.o ABSOLUTE
    ../clib/microlib/init/entry.s            0x00000000   Number         0  entry10b.o ABSOLUTE
    ../clib/microlib/init/entry.s            0x00000000   Number         0  entry8b.o ABSOLUTE
    ../clib/microlib/init/entry.s            0x00000000   Number         0  entry.o ABSOLUTE
    ../clib/microlib/init/entry.s            0x00000000   Number         0  entry5.o ABSOLUTE
    ../clib/microlib/init/entry.s            0x00000000   Number         0  entry7a.o ABSOLUTE
    ../clib/microlib/init/entry.s            0x00000000   Number         0  entry7b.o ABSOLUTE
    ..\\firmware\\CMSIS\\device\\system_n32l40x.c 0x00000000   Number         0  system_n32l40x.o ABSOLUTE
    ..\\firmware\\n32l40x_std_periph_driver\\src\\misc.c 0x00000000   Number         0  misc.o ABSOLUTE
    ..\\firmware\\n32l40x_std_periph_driver\\src\\n32l40x_adc.c 0x00000000   Number         0  n32l40x_adc.o ABSOLUTE
    ..\\firmware\\n32l40x_std_periph_driver\\src\\n32l40x_can.c 0x00000000   Number         0  n32l40x_can.o ABSOLUTE
    ..\\firmware\\n32l40x_std_periph_driver\\src\\n32l40x_comp.c 0x00000000   Number         0  n32l40x_comp.o ABSOLUTE
    ..\\firmware\\n32l40x_std_periph_driver\\src\\n32l40x_crc.c 0x00000000   Number         0  n32l40x_crc.o ABSOLUTE
    ..\\firmware\\n32l40x_std_periph_driver\\src\\n32l40x_dac.c 0x00000000   Number         0  n32l40x_dac.o ABSOLUTE
    ..\\firmware\\n32l40x_std_periph_driver\\src\\n32l40x_dbg.c 0x00000000   Number         0  n32l40x_dbg.o ABSOLUTE
    ..\\firmware\\n32l40x_std_periph_driver\\src\\n32l40x_dma.c 0x00000000   Number         0  n32l40x_dma.o ABSOLUTE
    ..\\firmware\\n32l40x_std_periph_driver\\src\\n32l40x_exti.c 0x00000000   Number         0  n32l40x_exti.o ABSOLUTE
    ..\\firmware\\n32l40x_std_periph_driver\\src\\n32l40x_flash.c 0x00000000   Number         0  n32l40x_flash.o ABSOLUTE
    ..\\firmware\\n32l40x_std_periph_driver\\src\\n32l40x_gpio.c 0x00000000   Number         0  n32l40x_gpio.o ABSOLUTE
    ..\\firmware\\n32l40x_std_periph_driver\\src\\n32l40x_i2c.c 0x00000000   Number         0  n32l40x_i2c.o ABSOLUTE
    ..\\firmware\\n32l40x_std_periph_driver\\src\\n32l40x_iwdg.c 0x00000000   Number         0  n32l40x_iwdg.o ABSOLUTE
    ..\\firmware\\n32l40x_std_periph_driver\\src\\n32l40x_lcd.c 0x00000000   Number         0  n32l40x_lcd.o ABSOLUTE
    ..\\firmware\\n32l40x_std_periph_driver\\src\\n32l40x_lptim.c 0x00000000   Number         0  n32l40x_lptim.o ABSOLUTE
    ..\\firmware\\n32l40x_std_periph_driver\\src\\n32l40x_lpuart.c 0x00000000   Number         0  n32l40x_lpuart.o ABSOLUTE
    ..\\firmware\\n32l40x_std_periph_driver\\src\\n32l40x_opamp.c 0x00000000   Number         0  n32l40x_opamp.o ABSOLUTE
    ..\\firmware\\n32l40x_std_periph_driver\\src\\n32l40x_pwr.c 0x00000000   Number         0  n32l40x_pwr.o ABSOLUTE
    ..\\firmware\\n32l40x_std_periph_driver\\src\\n32l40x_rcc.c 0x00000000   Number         0  n32l40x_rcc.o ABSOLUTE
    ..\\firmware\\n32l40x_std_periph_driver\\src\\n32l40x_rtc.c 0x00000000   Number         0  n32l40x_rtc.o ABSOLUTE
    ..\\firmware\\n32l40x_std_periph_driver\\src\\n32l40x_spi.c 0x00000000   Number         0  n32l40x_spi.o ABSOLUTE
    ..\\firmware\\n32l40x_std_periph_driver\\src\\n32l40x_tim.c 0x00000000   Number         0  n32l40x_tim.o ABSOLUTE
    ..\\firmware\\n32l40x_std_periph_driver\\src\\n32l40x_usart.c 0x00000000   Number         0  n32l40x_usart.o ABSOLUTE
    ..\\firmware\\n32l40x_std_periph_driver\\src\\n32l40x_wwdg.c 0x00000000   Number         0  n32l40x_wwdg.o ABSOLUTE
    ..\\firmware\\n32l40x_usbfs_driver\\src\\usb_core.c 0x00000000   Number         0  usb_core.o ABSOLUTE
    ..\\firmware\\n32l40x_usbfs_driver\\src\\usb_init.c 0x00000000   Number         0  usb_init.o ABSOLUTE
    ..\\firmware\\n32l40x_usbfs_driver\\src\\usb_int.c 0x00000000   Number         0  usb_int.o ABSOLUTE
    ..\\firmware\\n32l40x_usbfs_driver\\src\\usb_mem.c 0x00000000   Number         0  usb_mem.o ABSOLUTE
    ..\\firmware\\n32l40x_usbfs_driver\\src\\usb_regs.c 0x00000000   Number         0  usb_regs.o ABSOLUTE
    ..\\firmware\\n32l40x_usbfs_driver\\src\\usb_sil.c 0x00000000   Number         0  usb_sil.o ABSOLUTE
    ..\\src\\hw_config.c                     0x00000000   Number         0  hw_config.o ABSOLUTE
    ..\\src\\main.c                          0x00000000   Number         0  main.o ABSOLUTE
    ..\\src\\n32l40x_it.c                    0x00000000   Number         0  n32l40x_it.o ABSOLUTE
    ..\\src\\usb_desc.c                      0x00000000   Number         0  usb_desc.o ABSOLUTE
    ..\\src\\usb_endp.c                      0x00000000   Number         0  usb_endp.o ABSOLUTE
    ..\\src\\usb_istr.c                      0x00000000   Number         0  usb_istr.o ABSOLUTE
    ..\\src\\usb_prop.c                      0x00000000   Number         0  usb_prop.o ABSOLUTE
    ..\\src\\usb_pwr.c                       0x00000000   Number         0  usb_pwr.o ABSOLUTE
    ..\firmware\CMSIS\device\startup\startup_n32l40x.s 0x00000000   Number         0  startup_n32l40x.o ABSOLUTE
    ..\firmware\CMSIS\device\system_n32l40x.c 0x00000000   Number         0  system_n32l40x.o ABSOLUTE
    ..\firmware\n32l40x_std_periph_driver\src\misc.c 0x00000000   Number         0  misc.o ABSOLUTE
    ..\firmware\n32l40x_std_periph_driver\src\n32l40x_adc.c 0x00000000   Number         0  n32l40x_adc.o ABSOLUTE
    ..\firmware\n32l40x_std_periph_driver\src\n32l40x_can.c 0x00000000   Number         0  n32l40x_can.o ABSOLUTE
    ..\firmware\n32l40x_std_periph_driver\src\n32l40x_comp.c 0x00000000   Number         0  n32l40x_comp.o ABSOLUTE
    ..\firmware\n32l40x_std_periph_driver\src\n32l40x_crc.c 0x00000000   Number         0  n32l40x_crc.o ABSOLUTE
    ..\firmware\n32l40x_std_periph_driver\src\n32l40x_dac.c 0x00000000   Number         0  n32l40x_dac.o ABSOLUTE
    ..\firmware\n32l40x_std_periph_driver\src\n32l40x_dbg.c 0x00000000   Number         0  n32l40x_dbg.o ABSOLUTE
    ..\firmware\n32l40x_std_periph_driver\src\n32l40x_dma.c 0x00000000   Number         0  n32l40x_dma.o ABSOLUTE
    ..\firmware\n32l40x_std_periph_driver\src\n32l40x_exti.c 0x00000000   Number         0  n32l40x_exti.o ABSOLUTE
    ..\firmware\n32l40x_std_periph_driver\src\n32l40x_flash.c 0x00000000   Number         0  n32l40x_flash.o ABSOLUTE
    ..\firmware\n32l40x_std_periph_driver\src\n32l40x_gpio.c 0x00000000   Number         0  n32l40x_gpio.o ABSOLUTE
    ..\firmware\n32l40x_std_periph_driver\src\n32l40x_i2c.c 0x00000000   Number         0  n32l40x_i2c.o ABSOLUTE
    ..\firmware\n32l40x_std_periph_driver\src\n32l40x_iwdg.c 0x00000000   Number         0  n32l40x_iwdg.o ABSOLUTE
    ..\firmware\n32l40x_std_periph_driver\src\n32l40x_lcd.c 0x00000000   Number         0  n32l40x_lcd.o ABSOLUTE
    ..\firmware\n32l40x_std_periph_driver\src\n32l40x_lptim.c 0x00000000   Number         0  n32l40x_lptim.o ABSOLUTE
    ..\firmware\n32l40x_std_periph_driver\src\n32l40x_lpuart.c 0x00000000   Number         0  n32l40x_lpuart.o ABSOLUTE
    ..\firmware\n32l40x_std_periph_driver\src\n32l40x_opamp.c 0x00000000   Number         0  n32l40x_opamp.o ABSOLUTE
    ..\firmware\n32l40x_std_periph_driver\src\n32l40x_pwr.c 0x00000000   Number         0  n32l40x_pwr.o ABSOLUTE
    ..\firmware\n32l40x_std_periph_driver\src\n32l40x_rcc.c 0x00000000   Number         0  n32l40x_rcc.o ABSOLUTE
    ..\firmware\n32l40x_std_periph_driver\src\n32l40x_rtc.c 0x00000000   Number         0  n32l40x_rtc.o ABSOLUTE
    ..\firmware\n32l40x_std_periph_driver\src\n32l40x_spi.c 0x00000000   Number         0  n32l40x_spi.o ABSOLUTE
    ..\firmware\n32l40x_std_periph_driver\src\n32l40x_tim.c 0x00000000   Number         0  n32l40x_tim.o ABSOLUTE
    ..\firmware\n32l40x_std_periph_driver\src\n32l40x_usart.c 0x00000000   Number         0  n32l40x_usart.o ABSOLUTE
    ..\firmware\n32l40x_std_periph_driver\src\n32l40x_wwdg.c 0x00000000   Number         0  n32l40x_wwdg.o ABSOLUTE
    ..\firmware\n32l40x_usbfs_driver\src\usb_core.c 0x00000000   Number         0  usb_core.o ABSOLUTE
    ..\firmware\n32l40x_usbfs_driver\src\usb_init.c 0x00000000   Number         0  usb_init.o ABSOLUTE
    ..\firmware\n32l40x_usbfs_driver\src\usb_int.c 0x00000000   Number         0  usb_int.o ABSOLUTE
    ..\firmware\n32l40x_usbfs_driver\src\usb_mem.c 0x00000000   Number         0  usb_mem.o ABSOLUTE
    ..\firmware\n32l40x_usbfs_driver\src\usb_regs.c 0x00000000   Number         0  usb_regs.o ABSOLUTE
    ..\firmware\n32l40x_usbfs_driver\src\usb_sil.c 0x00000000   Number         0  usb_sil.o ABSOLUTE
    ..\src\hw_config.c                       0x00000000   Number         0  hw_config.o ABSOLUTE
    ..\src\main.c                            0x00000000   Number         0  main.o ABSOLUTE
    ..\src\n32l40x_it.c                      0x00000000   Number         0  n32l40x_it.o ABSOLUTE
    ..\src\usb_desc.c                        0x00000000   Number         0  usb_desc.o ABSOLUTE
    ..\src\usb_endp.c                        0x00000000   Number         0  usb_endp.o ABSOLUTE
    ..\src\usb_istr.c                        0x00000000   Number         0  usb_istr.o ABSOLUTE
    ..\src\usb_prop.c                        0x00000000   Number         0  usb_prop.o ABSOLUTE
    ..\src\usb_pwr.c                         0x00000000   Number         0  usb_pwr.o ABSOLUTE
    dc.s                                     0x00000000   Number         0  dc.o ABSOLUTE
    handlers.s                               0x00000000   Number         0  handlers.o ABSOLUTE
    init.s                                   0x00000000   Number         0  init.o ABSOLUTE
    RESET                                    0x08000000   Section      328  startup_n32l40x.o(RESET)
    .ARM.Collect$$$$00000000                 0x08000148   Section        0  entry.o(.ARM.Collect$$$$00000000)
    .ARM.Collect$$$$00000001                 0x08000148   Section        4  entry2.o(.ARM.Collect$$$$00000001)
    .ARM.Collect$$$$00000004                 0x0800014c   Section        4  entry5.o(.ARM.Collect$$$$00000004)
    .ARM.Collect$$$$00000008                 0x08000150   Section        0  entry7b.o(.ARM.Collect$$$$00000008)
    .ARM.Collect$$$$0000000A                 0x08000150   Section        0  entry8b.o(.ARM.Collect$$$$0000000A)
    .ARM.Collect$$$$0000000B                 0x08000150   Section        8  entry9a.o(.ARM.Collect$$$$0000000B)
    .ARM.Collect$$$$0000000E                 0x08000158   Section        4  entry12b.o(.ARM.Collect$$$$0000000E)
    .ARM.Collect$$$$0000000F                 0x0800015c   Section        0  entry10a.o(.ARM.Collect$$$$0000000F)
    .ARM.Collect$$$$00000011                 0x0800015c   Section        0  entry11a.o(.ARM.Collect$$$$00000011)
    .ARM.Collect$$$$00002712                 0x0800015c   Section        4  entry2.o(.ARM.Collect$$$$00002712)
    __lit__00000000                          0x0800015c   Data           4  entry2.o(.ARM.Collect$$$$00002712)
    .text                                    0x08000160   Section       36  startup_n32l40x.o(.text)
    $v0                                      0x08000160   Number         0  startup_n32l40x.o(.text)
    .text                                    0x08000184   Section        0  system_n32l40x.o(.text)
    SetSysClock                              0x080001f5   Thumb Code   222  system_n32l40x.o(.text)
    .text                                    0x08000538   Section        0  misc.o(.text)
    .text                                    0x08000840   Section        0  n32l40x_exti.o(.text)
    .text                                    0x08000d04   Section        0  n32l40x_flash.o(.text)
    .text                                    0x08001d70   Section        0  n32l40x_gpio.o(.text)
    .text                                    0x0800304c   Section        0  n32l40x_rcc.o(.text)
    .text                                    0x080049d8   Section        0  n32l40x_usart.o(.text)
    .text                                    0x08005af4   Section        0  main.o(.text)
    .text                                    0x08005b44   Section        0  n32l40x_it.o(.text)
    .text                                    0x08005b98   Section        0  hw_config.o(.text)
    .text                                    0x08005f54   Section        0  usb_endp.o(.text)
    .text                                    0x0800604c   Section        0  usb_istr.o(.text)
    .text                                    0x08006220   Section        0  usb_prop.o(.text)
    .text                                    0x08006460   Section        0  usb_pwr.o(.text)
    .text                                    0x08006820   Section        0  usb_core.o(.text)
    DataStageOut                             0x08006c5f   Thumb Code   166  usb_core.o(.text)
    DataStageIn                              0x08006d05   Thumb Code   166  usb_core.o(.text)
    NoData_Setup0                            0x08006dab   Thumb Code   290  usb_core.o(.text)
    Data_Setup0                              0x08006ecd   Thumb Code   678  usb_core.o(.text)
    .text                                    0x08007370   Section        0  usb_init.o(.text)
    .text                                    0x080073c0   Section        0  usb_int.o(.text)
    .text                                    0x080076fc   Section        0  usb_mem.o(.text)
    .text                                    0x0800776c   Section        0  usb_regs.o(.text)
    .text                                    0x08007f74   Section        0  usb_sil.o(.text)
    .text                                    0x08007ff4   Section       36  init.o(.text)
    .text                                    0x08008018   Section        0  __dczerorl2.o(.text)
    i.__scatterload_copy                     0x0800806e   Section       14  handlers.o(i.__scatterload_copy)
    i.__scatterload_null                     0x0800807c   Section        2  handlers.o(i.__scatterload_null)
    i.__scatterload_zeroinit                 0x0800807e   Section       14  handlers.o(i.__scatterload_zeroinit)
    .constdata                               0x0800808c   Section       44  system_n32l40x.o(.constdata)
    .constdata                               0x080080b8   Section       92  n32l40x_rcc.o(.constdata)
    s_ApbAhbPresTable                        0x080080b8   Data          16  n32l40x_rcc.o(.constdata)
    s_AdcHclkPresTable                       0x080080c8   Data          16  n32l40x_rcc.o(.constdata)
    s_AdcPllClkPresTable                     0x080080d8   Data          32  n32l40x_rcc.o(.constdata)
    s_msiClockTable                          0x080080f8   Data          28  n32l40x_rcc.o(.constdata)
    .constdata                               0x08008114   Section      135  usb_desc.o(.constdata)
    .conststring                             0x0800819c   Section      148  misc.o(.conststring)
    .conststring                             0x08008230   Section       70  n32l40x_usart.o(.conststring)
    .data                                    0x20000000   Section        4  system_n32l40x.o(.data)
    .data                                    0x20000004   Section        8  main.o(.data)
    .data                                    0x2000000c   Section       17  hw_config.o(.data)
    .data                                    0x2000001d   Section       16  usb_desc.o(.data)
    .data                                    0x20000030   Section        4  usb_endp.o(.data)
    FrameCount                               0x20000030   Data           4  usb_endp.o(.data)
    .data                                    0x20000034   Section       68  usb_istr.o(.data)
    .data                                    0x20000078   Section      148  usb_prop.o(.data)
    .data                                    0x2000010c   Section       12  usb_pwr.o(.data)
    .data                                    0x20000118   Section        3  usb_core.o(.data)
    .data                                    0x2000011c   Section       20  usb_init.o(.data)
    .data                                    0x20000130   Section        4  usb_int.o(.data)
    .data                                    0x20000134   Section        8  usb_mem.o(.data)
    .bss                                     0x2000013c   Section     2064  hw_config.o(.bss)
    .bss                                     0x2000094c   Section       64  usb_endp.o(.bss)
    .bss                                     0x2000098c   Section       32  usb_pwr.o(.bss)
    .bss                                     0x200009ac   Section       28  usb_init.o(.bss)
    STACK                                    0x200009c8   Section     5376  startup_n32l40x.o(STACK)

    Global Symbols

    Symbol Name                              Value     Ov Type        Size  Object(Section)

    BuildAttributes$$THM_ISAv4$E$P$D$K$B$S$7EM$VFPi3$EXTD16$VFPS$VFMA$PE$A:L22UL41UL21$X:L11$S22US41US21$IEEE1$IW$USESV6$~STKCKD$USESV7$~SHL$OSPACE$EBA8$MICROLIB$REQ8$PRES8$EABIv2 0x00000000   Number         0  anon$$obj.o ABSOLUTE
    __ARM_use_no_argv                        0x00000000   Number         0  main.o ABSOLUTE
    __arm_fini_                               - Undefined Weak Reference
    __cpp_initialize__aeabi_                  - Undefined Weak Reference
    __cxa_finalize                            - Undefined Weak Reference
    _clock_init                               - Undefined Weak Reference
    _microlib_exit                            - Undefined Weak Reference
    __Vectors_Size                           0x00000148   Number         0  startup_n32l40x.o ABSOLUTE
    __Vectors                                0x08000000   Data           4  startup_n32l40x.o(RESET)
    __Vectors_End                            0x08000148   Data           0  startup_n32l40x.o(RESET)
    __main                                   0x08000149   Thumb Code     0  entry.o(.ARM.Collect$$$$00000000)
    _main_stk                                0x08000149   Thumb Code     0  entry2.o(.ARM.Collect$$$$00000001)
    _main_scatterload                        0x0800014d   Thumb Code     0  entry5.o(.ARM.Collect$$$$00000004)
    __main_after_scatterload                 0x08000151   Thumb Code     0  entry5.o(.ARM.Collect$$$$00000004)
    _main_clock                              0x08000151   Thumb Code     0  entry7b.o(.ARM.Collect$$$$00000008)
    _main_cpp_init                           0x08000151   Thumb Code     0  entry8b.o(.ARM.Collect$$$$0000000A)
    _main_init                               0x08000151   Thumb Code     0  entry9a.o(.ARM.Collect$$$$0000000B)
    __rt_lib_shutdown_fini                   0x08000159   Thumb Code     0  entry12b.o(.ARM.Collect$$$$0000000E)
    __rt_final_cpp                           0x0800015d   Thumb Code     0  entry10a.o(.ARM.Collect$$$$0000000F)
    __rt_final_exit                          0x0800015d   Thumb Code     0  entry11a.o(.ARM.Collect$$$$00000011)
    Reset_Handler                            0x08000161   Thumb Code     8  startup_n32l40x.o(.text)
    PendSV_Handler                           0x08000177   Thumb Code     2  startup_n32l40x.o(.text)
    ADC_IRQHandler                           0x0800017b   Thumb Code     0  startup_n32l40x.o(.text)
    CAN_RX0_IRQHandler                       0x0800017b   Thumb Code     0  startup_n32l40x.o(.text)
    CAN_RX1_IRQHandler                       0x0800017b   Thumb Code     0  startup_n32l40x.o(.text)
    CAN_SCE_IRQHandler                       0x0800017b   Thumb Code     0  startup_n32l40x.o(.text)
    CAN_TX_IRQHandler                        0x0800017b   Thumb Code     0  startup_n32l40x.o(.text)
    COMP_1_2_IRQHandler                      0x0800017b   Thumb Code     0  startup_n32l40x.o(.text)
    DMA_Channel1_IRQHandler                  0x0800017b   Thumb Code     0  startup_n32l40x.o(.text)
    DMA_Channel2_IRQHandler                  0x0800017b   Thumb Code     0  startup_n32l40x.o(.text)
    DMA_Channel3_IRQHandler                  0x0800017b   Thumb Code     0  startup_n32l40x.o(.text)
    DMA_Channel4_IRQHandler                  0x0800017b   Thumb Code     0  startup_n32l40x.o(.text)
    DMA_Channel5_IRQHandler                  0x0800017b   Thumb Code     0  startup_n32l40x.o(.text)
    DMA_Channel6_IRQHandler                  0x0800017b   Thumb Code     0  startup_n32l40x.o(.text)
    DMA_Channel7_IRQHandler                  0x0800017b   Thumb Code     0  startup_n32l40x.o(.text)
    DMA_Channel8_IRQHandler                  0x0800017b   Thumb Code     0  startup_n32l40x.o(.text)
    EXTI0_IRQHandler                         0x0800017b   Thumb Code     0  startup_n32l40x.o(.text)
    EXTI15_10_IRQHandler                     0x0800017b   Thumb Code     0  startup_n32l40x.o(.text)
    EXTI1_IRQHandler                         0x0800017b   Thumb Code     0  startup_n32l40x.o(.text)
    EXTI2_IRQHandler                         0x0800017b   Thumb Code     0  startup_n32l40x.o(.text)
    EXTI3_IRQHandler                         0x0800017b   Thumb Code     0  startup_n32l40x.o(.text)
    EXTI4_IRQHandler                         0x0800017b   Thumb Code     0  startup_n32l40x.o(.text)
    EXTI9_5_IRQHandler                       0x0800017b   Thumb Code     0  startup_n32l40x.o(.text)
    FLASH_IRQHandler                         0x0800017b   Thumb Code     0  startup_n32l40x.o(.text)
    I2C1_ER_IRQHandler                       0x0800017b   Thumb Code     0  startup_n32l40x.o(.text)
    I2C1_EV_IRQHandler                       0x0800017b   Thumb Code     0  startup_n32l40x.o(.text)
    I2C2_ER_IRQHandler                       0x0800017b   Thumb Code     0  startup_n32l40x.o(.text)
    I2C2_EV_IRQHandler                       0x0800017b   Thumb Code     0  startup_n32l40x.o(.text)
    LCD_IRQHandler                           0x0800017b   Thumb Code     0  startup_n32l40x.o(.text)
    LPTIM_WKUP_IRQHandler                    0x0800017b   Thumb Code     0  startup_n32l40x.o(.text)
    LPUART_IRQHandler                        0x0800017b   Thumb Code     0  startup_n32l40x.o(.text)
    LPUART_WKUP_IRQHandler                   0x0800017b   Thumb Code     0  startup_n32l40x.o(.text)
    MMU_IRQHandler                           0x0800017b   Thumb Code     0  startup_n32l40x.o(.text)
    PVD_IRQHandler                           0x0800017b   Thumb Code     0  startup_n32l40x.o(.text)
    RAMC_PERR_IRQHandler                     0x0800017b   Thumb Code     0  startup_n32l40x.o(.text)
    RCC_IRQHandler                           0x0800017b   Thumb Code     0  startup_n32l40x.o(.text)
    RTCAlarm_IRQHandler                      0x0800017b   Thumb Code     0  startup_n32l40x.o(.text)
    RTC_WKUP_IRQHandler                      0x0800017b   Thumb Code     0  startup_n32l40x.o(.text)
    SAC_IRQHandler                           0x0800017b   Thumb Code     0  startup_n32l40x.o(.text)
    SPI1_IRQHandler                          0x0800017b   Thumb Code     0  startup_n32l40x.o(.text)
    SPI2_IRQHandler                          0x0800017b   Thumb Code     0  startup_n32l40x.o(.text)
    TAMPER_IRQHandler                        0x0800017b   Thumb Code     0  startup_n32l40x.o(.text)
    TIM1_BRK_IRQHandler                      0x0800017b   Thumb Code     0  startup_n32l40x.o(.text)
    TIM1_CC_IRQHandler                       0x0800017b   Thumb Code     0  startup_n32l40x.o(.text)
    TIM1_TRG_COM_IRQHandler                  0x0800017b   Thumb Code     0  startup_n32l40x.o(.text)
    TIM1_UP_IRQHandler                       0x0800017b   Thumb Code     0  startup_n32l40x.o(.text)
    TIM2_IRQHandler                          0x0800017b   Thumb Code     0  startup_n32l40x.o(.text)
    TIM3_IRQHandler                          0x0800017b   Thumb Code     0  startup_n32l40x.o(.text)
    TIM4_IRQHandler                          0x0800017b   Thumb Code     0  startup_n32l40x.o(.text)
    TIM5_IRQHandler                          0x0800017b   Thumb Code     0  startup_n32l40x.o(.text)
    TIM6_IRQHandler                          0x0800017b   Thumb Code     0  startup_n32l40x.o(.text)
    TIM7_IRQHandler                          0x0800017b   Thumb Code     0  startup_n32l40x.o(.text)
    TIM8_BRK_IRQHandler                      0x0800017b   Thumb Code     0  startup_n32l40x.o(.text)
    TIM8_CC_IRQHandler                       0x0800017b   Thumb Code     0  startup_n32l40x.o(.text)
    TIM8_TRG_COM_IRQHandler                  0x0800017b   Thumb Code     0  startup_n32l40x.o(.text)
    TIM8_UP_IRQHandler                       0x0800017b   Thumb Code     0  startup_n32l40x.o(.text)
    TIM9_IRQHandler                          0x0800017b   Thumb Code     0  startup_n32l40x.o(.text)
    TSC_IRQHandler                           0x0800017b   Thumb Code     0  startup_n32l40x.o(.text)
    UART4_IRQHandler                         0x0800017b   Thumb Code     0  startup_n32l40x.o(.text)
    UART5_IRQHandler                         0x0800017b   Thumb Code     0  startup_n32l40x.o(.text)
    UCDR_IRQHandler                          0x0800017b   Thumb Code     0  startup_n32l40x.o(.text)
    USART2_IRQHandler                        0x0800017b   Thumb Code     0  startup_n32l40x.o(.text)
    USART3_IRQHandler                        0x0800017b   Thumb Code     0  startup_n32l40x.o(.text)
    USB_HP_IRQHandler                        0x0800017b   Thumb Code     0  startup_n32l40x.o(.text)
    WWDG_IRQHandler                          0x0800017b   Thumb Code     0  startup_n32l40x.o(.text)
    ConfigMRVoltage1V                        0x08000185   Thumb Code   112  system_n32l40x.o(.text)
    SystemInit                               0x080002d3   Thumb Code   200  system_n32l40x.o(.text)
    SystemCoreClockUpdate                    0x0800039b   Thumb Code   236  system_n32l40x.o(.text)
    ConfigMRVoltage1_1V                      0x08000487   Thumb Code   110  system_n32l40x.o(.text)
    NVIC_PriorityGroupConfig                 0x08000539   Thumb Code    56  misc.o(.text)
    NVIC_Init                                0x08000571   Thumb Code   164  misc.o(.text)
    NVIC_SetVectorTable                      0x08000615   Thumb Code    64  misc.o(.text)
    NVIC_SystemLPConfig                      0x08000655   Thumb Code    82  misc.o(.text)
    SysTick_CLKSourceConfig                  0x080006a7   Thumb Code    64  misc.o(.text)
    EXTI_DeInit                              0x08000841   Thumb Code    30  n32l40x_exti.o(.text)
    EXTI_InitPeripheral                      0x0800085f   Thumb Code   244  n32l40x_exti.o(.text)
    EXTI_InitStruct                          0x08000953   Thumb Code    16  n32l40x_exti.o(.text)
    EXTI_TriggerSWInt                        0x08000963   Thumb Code    40  n32l40x_exti.o(.text)
    EXTI_GetStatusFlag                       0x0800098b   Thumb Code   184  n32l40x_exti.o(.text)
    EXTI_ClrStatusFlag                       0x08000a43   Thumb Code    32  n32l40x_exti.o(.text)
    EXTI_GetITStatus                         0x08000a63   Thumb Code   196  n32l40x_exti.o(.text)
    EXTI_ClrITPendBit                        0x08000b27   Thumb Code    34  n32l40x_exti.o(.text)
    EXTI_RTCTimeStampSel                     0x08000b49   Thumb Code   104  n32l40x_exti.o(.text)
    FLASH_SetLatency                         0x08000d05   Thumb Code    46  n32l40x_flash.o(.text)
    FLASH_PrefetchBufSet                     0x08000d33   Thumb Code    44  n32l40x_flash.o(.text)
    FLASH_iCacheRST                          0x08000d5f   Thumb Code    14  n32l40x_flash.o(.text)
    FLASH_iCacheCmd                          0x08000d6d   Thumb Code    44  n32l40x_flash.o(.text)
    FLASH_LowVoltageModeCmd                  0x08000d99   Thumb Code    46  n32l40x_flash.o(.text)
    FLASH_GetLowVoltageModeSTS               0x08000dc7   Thumb Code    20  n32l40x_flash.o(.text)
    FLASH_FLASHSleepModeCmd                  0x08000ddb   Thumb Code    48  n32l40x_flash.o(.text)
    FLASH_GetFLASHSleepModeSTS               0x08000e0b   Thumb Code    20  n32l40x_flash.o(.text)
    FLASH_SetSMPSELStatus                    0x08000e1f   Thumb Code    50  n32l40x_flash.o(.text)
    FLASH_ClockInit                          0x08000e51   Thumb Code    72  n32l40x_flash.o(.text)
    FLASH_Unlock                             0x08000e99   Thumb Code    12  n32l40x_flash.o(.text)
    FLASH_Lock                               0x08000ea5   Thumb Code    14  n32l40x_flash.o(.text)
    FLASH_GetSTS                             0x08000eb3   Thumb Code    76  n32l40x_flash.o(.text)
    FLASH_WaitForLastOpt                     0x08000eff   Thumb Code    38  n32l40x_flash.o(.text)
    FLASH_ClearFlag                          0x08000f25   Thumb Code    38  n32l40x_flash.o(.text)
    FLASH_EraseOnePage                       0x08000f4b   Thumb Code   124  n32l40x_flash.o(.text)
    FLASH_MassErase                          0x08000fc7   Thumb Code    74  n32l40x_flash.o(.text)
    FLASH_GetReadOutProtectionSTS            0x08001011   Thumb Code    20  n32l40x_flash.o(.text)
    FLASH_GetReadOutProtectionL2STS          0x08001025   Thumb Code    20  n32l40x_flash.o(.text)
    FLASH_EraseOB                            0x08001039   Thumb Code   536  n32l40x_flash.o(.text)
    FLASH_ConfigALLOptionByte                0x08001251   Thumb Code   636  n32l40x_flash.o(.text)
    FLASH_ProgramWord                        0x080014cd   Thumb Code   110  n32l40x_flash.o(.text)
    FLASH_ProgramOBData                      0x0800153b   Thumb Code   118  n32l40x_flash.o(.text)
    FLASH_EnWriteProtection                  0x080015b1   Thumb Code   550  n32l40x_flash.o(.text)
    FLASH_ReadOutProtectionL1                0x080017d7   Thumb Code   220  n32l40x_flash.o(.text)
    FLASH_ReadOutProtectionL2_ENABLE         0x080018b3   Thumb Code   216  n32l40x_flash.o(.text)
    FLASH_ConfigUserOB                       0x0800198b   Thumb Code   280  n32l40x_flash.o(.text)
    FLASH_ConfigUserOB2                      0x08001aa3   Thumb Code   428  n32l40x_flash.o(.text)
    FLASH_GetUserOB                          0x08001c4f   Thumb Code     8  n32l40x_flash.o(.text)
    FLASH_GetWriteProtectionOB               0x08001c57   Thumb Code     6  n32l40x_flash.o(.text)
    FLASH_GetPrefetchBufSTS                  0x08001c5d   Thumb Code    20  n32l40x_flash.o(.text)
    FLASH_GetSMPSELStatus                    0x08001c71   Thumb Code    22  n32l40x_flash.o(.text)
    FLASH_INTConfig                          0x08001c87   Thumb Code    80  n32l40x_flash.o(.text)
    FLASH_GetFlagSTS                         0x08001cd7   Thumb Code    90  n32l40x_flash.o(.text)
    GPIO_DeInit                              0x08001d71   Thumb Code   490  n32l40x_gpio.o(.text)
    GPIO_AFIOInitDefault                     0x08001f5b   Thumb Code    20  n32l40x_gpio.o(.text)
    GPIO_InitPeripheral                      0x08001f6f   Thumb Code  1486  n32l40x_gpio.o(.text)
    GPIO_InitStruct                          0x0800253d   Thumb Code    24  n32l40x_gpio.o(.text)
    GPIO_ReadInputDataBit                    0x08002555   Thumb Code   162  n32l40x_gpio.o(.text)
    GPIO_ReadInputData                       0x080025f7   Thumb Code    52  n32l40x_gpio.o(.text)
    GPIO_ReadOutputDataBit                   0x0800262b   Thumb Code   162  n32l40x_gpio.o(.text)
    GPIO_ReadOutputData                      0x080026cd   Thumb Code    52  n32l40x_gpio.o(.text)
    GPIO_SetBits                             0x08002701   Thumb Code   232  n32l40x_gpio.o(.text)
    GPIO_SetBitsHigh16                       0x080027e9   Thumb Code    52  n32l40x_gpio.o(.text)
    GPIO_ResetBits                           0x0800281d   Thumb Code    76  n32l40x_gpio.o(.text)
    GPIO_WriteBit                            0x08002869   Thumb Code   180  n32l40x_gpio.o(.text)
    GPIO_Write                               0x0800291d   Thumb Code    52  n32l40x_gpio.o(.text)
    GPIO_ConfigPinLock                       0x08002951   Thumb Code    90  n32l40x_gpio.o(.text)
    GPIO_ConfigPinRemap                      0x080029ab   Thumb Code   496  n32l40x_gpio.o(.text)
    GPIO_ConfigEventOutput                   0x08002b9b   Thumb Code   402  n32l40x_gpio.o(.text)
    GPIO_CtrlEventOutput                     0x08002d2d   Thumb Code    32  n32l40x_gpio.o(.text)
    GPIO_ConfigEXTILine                      0x08002d4d   Thumb Code   172  n32l40x_gpio.o(.text)
    AFIO_ConfigSPINSSMode                    0x08002df9   Thumb Code    80  n32l40x_gpio.o(.text)
    AFIO_ConfigADCExternalTrigRemap          0x08002e49   Thumb Code   274  n32l40x_gpio.o(.text)
    RCC_DeInit                               0x0800304d   Thumb Code    80  n32l40x_rcc.o(.text)
    RCC_ConfigHse                            0x0800309d   Thumb Code   102  n32l40x_rcc.o(.text)
    RCC_GetFlagStatus                        0x08003103   Thumb Code   144  n32l40x_rcc.o(.text)
    RCC_WaitHseStable                        0x08003193   Thumb Code    56  n32l40x_rcc.o(.text)
    RCC_ConfigHsi                            0x080031cb   Thumb Code    58  n32l40x_rcc.o(.text)
    RCC_WaitHsiStable                        0x08003205   Thumb Code    56  n32l40x_rcc.o(.text)
    RCC_SetHsiCalibValue                     0x0800323d   Thumb Code    40  n32l40x_rcc.o(.text)
    RCC_EnableHsi                            0x08003265   Thumb Code    30  n32l40x_rcc.o(.text)
    RCC_ConfigMsi                            0x08003283   Thumb Code   124  n32l40x_rcc.o(.text)
    RCC_WaitMsiStable                        0x080032ff   Thumb Code    56  n32l40x_rcc.o(.text)
    RCC_SetMsiCalibValue                     0x08003337   Thumb Code    20  n32l40x_rcc.o(.text)
    RCC_EnableMsi                            0x0800334b   Thumb Code    30  n32l40x_rcc.o(.text)
    RCC_ConfigPll                            0x08003369   Thumb Code   670  n32l40x_rcc.o(.text)
    RCC_EnablePll                            0x08003607   Thumb Code    34  n32l40x_rcc.o(.text)
    RCC_ConfigSysclk                         0x08003629   Thumb Code    50  n32l40x_rcc.o(.text)
    RCC_GetSysclkSrc                         0x0800365b   Thumb Code    10  n32l40x_rcc.o(.text)
    RCC_ConfigHclk                           0x08003665   Thumb Code    70  n32l40x_rcc.o(.text)
    RCC_ConfigPclk1                          0x080036ab   Thumb Code    62  n32l40x_rcc.o(.text)
    RCC_ConfigPclk2                          0x080036e9   Thumb Code    64  n32l40x_rcc.o(.text)
    RCC_ConfigInt                            0x08003729   Thumb Code   104  n32l40x_rcc.o(.text)
    RCC_ConfigUsbClk                         0x08003791   Thumb Code    50  n32l40x_rcc.o(.text)
    RCC_ConfigTim18Clk                       0x080037c3   Thumb Code    44  n32l40x_rcc.o(.text)
    RCC_ConfigRngcClk                        0x080037ef   Thumb Code   228  n32l40x_rcc.o(.text)
    RCC_ConfigAdc1mClk                       0x080038d3   Thumb Code   622  n32l40x_rcc.o(.text)
    RCC_ConfigAdcPllClk                      0x08003b41   Thumb Code   156  n32l40x_rcc.o(.text)
    RCC_ConfigAdcHclk                        0x08003bdd   Thumb Code    76  n32l40x_rcc.o(.text)
    RCC_ConfigTrng1mClk                      0x08003c29   Thumb Code   254  n32l40x_rcc.o(.text)
    RCC_EnableTrng1mClk                      0x08003d27   Thumb Code    58  n32l40x_rcc.o(.text)
    RCC_ConfigUCDRClk                        0x08003d61   Thumb Code    96  n32l40x_rcc.o(.text)
    RCC_ConfigUSBXTALESSMode                 0x08003dc1   Thumb Code    50  n32l40x_rcc.o(.text)
    RCC_EnableRETPeriphClk                   0x08003df3   Thumb Code    80  n32l40x_rcc.o(.text)
    RCC_EnableRETPeriphReset                 0x08003e43   Thumb Code    84  n32l40x_rcc.o(.text)
    RCC_EnableAPB1PeriphClk                  0x08003e97   Thumb Code   458  n32l40x_rcc.o(.text)
    RCC_ConfigLPTIMClk                       0x08004061   Thumb Code    84  n32l40x_rcc.o(.text)
    RCC_GetLPTIMClkSrc                       0x080040b5   Thumb Code    10  n32l40x_rcc.o(.text)
    RCC_ConfigLPUARTClk                      0x080040bf   Thumb Code    48  n32l40x_rcc.o(.text)
    RCC_GetLPUARTClkSrc                      0x080040ef   Thumb Code    10  n32l40x_rcc.o(.text)
    RCC_ConfigSRAMParityErrorInt             0x080040f9   Thumb Code    80  n32l40x_rcc.o(.text)
    RCC_ConfigSRAMParityErrorRESET           0x08004149   Thumb Code    80  n32l40x_rcc.o(.text)
    RCC_ClrSRAMParityErrorFlag               0x08004199   Thumb Code    40  n32l40x_rcc.o(.text)
    LSE_XtalConfig                           0x080041c1   Thumb Code    34  n32l40x_rcc.o(.text)
    RCC_ConfigLse                            0x080041e3   Thumb Code   132  n32l40x_rcc.o(.text)
    RCC_EnableLsi                            0x08004267   Thumb Code    34  n32l40x_rcc.o(.text)
    RCC_ConfigRtcClk                         0x08004289   Thumb Code    54  n32l40x_rcc.o(.text)
    RCC_GetRTCClkSrc                         0x080042bf   Thumb Code    10  n32l40x_rcc.o(.text)
    RCC_EnableRtcClk                         0x080042c9   Thumb Code    36  n32l40x_rcc.o(.text)
    RCC_ConfigLSXClk                         0x080042ed   Thumb Code    48  n32l40x_rcc.o(.text)
    RCC_GetLSXClkSrc                         0x0800431d   Thumb Code    10  n32l40x_rcc.o(.text)
    RCC_GetClocksFreqValue                   0x08004327   Thumb Code   634  n32l40x_rcc.o(.text)
    RCC_EnableAHBPeriphClk                   0x080045a1   Thumb Code    80  n32l40x_rcc.o(.text)
    RCC_EnableAPB2PeriphClk                  0x080045f1   Thumb Code    76  n32l40x_rcc.o(.text)
    RCC_EnableAHBPeriphReset                 0x0800463d   Thumb Code    80  n32l40x_rcc.o(.text)
    RCC_EnableAPB2PeriphReset                0x0800468d   Thumb Code    76  n32l40x_rcc.o(.text)
    RCC_EnableAPB1PeriphReset                0x080046d9   Thumb Code    78  n32l40x_rcc.o(.text)
    RCC_EnableLowPowerReset                  0x08004727   Thumb Code    32  n32l40x_rcc.o(.text)
    RCC_EnableClockSecuritySystem            0x08004747   Thumb Code    32  n32l40x_rcc.o(.text)
    RCC_EnableLSEClockSecuritySystem         0x08004767   Thumb Code    34  n32l40x_rcc.o(.text)
    RCC_GetLSEClockSecuritySystemStatus      0x08004789   Thumb Code    20  n32l40x_rcc.o(.text)
    RCC_ConfigMcoClkPre                      0x0800479d   Thumb Code   126  n32l40x_rcc.o(.text)
    RCC_ConfigMco                            0x0800481b   Thumb Code    66  n32l40x_rcc.o(.text)
    RCC_ClrFlag                              0x0800485d   Thumb Code    24  n32l40x_rcc.o(.text)
    RCC_GetIntStatus                         0x08004875   Thumb Code    70  n32l40x_rcc.o(.text)
    RCC_ClrIntPendingBit                     0x080048bb   Thumb Code    78  n32l40x_rcc.o(.text)
    USART_DeInit                             0x080049d9   Thumb Code   176  n32l40x_usart.o(.text)
    USART_Init                               0x08004a89   Thumb Code   444  n32l40x_usart.o(.text)
    USART_StructInit                         0x08004c45   Thumb Code    24  n32l40x_usart.o(.text)
    USART_ClockInit                          0x08004c5d   Thumb Code   172  n32l40x_usart.o(.text)
    USART_ClockStructInit                    0x08004d09   Thumb Code    12  n32l40x_usart.o(.text)
    USART_Enable                             0x08004d15   Thumb Code    94  n32l40x_usart.o(.text)
    USART_ConfigInt                          0x08004d73   Thumb Code   868  n32l40x_usart.o(.text)
    USART_EnableDMA                          0x080050d7   Thumb Code   124  n32l40x_usart.o(.text)
    USART_SetAddr                            0x08005153   Thumb Code    92  n32l40x_usart.o(.text)
    USART_ConfigWakeUpMode                   0x080051af   Thumb Code    96  n32l40x_usart.o(.text)
    USART_EnableRcvWakeUp                    0x0800520f   Thumb Code   102  n32l40x_usart.o(.text)
    USART_ConfigLINBreakDetectLength         0x08005275   Thumb Code    94  n32l40x_usart.o(.text)
    USART_EnableLIN                          0x080052d3   Thumb Code   102  n32l40x_usart.o(.text)
    USART_SendData                           0x08005339   Thumb Code    84  n32l40x_usart.o(.text)
    USART_ReceiveData                        0x0800538d   Thumb Code    60  n32l40x_usart.o(.text)
    USART_SendBreak                          0x080053c9   Thumb Code    62  n32l40x_usart.o(.text)
    USART_SetGuardTime                       0x08005407   Thumb Code   290  n32l40x_usart.o(.text)
    USART_SetPrescaler                       0x08005529   Thumb Code    70  n32l40x_usart.o(.text)
    USART_EnableSmartCard                    0x0800556f   Thumb Code    90  n32l40x_usart.o(.text)
    USART_SetSmartCardNACK                   0x080055c9   Thumb Code    90  n32l40x_usart.o(.text)
    USART_EnableHalfDuplex                   0x08005623   Thumb Code   102  n32l40x_usart.o(.text)
    USART_ConfigIrDAMode                     0x08005689   Thumb Code    94  n32l40x_usart.o(.text)
    USART_EnableIrDA                         0x080056e7   Thumb Code   102  n32l40x_usart.o(.text)
    USART_GetFlagStatus                      0x0800574d   Thumb Code   174  n32l40x_usart.o(.text)
    USART_ClrFlag                            0x080057fb   Thumb Code   132  n32l40x_usart.o(.text)
    USART_GetIntStatus                       0x0800587f   Thumb Code   414  n32l40x_usart.o(.text)
    USART_ClrIntPendingBit                   0x08005a1d   Thumb Code   168  n32l40x_usart.o(.text)
    main                                     0x08005af5   Thumb Code    36  main.o(.text)
    Delay                                    0x08005b19   Thumb Code    24  main.o(.text)
    assert_failed                            0x08005b31   Thumb Code     4  main.o(.text)
    NMI_Handler                              0x08005b45   Thumb Code     2  n32l40x_it.o(.text)
    HardFault_Handler                        0x08005b47   Thumb Code     4  n32l40x_it.o(.text)
    MemManage_Handler                        0x08005b4b   Thumb Code     4  n32l40x_it.o(.text)
    BusFault_Handler                         0x08005b4f   Thumb Code     4  n32l40x_it.o(.text)
    UsageFault_Handler                       0x08005b53   Thumb Code     4  n32l40x_it.o(.text)
    SVC_Handler                              0x08005b57   Thumb Code     2  n32l40x_it.o(.text)
    DebugMon_Handler                         0x08005b59   Thumb Code     2  n32l40x_it.o(.text)
    SysTick_Handler                          0x08005b5b   Thumb Code     2  n32l40x_it.o(.text)
    DMA_IRQ_HANDLER                          0x08005b5d   Thumb Code     2  n32l40x_it.o(.text)
    USB_LP_IRQHandler                        0x08005b5f   Thumb Code     8  n32l40x_it.o(.text)
    USBWakeUp_IRQHandler                     0x08005b67   Thumb Code    12  n32l40x_it.o(.text)
    USART1_IRQHandler                        0x08005b73   Thumb Code    34  n32l40x_it.o(.text)
    Set_USBClock                             0x08005b99   Thumb Code    30  hw_config.o(.text)
    Enter_LowPowerMode                       0x08005bb7   Thumb Code     8  hw_config.o(.text)
    Leave_LowPowerMode                       0x08005bbf   Thumb Code    22  hw_config.o(.text)
    USART_COM_Init                           0x08005bd5   Thumb Code   140  hw_config.o(.text)
    USB_Interrupts_Config                    0x08005c61   Thumb Code   110  hw_config.o(.text)
    USART_Config_Default                     0x08005ccf   Thumb Code    38  hw_config.o(.text)
    USART_Config                             0x08005cf5   Thumb Code   198  hw_config.o(.text)
    USB_To_USART_Send_Data                   0x08005dbb   Thumb Code    40  hw_config.o(.text)
    Handle_USBAsynchXfer                     0x08005de3   Thumb Code   210  hw_config.o(.text)
    USART_To_USB_Send_Data                   0x08005eb5   Thumb Code    78  hw_config.o(.text)
    USB_Config                               0x08005f03   Thumb Code    32  hw_config.o(.text)
    EP1_IN_Callback                          0x08005f55   Thumb Code   152  usb_endp.o(.text)
    EP3_OUT_Callback                         0x08005fed   Thumb Code    28  usb_endp.o(.text)
    SOF_Callback                             0x08006009   Thumb Code    38  usb_endp.o(.text)
    USB_Istr                                 0x0800604d   Thumb Code   432  usb_istr.o(.text)
    Virtual_Com_Port_init                    0x08006221   Thumb Code    30  usb_prop.o(.text)
    Virtual_Com_Port_Reset                   0x0800623f   Thumb Code   216  usb_prop.o(.text)
    Virtual_Com_Port_SetConfiguration        0x08006317   Thumb Code    14  usb_prop.o(.text)
    Virtual_Com_Port_SetDeviceAddress        0x08006325   Thumb Code     8  usb_prop.o(.text)
    Virtual_Com_Port_Status_In               0x0800632d   Thumb Code    22  usb_prop.o(.text)
    Virtual_Com_Port_Status_Out              0x08006343   Thumb Code     2  usb_prop.o(.text)
    Virtual_Com_Port_SetLineCoding           0x08006345   Thumb Code    20  usb_prop.o(.text)
    Virtual_Com_Port_GetLineCoding           0x08006359   Thumb Code    20  usb_prop.o(.text)
    Virtual_Com_Port_Data_Setup              0x0800636d   Thumb Code    86  usb_prop.o(.text)
    Virtual_Com_Port_NoData_Setup            0x080063c3   Thumb Code    36  usb_prop.o(.text)
    Virtual_Com_Port_GetDeviceDescriptor     0x080063e7   Thumb Code    14  usb_prop.o(.text)
    Virtual_Com_Port_GetConfigDescriptor     0x080063f5   Thumb Code    14  usb_prop.o(.text)
    Virtual_Com_Port_GetStringDescriptor     0x08006403   Thumb Code    32  usb_prop.o(.text)
    Virtual_Com_Port_Get_Interface_Setting   0x08006423   Thumb Code    22  usb_prop.o(.text)
    PowerOn                                  0x08006461   Thumb Code    46  usb_pwr.o(.text)
    PowerOff                                 0x0800648f   Thumb Code    22  usb_pwr.o(.text)
    SetSysClock_MSI                          0x080064a5   Thumb Code    68  usb_pwr.o(.text)
    SetSysClockToPLL                         0x080064e9   Thumb Code   422  usb_pwr.o(.text)
    Suspend                                  0x0800668f   Thumb Code   134  usb_pwr.o(.text)
    Resume_Init                              0x08006715   Thumb Code    24  usb_pwr.o(.text)
    Resume                                   0x0800672d   Thumb Code   194  usb_pwr.o(.text)
    Standard_GetConfiguration                0x08006821   Thumb Code    34  usb_core.o(.text)
    Standard_SetConfiguration                0x08006843   Thumb Code    60  usb_core.o(.text)
    Standard_GetInterface                    0x0800687f   Thumb Code    34  usb_core.o(.text)
    Standard_SetInterface                    0x080068a1   Thumb Code    96  usb_core.o(.text)
    Standard_GetStatus                       0x08006901   Thumb Code   238  usb_core.o(.text)
    Standard_ClearFeature                    0x080069ef   Thumb Code   342  usb_core.o(.text)
    Standard_SetEndPointFeature              0x08006b45   Thumb Code   220  usb_core.o(.text)
    Standard_SetDeviceFeature                0x08006c21   Thumb Code    30  usb_core.o(.text)
    Standard_GetDescriptorData               0x08006c3f   Thumb Code    32  usb_core.o(.text)
    USB_ProcessPost0                         0x08007173   Thumb Code    54  usb_core.o(.text)
    USB_ProcessSetup0                        0x080071a9   Thumb Code   170  usb_core.o(.text)
    USB_SetDeviceAddress                     0x08007253   Thumb Code    70  usb_core.o(.text)
    USB_ProcessIn0                           0x08007299   Thumb Code    98  usb_core.o(.text)
    USB_ProcessOut0                          0x080072fb   Thumb Code    70  usb_core.o(.text)
    USB_ProcessNop                           0x08007341   Thumb Code     2  usb_core.o(.text)
    USB_Init                                 0x08007371   Thumb Code    52  usb_init.o(.text)
    USB_CorrectTransferLp                    0x080073c1   Thumb Code   616  usb_int.o(.text)
    USB_CorrectTransferHp                    0x08007629   Thumb Code   178  usb_int.o(.text)
    USB_CopyUserToPMABuf                     0x080076fd   Thumb Code    60  usb_mem.o(.text)
    USB_CopyPMAToUserBuf                     0x08007739   Thumb Code    38  usb_mem.o(.text)
    USB_SetCtrl                              0x0800776d   Thumb Code     6  usb_regs.o(.text)
    USB_GetCtrl                              0x08007773   Thumb Code     8  usb_regs.o(.text)
    USB_SetSts                               0x0800777b   Thumb Code     8  usb_regs.o(.text)
    USB_GetSts                               0x08007783   Thumb Code    10  usb_regs.o(.text)
    USB_GetFn                                0x0800778d   Thumb Code    10  usb_regs.o(.text)
    USB_SetAddr                              0x08007797   Thumb Code     8  usb_regs.o(.text)
    USB_GetAddr                              0x0800779f   Thumb Code    10  usb_regs.o(.text)
    USB_SetBuftab                            0x080077a9   Thumb Code    14  usb_regs.o(.text)
    USB_GetBTABLE                            0x080077b7   Thumb Code    10  usb_regs.o(.text)
    USB_SetEndPoint                          0x080077c1   Thumb Code    12  usb_regs.o(.text)
    USB_GetEndPoint                          0x080077cd   Thumb Code    16  usb_regs.o(.text)
    USB_SetEpType                            0x080077dd   Thumb Code    32  usb_regs.o(.text)
    USB_GetEpType                            0x080077fd   Thumb Code    18  usb_regs.o(.text)
    SetEPTxStatus                            0x0800780f   Thumb Code    60  usb_regs.o(.text)
    SetEPRxStatus                            0x0800784b   Thumb Code    60  usb_regs.o(.text)
    USB_SetDouBleBuferEpStall                0x08007887   Thumb Code    54  usb_regs.o(.text)
    USB_GetEpTxSts                           0x080078bd   Thumb Code    18  usb_regs.o(.text)
    USB_GetEpRxSts                           0x080078cf   Thumb Code    18  usb_regs.o(.text)
    USB_SetEpTxValid                         0x080078e1   Thumb Code    48  usb_regs.o(.text)
    USB_SetEpRxValid                         0x08007911   Thumb Code    48  usb_regs.o(.text)
    USB_SetEpKind                            0x08007941   Thumb Code    38  usb_regs.o(.text)
    USB_ClrEpKind                            0x08007967   Thumb Code    34  usb_regs.o(.text)
    USB_ClrStsOut                            0x08007989   Thumb Code    34  usb_regs.o(.text)
    USB_SetStsOut                            0x080079ab   Thumb Code    38  usb_regs.o(.text)
    USB_SetEpDoubleBufer                     0x080079d1   Thumb Code    38  usb_regs.o(.text)
    USB_ClrEpDoubleBufer                     0x080079f7   Thumb Code    34  usb_regs.o(.text)
    USB_GetTxStallSts                        0x08007a19   Thumb Code    28  usb_regs.o(.text)
    USB_GetRxStallSts                        0x08007a35   Thumb Code    30  usb_regs.o(.text)
    USB_ClrEpCtrsRx                          0x08007a53   Thumb Code    32  usb_regs.o(.text)
    USB_ClrEpCtrsTx                          0x08007a73   Thumb Code    28  usb_regs.o(.text)
    USB_DattogRx                             0x08007a8f   Thumb Code    34  usb_regs.o(.text)
    USB_DattogTx                             0x08007ab1   Thumb Code    34  usb_regs.o(.text)
    USB_ClrDattogRx                          0x08007ad3   Thumb Code    48  usb_regs.o(.text)
    USB_ClrDattogTx                          0x08007b03   Thumb Code    48  usb_regs.o(.text)
    USB_SetEpAddress                         0x08007b33   Thumb Code    46  usb_regs.o(.text)
    USB_GetEpAddress                         0x08007b61   Thumb Code    18  usb_regs.o(.text)
    USB_SetEpTxAddr                          0x08007b73   Thumb Code    24  usb_regs.o(.text)
    USB_SetEpRxAddr                          0x08007b8b   Thumb Code    26  usb_regs.o(.text)
    USB_GetEpTxAddr                          0x08007ba5   Thumb Code    22  usb_regs.o(.text)
    USB_GetEpRxAddr                          0x08007bbb   Thumb Code    24  usb_regs.o(.text)
    USB_SetEpTxCnt                           0x08007bd3   Thumb Code    20  usb_regs.o(.text)
    USB_SetEpCntRxReg                        0x08007be7   Thumb Code    48  usb_regs.o(.text)
    USB_SetEpRxCnt                           0x08007c17   Thumb Code    68  usb_regs.o(.text)
    USB_GetEpTxCnt                           0x08007c5b   Thumb Code    26  usb_regs.o(.text)
    USB_GetEpRxCnt                           0x08007c75   Thumb Code    26  usb_regs.o(.text)
    USB_SetEpDblBuferAddr                    0x08007c8f   Thumb Code    44  usb_regs.o(.text)
    USB_SetEpDblBuf0Addr                     0x08007cbb   Thumb Code    24  usb_regs.o(.text)
    USB_SetEpDblBuf1Addr                     0x08007cd3   Thumb Code    26  usb_regs.o(.text)
    USB_GetEpDblBuf0Addr                     0x08007ced   Thumb Code    22  usb_regs.o(.text)
    USB_GetEpDblBuf1Addr                     0x08007d03   Thumb Code    24  usb_regs.o(.text)
    USB_SetEpDblBuferCnt                     0x08007d1b   Thumb Code   186  usb_regs.o(.text)
    USB_SetEpDblBuf0Cnt                      0x08007dd5   Thumb Code    96  usb_regs.o(.text)
    USB_SetEpDblBuf1Cnt                      0x08007e35   Thumb Code    96  usb_regs.o(.text)
    USB_GetEpDblBuf0Cnt                      0x08007e95   Thumb Code    26  usb_regs.o(.text)
    USB_GetEpDblBuf1Cnt                      0x08007eaf   Thumb Code    26  usb_regs.o(.text)
    GetEPDblBufDir                           0x08007ec9   Thumb Code    62  usb_regs.o(.text)
    USB_FreeUserBuf                          0x08007f07   Thumb Code    90  usb_regs.o(.text)
    USB_ToWord                               0x08007f61   Thumb Code     8  usb_regs.o(.text)
    USB_ByteSwap                             0x08007f69   Thumb Code    12  usb_regs.o(.text)
    USB_SilInit                              0x08007f75   Thumb Code    28  usb_sil.o(.text)
    USB_SilWrite                             0x08007f91   Thumb Code    46  usb_sil.o(.text)
    USB_SilRead                              0x08007fbf   Thumb Code    46  usb_sil.o(.text)
    __scatterload                            0x08007ff5   Thumb Code    28  init.o(.text)
    __scatterload_rt2                        0x08007ff5   Thumb Code     0  init.o(.text)
    __decompress                             0x08008019   Thumb Code     0  __dczerorl2.o(.text)
    __decompress1                            0x08008019   Thumb Code    86  __dczerorl2.o(.text)
    __scatterload_copy                       0x0800806f   Thumb Code    14  handlers.o(i.__scatterload_copy)
    __scatterload_null                       0x0800807d   Thumb Code     2  handlers.o(i.__scatterload_null)
    __scatterload_zeroinit                   0x0800807f   Thumb Code    14  handlers.o(i.__scatterload_zeroinit)
    AHBPrescTable                            0x0800808c   Data          16  system_n32l40x.o(.constdata)
    MSIClockTable                            0x0800809c   Data          28  system_n32l40x.o(.constdata)
    Virtual_Com_Port_DeviceDescriptor        0x08008114   Data          18  usb_desc.o(.constdata)
    Virtual_Com_Port_ConfigDescriptor        0x08008126   Data          67  usb_desc.o(.constdata)
    Virtual_Com_Port_StringLangID            0x08008169   Data           4  usb_desc.o(.constdata)
    Virtual_Com_Port_StringVendor            0x0800816d   Data          16  usb_desc.o(.constdata)
    Virtual_Com_Port_StringProduct           0x0800817d   Data          30  usb_desc.o(.constdata)
    Region$$Table$$Base                      0x08008278   Number         0  anon$$obj.o(Region$$Table)
    Region$$Table$$Limit                     0x08008298   Number         0  anon$$obj.o(Region$$Table)
    SystemCoreClock                          0x20000000   Data           4  system_n32l40x.o(.data)
    TimingDelay                              0x20000004   Data           4  main.o(.data)
    system_clock                             0x20000008   Data           4  main.o(.data)
    HSEStartUpStatus                         0x2000000c   Data           1  hw_config.o(.data)
    USART_Rx_ptr_in                          0x20000010   Data           4  hw_config.o(.data)
    USART_Rx_ptr_out                         0x20000014   Data           4  hw_config.o(.data)
    USART_Rx_length                          0x20000018   Data           4  hw_config.o(.data)
    USB_Tx_State                             0x2000001c   Data           1  hw_config.o(.data)
    Virtual_Com_Port_StringSerial            0x2000001d   Data          16  usb_desc.o(.data)
    wIstr                                    0x20000034   Data           2  usb_istr.o(.data)
    bIntPackSOF                              0x20000036   Data           1  usb_istr.o(.data)
    esof_counter                             0x20000038   Data           4  usb_istr.o(.data)
    wCNTR                                    0x2000003c   Data           4  usb_istr.o(.data)
    pEpInt_IN                                0x20000040   Data          28  usb_istr.o(.data)
    pEpInt_OUT                               0x2000005c   Data          28  usb_istr.o(.data)
    Request                                  0x20000078   Data           1  usb_prop.o(.data)
    linecoding                               0x2000007c   Data           8  usb_prop.o(.data)
    Device_Table                             0x20000084   Data           2  usb_prop.o(.data)
    Device_Property                          0x20000088   Data          48  usb_prop.o(.data)
    User_Standard_Requests                   0x200000b8   Data          36  usb_prop.o(.data)
    Device_Descriptor                        0x200000dc   Data           8  usb_prop.o(.data)
    Config_Descriptor                        0x200000e4   Data           8  usb_prop.o(.data)
    String_Descriptor                        0x200000ec   Data          32  usb_prop.o(.data)
    bDeviceState                             0x2000010c   Data           4  usb_pwr.o(.data)
    fSuspendEnabled                          0x20000110   Data           1  usb_pwr.o(.data)
    ResumeS                                  0x20000111   Data           2  usb_pwr.o(.data)
    remotewakeupon                           0x20000114   Data           4  usb_pwr.o(.data)
    StatusInfo                               0x20000118   Data           2  usb_core.o(.data)
    Data_Mul_MaxPacketSize                   0x2000011a   Data           1  usb_core.o(.data)
    EPindex                                  0x2000011c   Data           1  usb_init.o(.data)
    pInformation                             0x20000120   Data           4  usb_init.o(.data)
    pProperty                                0x20000124   Data           4  usb_init.o(.data)
    SaveState                                0x20000128   Data           2  usb_init.o(.data)
    wInterrupt_Mask                          0x2000012a   Data           2  usb_init.o(.data)
    pUser_Standard_Requests                  0x2000012c   Data           4  usb_init.o(.data)
    SaveRState                               0x20000130   Data           2  usb_int.o(.data)
    SaveTState                               0x20000132   Data           2  usb_int.o(.data)
    EpOutDataPtrTmp                          0x20000134   Data           4  usb_mem.o(.data)
    EpInDataPtrTmp                           0x20000138   Data           4  usb_mem.o(.data)
    USART_InitStructure                      0x2000013c   Data          16  hw_config.o(.bss)
    USART_Rx_Buffer                          0x2000014c   Data        2048  hw_config.o(.bss)
    USB_Rx_Buffer                            0x2000094c   Data          64  usb_endp.o(.bss)
    EP                                       0x2000098c   Data          32  usb_pwr.o(.bss)
    Device_Info                              0x200009ac   Data          28  usb_init.o(.bss)
    __initial_sp                             0x20001ec8   Data           0  startup_n32l40x.o(STACK)



==============================================================================

Memory Map of the image

  Image Entry point : 0x08000149

  Load Region LR_IROM1 (Base: 0x08000000, Size: 0x000083d4, Max: 0x00020000, ABSOLUTE, COMPRESSED[0x00008318])

    Execution Region ER_IROM1 (Exec base: 0x08000000, Load base: 0x08000000, Size: 0x00008298, Max: 0x00020000, ABSOLUTE)

    Exec Addr    Load Addr    Size         Type   Attr      Idx    E Section Name        Object

    0x08000000   0x08000000   0x00000148   Data   RO            3    RESET               startup_n32l40x.o
    0x08000148   0x08000148   0x00000000   Code   RO         1192  * .ARM.Collect$$$$00000000  mc_w.l(entry.o)
    0x08000148   0x08000148   0x00000004   Code   RO         1195    .ARM.Collect$$$$00000001  mc_w.l(entry2.o)
    0x0800014c   0x0800014c   0x00000004   Code   RO         1198    .ARM.Collect$$$$00000004  mc_w.l(entry5.o)
    0x08000150   0x08000150   0x00000000   Code   RO         1200    .ARM.Collect$$$$00000008  mc_w.l(entry7b.o)
    0x08000150   0x08000150   0x00000000   Code   RO         1202    .ARM.Collect$$$$0000000A  mc_w.l(entry8b.o)
    0x08000150   0x08000150   0x00000008   Code   RO         1203    .ARM.Collect$$$$0000000B  mc_w.l(entry9a.o)
    0x08000158   0x08000158   0x00000004   Code   RO         1210    .ARM.Collect$$$$0000000E  mc_w.l(entry12b.o)
    0x0800015c   0x0800015c   0x00000000   Code   RO         1205    .ARM.Collect$$$$0000000F  mc_w.l(entry10a.o)
    0x0800015c   0x0800015c   0x00000000   Code   RO         1207    .ARM.Collect$$$$00000011  mc_w.l(entry11a.o)
    0x0800015c   0x0800015c   0x00000004   Code   RO         1196    .ARM.Collect$$$$00002712  mc_w.l(entry2.o)
    0x08000160   0x08000160   0x00000024   Code   RO            4    .text               startup_n32l40x.o
    0x08000184   0x08000184   0x000003b4   Code   RO           13    .text               system_n32l40x.o
    0x08000538   0x08000538   0x00000308   Code   RO          142    .text               misc.o
    0x08000840   0x08000840   0x000004c4   Code   RO          342    .text               n32l40x_exti.o
    0x08000d04   0x08000d04   0x0000106c   Code   RO          366    .text               n32l40x_flash.o
    0x08001d70   0x08001d70   0x000012dc   Code   RO          390    .text               n32l40x_gpio.o
    0x0800304c   0x0800304c   0x0000198c   Code   RO          586    .text               n32l40x_rcc.o
    0x080049d8   0x080049d8   0x0000111c   Code   RO          685    .text               n32l40x_usart.o
    0x08005af4   0x08005af4   0x00000050   Code   RO          734    .text               main.o
    0x08005b44   0x08005b44   0x00000054   Code   RO          801    .text               n32l40x_it.o
    0x08005b98   0x08005b98   0x000003bc   Code   RO          835    .text               hw_config.o
    0x08005f54   0x08005f54   0x000000f8   Code   RO          896    .text               usb_endp.o
    0x0800604c   0x0800604c   0x000001d4   Code   RO          925    .text               usb_istr.o
    0x08006220   0x08006220   0x00000240   Code   RO          955    .text               usb_prop.o
    0x08006460   0x08006460   0x000003c0   Code   RO          990    .text               usb_pwr.o
    0x08006820   0x08006820   0x00000b50   Code   RO         1022    .text               usb_core.o
    0x08007370   0x08007370   0x00000050   Code   RO         1049    .text               usb_init.o
    0x080073c0   0x080073c0   0x0000033c   Code   RO         1084    .text               usb_int.o
    0x080076fc   0x080076fc   0x00000070   Code   RO         1120    .text               usb_mem.o
    0x0800776c   0x0800776c   0x00000808   Code   RO         1147    .text               usb_regs.o
    0x08007f74   0x08007f74   0x00000080   Code   RO         1171    .text               usb_sil.o
    0x08007ff4   0x08007ff4   0x00000024   Code   RO         1211    .text               mc_w.l(init.o)
    0x08008018   0x08008018   0x00000056   Code   RO         1221    .text               mc_w.l(__dczerorl2.o)
    0x0800806e   0x0800806e   0x0000000e   Code   RO         1215    i.__scatterload_copy  mc_w.l(handlers.o)
    0x0800807c   0x0800807c   0x00000002   Code   RO         1216    i.__scatterload_null  mc_w.l(handlers.o)
    0x0800807e   0x0800807e   0x0000000e   Code   RO         1217    i.__scatterload_zeroinit  mc_w.l(handlers.o)
    0x0800808c   0x0800808c   0x0000002c   Data   RO           14    .constdata          system_n32l40x.o
    0x080080b8   0x080080b8   0x0000005c   Data   RO          587    .constdata          n32l40x_rcc.o
    0x08008114   0x08008114   0x00000087   Data   RO          871    .constdata          usb_desc.o
    0x0800819b   0x0800819b   0x00000001   PAD
    0x0800819c   0x0800819c   0x00000094   Data   RO          143    .conststring        misc.o
    0x08008230   0x08008230   0x00000046   Data   RO          686    .conststring        n32l40x_usart.o
    0x08008276   0x08008276   0x00000002   PAD
    0x08008278   0x08008278   0x00000020   Data   RO         1213    Region$$Table       anon$$obj.o


    Execution Region RW_IRAM1 (Exec base: 0x20000000, Load base: 0x08008298, Size: 0x00001ec8, Max: 0x00006000, ABSOLUTE, COMPRESSED[0x00000080])

    Exec Addr    Load Addr    Size         Type   Attr      Idx    E Section Name        Object

    0x20000000   COMPRESSED   0x00000004   Data   RW           15    .data               system_n32l40x.o
    0x20000004   COMPRESSED   0x00000008   Data   RW          735    .data               main.o
    0x2000000c   COMPRESSED   0x00000011   Data   RW          837    .data               hw_config.o
    0x2000001d   COMPRESSED   0x00000010   Data   RW          872    .data               usb_desc.o
    0x2000002d   COMPRESSED   0x00000003   PAD
    0x20000030   COMPRESSED   0x00000004   Data   RW          898    .data               usb_endp.o
    0x20000034   COMPRESSED   0x00000044   Data   RW          926    .data               usb_istr.o
    0x20000078   COMPRESSED   0x00000094   Data   RW          956    .data               usb_prop.o
    0x2000010c   COMPRESSED   0x0000000c   Data   RW          992    .data               usb_pwr.o
    0x20000118   COMPRESSED   0x00000003   Data   RW         1023    .data               usb_core.o
    0x2000011b   COMPRESSED   0x00000001   PAD
    0x2000011c   COMPRESSED   0x00000014   Data   RW         1051    .data               usb_init.o
    0x20000130   COMPRESSED   0x00000004   Data   RW         1085    .data               usb_int.o
    0x20000134   COMPRESSED   0x00000008   Data   RW         1121    .data               usb_mem.o
    0x2000013c        -       0x00000810   Zero   RW          836    .bss                hw_config.o
    0x2000094c        -       0x00000040   Zero   RW          897    .bss                usb_endp.o
    0x2000098c        -       0x00000020   Zero   RW          991    .bss                usb_pwr.o
    0x200009ac        -       0x0000001c   Zero   RW         1050    .bss                usb_init.o
    0x200009c8        -       0x00001500   Zero   RW            1    STACK               startup_n32l40x.o


==============================================================================

Image component sizes


      Code (inc. data)   RO Data    RW Data    ZI Data      Debug   Object Name

       956         50          0         17       2064       5152   hw_config.o
        80         16          0          8          0      13502   main.o
       776        346        148          0          0       2129   misc.o
      1220        340          0          0          0       3102   n32l40x_exti.o
      4204        844          0          0          0      12797   n32l40x_flash.o
      4828        948          0          0          0       8984   n32l40x_gpio.o
        84          4          0          0          0       1728   n32l40x_it.o
      6540       1618         92          0          0      21009   n32l40x_rcc.o
      4380       1020         70          0          0      10227   n32l40x_usart.o
        36          8        328          0       5376        888   startup_n32l40x.o
       948         68         44          4          0     296783   system_n32l40x.o
      2896        114          0          3          0       8330   usb_core.o
         0          0        135         16          0        995   usb_desc.o
       248         30          0          4         64       1772   usb_endp.o
        80         28          0         20         28       4102   usb_init.o
       828         34          0          4          0       1985   usb_int.o
       468         36          0         68          0       1559   usb_istr.o
       112         14          0          8          0       1749   usb_mem.o
       576         40          0        148          0       7439   usb_prop.o
       960         58          0         12         32       4467   usb_pwr.o
      2056         20          0          0          0      12474   usb_regs.o
       128          8          0          0          0       1551   usb_sil.o

    ----------------------------------------------------------------------
     32404       5644        852        316       7564     422724   Object Totals
         0          0         32          0          0          0   (incl. Generated)
         0          0          3          4          0          0   (incl. Padding)

    ----------------------------------------------------------------------

      Code (inc. data)   RO Data    RW Data    ZI Data      Debug   Library Member Name

        86          0          0          0          0          0   __dczerorl2.o
         0          0          0          0          0          0   entry.o
         0          0          0          0          0          0   entry10a.o
         0          0          0          0          0          0   entry11a.o
         4          0          0          0          0          0   entry12b.o
         8          4          0          0          0          0   entry2.o
         4          0          0          0          0          0   entry5.o
         0          0          0          0          0          0   entry7b.o
         0          0          0          0          0          0   entry8b.o
         8          4          0          0          0          0   entry9a.o
        30          0          0          0          0          0   handlers.o
        36          8          0          0          0         68   init.o

    ----------------------------------------------------------------------
       176         16          0          0          0         68   Library Totals
         0          0          0          0          0          0   (incl. Padding)

    ----------------------------------------------------------------------

      Code (inc. data)   RO Data    RW Data    ZI Data      Debug   Library Name

       176         16          0          0          0         68   mc_w.l

    ----------------------------------------------------------------------
       176         16          0          0          0         68   Library Totals

    ----------------------------------------------------------------------

==============================================================================


      Code (inc. data)   RO Data    RW Data    ZI Data      Debug   

     32580       5660        852        316       7564     418876   Grand Totals
     32580       5660        852        128       7564     418876   ELF Image Totals (compressed)
     32580       5660        852        128          0          0   ROM Totals

==============================================================================

    Total RO  Size (Code + RO Data)                33432 (  32.65kB)
    Total RW  Size (RW Data + ZI Data)              7880 (   7.70kB)
    Total ROM Size (Code + RO Data + RW Data)      33560 (  32.77kB)

==============================================================================

