<html>
<body>
<pre>
<h1>µVision Build Log</h1>
<h2>Tool Versions:</h2>
IDE-Version: ¦ÌVision V5.36.0.0
Copyright (C) 2021 ARM Ltd and ARM Germany GmbH. All rights reserved.
License Information: 1 Administrator, 11, LIC=9WSKC-77SGC-JJL6S-LIL8R-C8LHK-77FBG
 
Tool Versions:
Toolchain:       MDK-ARM Plus  Version: 5.36.0.0
Toolchain Path:  E:\sofeware\Keil\Keil_v5\ARM\ARMCC\Bin
C Compiler:      Armcc.exe V5.06 update 7 (build 960)
Assembler:       Armasm.exe V5.06 update 7 (build 960)
Linker/Locator:  ArmLink.exe V5.06 update 7 (build 960)
Library Manager: ArmAr.exe V5.06 update 7 (build 960)
Hex Converter:   FromElf.exe V5.06 update 7 (build 960)
CPU DLL:         SARMCM3.DLL V5.36.0.0
Dialog DLL:      DCM.DLL V1.17.3.0
Target DLL:      CMSIS_AGDI.dll V1.33.0.0
Dialog DLL:      TCM.DLL V1.53.0.0
 
<h2>Project:</h2>
F:\desktop\item\gatebox_gbe\MDK-ARM\virtual_com_port.uvprojx
Project File Date:  07/31/2026

<h2>Output:</h2>
*** Using Compiler 'V5.06 update 7 (build 960)', folder: 'E:\sofeware\Keil\Keil_v5\ARM\ARMCC\Bin'
Build target 'N32L40X'
assembling startup_n32l40x.s...
compiling n32l40x_dac.c...
compiling system_n32l40x.c...
compiling n32l40x_crc.c...
compiling n32l40x_dbg.c...
compiling n32l40x_exti.c...
compiling misc.c...
compiling n32l40x_comp.c...
compiling n32l40x_dma.c...
compiling n32l40x_can.c...
compiling n32l40x_adc.c...
compiling n32l40x_flash.c...
compiling n32l40x_opamp.c...
compiling n32l40x_iwdg.c...
compiling n32l40x_lpuart.c...
compiling n32l40x_pwr.c...
compiling n32l40x_lcd.c...
compiling n32l40x_lptim.c...
compiling n32l40x_i2c.c...
compiling n32l40x_spi.c...
compiling n32l40x_gpio.c...
compiling n32l40x_rtc.c...
compiling n32l40x_rcc.c...
compiling n32l40x_wwdg.c...
compiling n32l40x_it.c...
compiling usb_desc.c...
compiling main.c...
compiling usb_endp.c...
compiling usb_istr.c...
compiling hw_config.c...
compiling usb_prop.c...
compiling n32l40x_usart.c...
compiling usb_pwr.c...
compiling n32l40x_tim.c...
compiling usb_init.c...
compiling usb_int.c...
compiling usb_mem.c...
compiling usb_sil.c...
compiling usb_core.c...
compiling usb_regs.c...
linking...
Program Size: Code=32580 RO-data=852 RW-data=316 ZI-data=7564  
FromELF: creating hex file...
After Build - User command #1: fromelf --bin --output=.\bin\Virtual_COM_Port.bin .\Objects\Virtual_COM_Port.axf
".\Objects\Virtual_COM_Port.axf" - 0 Error(s), 0 Warning(s).

<h2>Software Packages used:</h2>

Package Vendor: Nationstech
                http://www.keil.com/pack/Nationstech.N32L40x_DFP.1.4.0.pack
                Nationstech.N32L40x_DFP.1.4.0
                Nationstech N32L40x Series Device Support, Drivers and Examples

<h2>Collection of Component include folders:</h2>
  E:\sofeware\Keill\Arm\Packs\Nationstech\N32L40x_DFP\1.4.0\firmware\CMSIS\device

<h2>Collection of Component Files used:</h2>
Build Time Elapsed:  00:00:05
</pre>
</body>
</html>
