<!doctype html public "-//w3c//dtd html 4.0 transitional//en">
<html><head>
<title>Static Call Graph - [.\Objects\Virtual_COM_Port.axf]</title></head>
<body><HR>
<H1>Static Call Graph for image .\Objects\Virtual_COM_Port.axf</H1><HR>
<BR><P>#&#060CALLGRAPH&#062# ARM Linker, 5060960: Last Updated: Fri Jul 31 16:09:39 2026
<BR><P>
<H3>Maximum Stack Usage =        164 bytes + Unknown(Cycles, Untraceable Function Pointers)</H3><H3>
Call chain for Maximum Stack Depth:</H3>
USB_LP_IRQHandler &rArr; USB_Istr &rArr; USB_CorrectTransferLp &rArr; USB_ProcessSetup0 &rArr; Data_Setup0 &rArr; DataStageIn &rArr; USB_CopyUserToPMABuf
<P>
<H3>
Mutually Recursive functions
</H3> <LI><a href="#[17]">PendSV_Handler</a>&nbsp;&nbsp;&nbsp;&rArr;&nbsp;&nbsp;&nbsp;<a href="#[17]">PendSV_Handler</a><BR>
 <LI><a href="#[2c]">ADC_IRQHandler</a>&nbsp;&nbsp;&nbsp;&rArr;&nbsp;&nbsp;&nbsp;<a href="#[2c]">ADC_IRQHandler</a><BR>
</UL>
<P>
<H3>
Function Pointers
</H3><UL>
 <LI><a href="#[2c]">ADC_IRQHandler</a> from startup_n32l40x.o(.text) referenced from startup_n32l40x.o(RESET)
 <LI><a href="#[13]">BusFault_Handler</a> from n32l40x_it.o(.text) referenced from startup_n32l40x.o(RESET)
 <LI><a href="#[4f]">CAN_RX0_IRQHandler</a> from startup_n32l40x.o(.text) referenced from startup_n32l40x.o(RESET)
 <LI><a href="#[50]">CAN_RX1_IRQHandler</a> from startup_n32l40x.o(.text) referenced from startup_n32l40x.o(RESET)
 <LI><a href="#[51]">CAN_SCE_IRQHandler</a> from startup_n32l40x.o(.text) referenced from startup_n32l40x.o(RESET)
 <LI><a href="#[4e]">CAN_TX_IRQHandler</a> from startup_n32l40x.o(.text) referenced from startup_n32l40x.o(RESET)
 <LI><a href="#[2f]">COMP_1_2_IRQHandler</a> from startup_n32l40x.o(.text) referenced from startup_n32l40x.o(RESET)
 <LI><a href="#[24]">DMA_Channel1_IRQHandler</a> from startup_n32l40x.o(.text) referenced from startup_n32l40x.o(RESET)
 <LI><a href="#[25]">DMA_Channel2_IRQHandler</a> from startup_n32l40x.o(.text) referenced from startup_n32l40x.o(RESET)
 <LI><a href="#[26]">DMA_Channel3_IRQHandler</a> from startup_n32l40x.o(.text) referenced from startup_n32l40x.o(RESET)
 <LI><a href="#[27]">DMA_Channel4_IRQHandler</a> from startup_n32l40x.o(.text) referenced from startup_n32l40x.o(RESET)
 <LI><a href="#[28]">DMA_Channel5_IRQHandler</a> from startup_n32l40x.o(.text) referenced from startup_n32l40x.o(RESET)
 <LI><a href="#[29]">DMA_Channel6_IRQHandler</a> from startup_n32l40x.o(.text) referenced from startup_n32l40x.o(RESET)
 <LI><a href="#[2a]">DMA_Channel7_IRQHandler</a> from startup_n32l40x.o(.text) referenced from startup_n32l40x.o(RESET)
 <LI><a href="#[2b]">DMA_Channel8_IRQHandler</a> from startup_n32l40x.o(.text) referenced from startup_n32l40x.o(RESET)
 <LI><a href="#[16]">DebugMon_Handler</a> from n32l40x_it.o(.text) referenced from startup_n32l40x.o(RESET)
 <LI><a href="#[0]">EP1_IN_Callback</a> from usb_endp.o(.text) referenced 2 times from usb_istr.o(.data)
 <LI><a href="#[2]">EP3_OUT_Callback</a> from usb_endp.o(.text) referenced 2 times from usb_istr.o(.data)
 <LI><a href="#[1f]">EXTI0_IRQHandler</a> from startup_n32l40x.o(.text) referenced from startup_n32l40x.o(RESET)
 <LI><a href="#[41]">EXTI15_10_IRQHandler</a> from startup_n32l40x.o(.text) referenced from startup_n32l40x.o(RESET)
 <LI><a href="#[20]">EXTI1_IRQHandler</a> from startup_n32l40x.o(.text) referenced from startup_n32l40x.o(RESET)
 <LI><a href="#[21]">EXTI2_IRQHandler</a> from startup_n32l40x.o(.text) referenced from startup_n32l40x.o(RESET)
 <LI><a href="#[22]">EXTI3_IRQHandler</a> from startup_n32l40x.o(.text) referenced from startup_n32l40x.o(RESET)
 <LI><a href="#[23]">EXTI4_IRQHandler</a> from startup_n32l40x.o(.text) referenced from startup_n32l40x.o(RESET)
 <LI><a href="#[30]">EXTI9_5_IRQHandler</a> from startup_n32l40x.o(.text) referenced from startup_n32l40x.o(RESET)
 <LI><a href="#[1d]">FLASH_IRQHandler</a> from startup_n32l40x.o(.text) referenced from startup_n32l40x.o(RESET)
 <LI><a href="#[11]">HardFault_Handler</a> from n32l40x_it.o(.text) referenced from startup_n32l40x.o(RESET)
 <LI><a href="#[39]">I2C1_ER_IRQHandler</a> from startup_n32l40x.o(.text) referenced from startup_n32l40x.o(RESET)
 <LI><a href="#[38]">I2C1_EV_IRQHandler</a> from startup_n32l40x.o(.text) referenced from startup_n32l40x.o(RESET)
 <LI><a href="#[3b]">I2C2_ER_IRQHandler</a> from startup_n32l40x.o(.text) referenced from startup_n32l40x.o(RESET)
 <LI><a href="#[3a]">I2C2_EV_IRQHandler</a> from startup_n32l40x.o(.text) referenced from startup_n32l40x.o(RESET)
 <LI><a href="#[54]">LCD_IRQHandler</a> from startup_n32l40x.o(.text) referenced from startup_n32l40x.o(RESET)
 <LI><a href="#[53]">LPTIM_WKUP_IRQHandler</a> from startup_n32l40x.o(.text) referenced from startup_n32l40x.o(RESET)
 <LI><a href="#[4a]">LPUART_IRQHandler</a> from startup_n32l40x.o(.text) referenced from startup_n32l40x.o(RESET)
 <LI><a href="#[52]">LPUART_WKUP_IRQHandler</a> from startup_n32l40x.o(.text) referenced from startup_n32l40x.o(RESET)
 <LI><a href="#[56]">MMU_IRQHandler</a> from startup_n32l40x.o(.text) referenced from startup_n32l40x.o(RESET)
 <LI><a href="#[12]">MemManage_Handler</a> from n32l40x_it.o(.text) referenced from startup_n32l40x.o(RESET)
 <LI><a href="#[10]">NMI_Handler</a> from n32l40x_it.o(.text) referenced from startup_n32l40x.o(RESET)
 <LI><a href="#[1a]">PVD_IRQHandler</a> from startup_n32l40x.o(.text) referenced from startup_n32l40x.o(RESET)
 <LI><a href="#[17]">PendSV_Handler</a> from startup_n32l40x.o(.text) referenced from startup_n32l40x.o(RESET)
 <LI><a href="#[58]">RAMC_PERR_IRQHandler</a> from startup_n32l40x.o(.text) referenced from startup_n32l40x.o(RESET)
 <LI><a href="#[1e]">RCC_IRQHandler</a> from startup_n32l40x.o(.text) referenced from startup_n32l40x.o(RESET)
 <LI><a href="#[42]">RTCAlarm_IRQHandler</a> from startup_n32l40x.o(.text) referenced from startup_n32l40x.o(RESET)
 <LI><a href="#[1c]">RTC_WKUP_IRQHandler</a> from startup_n32l40x.o(.text) referenced from startup_n32l40x.o(RESET)
 <LI><a href="#[f]">Reset_Handler</a> from startup_n32l40x.o(.text) referenced from startup_n32l40x.o(RESET)
 <LI><a href="#[55]">SAC_IRQHandler</a> from startup_n32l40x.o(.text) referenced from startup_n32l40x.o(RESET)
 <LI><a href="#[3c]">SPI1_IRQHandler</a> from startup_n32l40x.o(.text) referenced from startup_n32l40x.o(RESET)
 <LI><a href="#[3d]">SPI2_IRQHandler</a> from startup_n32l40x.o(.text) referenced from startup_n32l40x.o(RESET)
 <LI><a href="#[15]">SVC_Handler</a> from n32l40x_it.o(.text) referenced from startup_n32l40x.o(RESET)
 <LI><a href="#[120]">Standard_GetConfiguration</a> from usb_core.o(.text) referenced from usb_core.o(.text)
 <LI><a href="#[121]">Standard_GetInterface</a> from usb_core.o(.text) referenced from usb_core.o(.text)
 <LI><a href="#[11f]">Standard_GetStatus</a> from usb_core.o(.text) referenced 3 times from usb_core.o(.text)
 <LI><a href="#[18]">SysTick_Handler</a> from n32l40x_it.o(.text) referenced from startup_n32l40x.o(RESET)
 <LI><a href="#[5c]">SystemInit</a> from system_n32l40x.o(.text) referenced from startup_n32l40x.o(.text)
 <LI><a href="#[1b]">TAMPER_IRQHandler</a> from startup_n32l40x.o(.text) referenced from startup_n32l40x.o(RESET)
 <LI><a href="#[31]">TIM1_BRK_IRQHandler</a> from startup_n32l40x.o(.text) referenced from startup_n32l40x.o(RESET)
 <LI><a href="#[34]">TIM1_CC_IRQHandler</a> from startup_n32l40x.o(.text) referenced from startup_n32l40x.o(RESET)
 <LI><a href="#[33]">TIM1_TRG_COM_IRQHandler</a> from startup_n32l40x.o(.text) referenced from startup_n32l40x.o(RESET)
 <LI><a href="#[32]">TIM1_UP_IRQHandler</a> from startup_n32l40x.o(.text) referenced from startup_n32l40x.o(RESET)
 <LI><a href="#[35]">TIM2_IRQHandler</a> from startup_n32l40x.o(.text) referenced from startup_n32l40x.o(RESET)
 <LI><a href="#[36]">TIM3_IRQHandler</a> from startup_n32l40x.o(.text) referenced from startup_n32l40x.o(RESET)
 <LI><a href="#[37]">TIM4_IRQHandler</a> from startup_n32l40x.o(.text) referenced from startup_n32l40x.o(RESET)
 <LI><a href="#[4b]">TIM5_IRQHandler</a> from startup_n32l40x.o(.text) referenced from startup_n32l40x.o(RESET)
 <LI><a href="#[4c]">TIM6_IRQHandler</a> from startup_n32l40x.o(.text) referenced from startup_n32l40x.o(RESET)
 <LI><a href="#[4d]">TIM7_IRQHandler</a> from startup_n32l40x.o(.text) referenced from startup_n32l40x.o(RESET)
 <LI><a href="#[44]">TIM8_BRK_IRQHandler</a> from startup_n32l40x.o(.text) referenced from startup_n32l40x.o(RESET)
 <LI><a href="#[47]">TIM8_CC_IRQHandler</a> from startup_n32l40x.o(.text) referenced from startup_n32l40x.o(RESET)
 <LI><a href="#[46]">TIM8_TRG_COM_IRQHandler</a> from startup_n32l40x.o(.text) referenced from startup_n32l40x.o(RESET)
 <LI><a href="#[45]">TIM8_UP_IRQHandler</a> from startup_n32l40x.o(.text) referenced from startup_n32l40x.o(RESET)
 <LI><a href="#[59]">TIM9_IRQHandler</a> from startup_n32l40x.o(.text) referenced from startup_n32l40x.o(RESET)
 <LI><a href="#[57]">TSC_IRQHandler</a> from startup_n32l40x.o(.text) referenced from startup_n32l40x.o(RESET)
 <LI><a href="#[48]">UART4_IRQHandler</a> from startup_n32l40x.o(.text) referenced from startup_n32l40x.o(RESET)
 <LI><a href="#[49]">UART5_IRQHandler</a> from startup_n32l40x.o(.text) referenced from startup_n32l40x.o(RESET)
 <LI><a href="#[5a]">UCDR_IRQHandler</a> from startup_n32l40x.o(.text) referenced from startup_n32l40x.o(RESET)
 <LI><a href="#[3e]">USART1_IRQHandler</a> from n32l40x_it.o(.text) referenced from startup_n32l40x.o(RESET)
 <LI><a href="#[3f]">USART2_IRQHandler</a> from startup_n32l40x.o(.text) referenced from startup_n32l40x.o(RESET)
 <LI><a href="#[40]">USART3_IRQHandler</a> from startup_n32l40x.o(.text) referenced from startup_n32l40x.o(RESET)
 <LI><a href="#[43]">USBWakeUp_IRQHandler</a> from n32l40x_it.o(.text) referenced from startup_n32l40x.o(RESET)
 <LI><a href="#[2d]">USB_HP_IRQHandler</a> from startup_n32l40x.o(.text) referenced from startup_n32l40x.o(RESET)
 <LI><a href="#[2e]">USB_LP_IRQHandler</a> from n32l40x_it.o(.text) referenced from startup_n32l40x.o(RESET)
 <LI><a href="#[1]">USB_ProcessNop</a> from usb_core.o(.text) referenced 38 times from usb_istr.o(.data)
 <LI><a href="#[14]">UsageFault_Handler</a> from n32l40x_it.o(.text) referenced from startup_n32l40x.o(RESET)
 <LI><a href="#[7]">Virtual_Com_Port_Data_Setup</a> from usb_prop.o(.text) referenced 2 times from usb_prop.o(.data)
 <LI><a href="#[b]">Virtual_Com_Port_GetConfigDescriptor</a> from usb_prop.o(.text) referenced 2 times from usb_prop.o(.data)
 <LI><a href="#[a]">Virtual_Com_Port_GetDeviceDescriptor</a> from usb_prop.o(.text) referenced 2 times from usb_prop.o(.data)
 <LI><a href="#[10b]">Virtual_Com_Port_GetLineCoding</a> from usb_prop.o(.text) referenced from usb_prop.o(.text)
 <LI><a href="#[c]">Virtual_Com_Port_GetStringDescriptor</a> from usb_prop.o(.text) referenced 2 times from usb_prop.o(.data)
 <LI><a href="#[9]">Virtual_Com_Port_Get_Interface_Setting</a> from usb_prop.o(.text) referenced 2 times from usb_prop.o(.data)
 <LI><a href="#[8]">Virtual_Com_Port_NoData_Setup</a> from usb_prop.o(.text) referenced 2 times from usb_prop.o(.data)
 <LI><a href="#[4]">Virtual_Com_Port_Reset</a> from usb_prop.o(.text) referenced 2 times from usb_prop.o(.data)
 <LI><a href="#[d]">Virtual_Com_Port_SetConfiguration</a> from usb_prop.o(.text) referenced 2 times from usb_prop.o(.data)
 <LI><a href="#[e]">Virtual_Com_Port_SetDeviceAddress</a> from usb_prop.o(.text) referenced 2 times from usb_prop.o(.data)
 <LI><a href="#[10c]">Virtual_Com_Port_SetLineCoding</a> from usb_prop.o(.text) referenced from usb_prop.o(.text)
 <LI><a href="#[5]">Virtual_Com_Port_Status_In</a> from usb_prop.o(.text) referenced 2 times from usb_prop.o(.data)
 <LI><a href="#[6]">Virtual_Com_Port_Status_Out</a> from usb_prop.o(.text) referenced 2 times from usb_prop.o(.data)
 <LI><a href="#[3]">Virtual_Com_Port_init</a> from usb_prop.o(.text) referenced 2 times from usb_prop.o(.data)
 <LI><a href="#[19]">WWDG_IRQHandler</a> from startup_n32l40x.o(.text) referenced from startup_n32l40x.o(RESET)
 <LI><a href="#[5d]">__main</a> from entry.o(.ARM.Collect$$$$00000000) referenced from startup_n32l40x.o(.text)
 <LI><a href="#[5b]">main</a> from main.o(.text) referenced from entry9a.o(.ARM.Collect$$$$0000000B)
</UL>
<P>
<H3>
Global Symbols
</H3>
<P><STRONG><a name="[5d]"></a>__main</STRONG> (Thumb, 0 bytes, Stack size unknown bytes, entry.o(.ARM.Collect$$$$00000000))
<BR>[Address Reference Count : 1]<UL><LI> startup_n32l40x.o(.text)
</UL>
<P><STRONG><a name="[12d]"></a>_main_stk</STRONG> (Thumb, 0 bytes, Stack size unknown bytes, entry2.o(.ARM.Collect$$$$00000001))

<P><STRONG><a name="[5e]"></a>_main_scatterload</STRONG> (Thumb, 0 bytes, Stack size unknown bytes, entry5.o(.ARM.Collect$$$$00000004))
<BR><BR>[Calls]<UL><LI><a href="#[5f]">&gt;&gt;</a>&nbsp;&nbsp;&nbsp;__scatterload
</UL>

<P><STRONG><a name="[12c]"></a>__main_after_scatterload</STRONG> (Thumb, 0 bytes, Stack size unknown bytes, entry5.o(.ARM.Collect$$$$00000004))
<BR><BR>[Called By]<UL><LI><a href="#[5f]">&gt;&gt;</a>&nbsp;&nbsp;&nbsp;__scatterload
</UL>

<P><STRONG><a name="[12e]"></a>_main_clock</STRONG> (Thumb, 0 bytes, Stack size unknown bytes, entry7b.o(.ARM.Collect$$$$00000008))

<P><STRONG><a name="[12f]"></a>_main_cpp_init</STRONG> (Thumb, 0 bytes, Stack size unknown bytes, entry8b.o(.ARM.Collect$$$$0000000A))

<P><STRONG><a name="[130]"></a>_main_init</STRONG> (Thumb, 0 bytes, Stack size unknown bytes, entry9a.o(.ARM.Collect$$$$0000000B))

<P><STRONG><a name="[131]"></a>__rt_lib_shutdown_fini</STRONG> (Thumb, 0 bytes, Stack size unknown bytes, entry12b.o(.ARM.Collect$$$$0000000E))

<P><STRONG><a name="[132]"></a>__rt_final_cpp</STRONG> (Thumb, 0 bytes, Stack size unknown bytes, entry10a.o(.ARM.Collect$$$$0000000F))

<P><STRONG><a name="[133]"></a>__rt_final_exit</STRONG> (Thumb, 0 bytes, Stack size unknown bytes, entry11a.o(.ARM.Collect$$$$00000011))

<P><STRONG><a name="[f]"></a>Reset_Handler</STRONG> (Thumb, 8 bytes, Stack size 0 bytes, startup_n32l40x.o(.text))
<BR>[Address Reference Count : 1]<UL><LI> startup_n32l40x.o(RESET)
</UL>
<P><STRONG><a name="[17]"></a>PendSV_Handler</STRONG> (Thumb, 2 bytes, Stack size 0 bytes, startup_n32l40x.o(.text))
<BR><BR>[Calls]<UL><LI><a href="#[17]">&gt;&gt;</a>&nbsp;&nbsp;&nbsp;PendSV_Handler
</UL>
<BR>[Called By]<UL><LI><a href="#[17]">&gt;&gt;</a>&nbsp;&nbsp;&nbsp;PendSV_Handler
</UL>
<BR>[Address Reference Count : 1]<UL><LI> startup_n32l40x.o(RESET)
</UL>
<P><STRONG><a name="[2c]"></a>ADC_IRQHandler</STRONG> (Thumb, 0 bytes, Stack size 0 bytes, startup_n32l40x.o(.text))
<BR><BR>[Calls]<UL><LI><a href="#[2c]">&gt;&gt;</a>&nbsp;&nbsp;&nbsp;ADC_IRQHandler
</UL>
<BR>[Called By]<UL><LI><a href="#[2c]">&gt;&gt;</a>&nbsp;&nbsp;&nbsp;ADC_IRQHandler
</UL>
<BR>[Address Reference Count : 1]<UL><LI> startup_n32l40x.o(RESET)
</UL>
<P><STRONG><a name="[4f]"></a>CAN_RX0_IRQHandler</STRONG> (Thumb, 0 bytes, Stack size 0 bytes, startup_n32l40x.o(.text))
<BR>[Address Reference Count : 1]<UL><LI> startup_n32l40x.o(RESET)
</UL>
<P><STRONG><a name="[50]"></a>CAN_RX1_IRQHandler</STRONG> (Thumb, 0 bytes, Stack size 0 bytes, startup_n32l40x.o(.text))
<BR>[Address Reference Count : 1]<UL><LI> startup_n32l40x.o(RESET)
</UL>
<P><STRONG><a name="[51]"></a>CAN_SCE_IRQHandler</STRONG> (Thumb, 0 bytes, Stack size 0 bytes, startup_n32l40x.o(.text))
<BR>[Address Reference Count : 1]<UL><LI> startup_n32l40x.o(RESET)
</UL>
<P><STRONG><a name="[4e]"></a>CAN_TX_IRQHandler</STRONG> (Thumb, 0 bytes, Stack size 0 bytes, startup_n32l40x.o(.text))
<BR>[Address Reference Count : 1]<UL><LI> startup_n32l40x.o(RESET)
</UL>
<P><STRONG><a name="[2f]"></a>COMP_1_2_IRQHandler</STRONG> (Thumb, 0 bytes, Stack size 0 bytes, startup_n32l40x.o(.text))
<BR>[Address Reference Count : 1]<UL><LI> startup_n32l40x.o(RESET)
</UL>
<P><STRONG><a name="[24]"></a>DMA_Channel1_IRQHandler</STRONG> (Thumb, 0 bytes, Stack size 0 bytes, startup_n32l40x.o(.text))
<BR>[Address Reference Count : 1]<UL><LI> startup_n32l40x.o(RESET)
</UL>
<P><STRONG><a name="[25]"></a>DMA_Channel2_IRQHandler</STRONG> (Thumb, 0 bytes, Stack size 0 bytes, startup_n32l40x.o(.text))
<BR>[Address Reference Count : 1]<UL><LI> startup_n32l40x.o(RESET)
</UL>
<P><STRONG><a name="[26]"></a>DMA_Channel3_IRQHandler</STRONG> (Thumb, 0 bytes, Stack size 0 bytes, startup_n32l40x.o(.text))
<BR>[Address Reference Count : 1]<UL><LI> startup_n32l40x.o(RESET)
</UL>
<P><STRONG><a name="[27]"></a>DMA_Channel4_IRQHandler</STRONG> (Thumb, 0 bytes, Stack size 0 bytes, startup_n32l40x.o(.text))
<BR>[Address Reference Count : 1]<UL><LI> startup_n32l40x.o(RESET)
</UL>
<P><STRONG><a name="[28]"></a>DMA_Channel5_IRQHandler</STRONG> (Thumb, 0 bytes, Stack size 0 bytes, startup_n32l40x.o(.text))
<BR>[Address Reference Count : 1]<UL><LI> startup_n32l40x.o(RESET)
</UL>
<P><STRONG><a name="[29]"></a>DMA_Channel6_IRQHandler</STRONG> (Thumb, 0 bytes, Stack size 0 bytes, startup_n32l40x.o(.text))
<BR>[Address Reference Count : 1]<UL><LI> startup_n32l40x.o(RESET)
</UL>
<P><STRONG><a name="[2a]"></a>DMA_Channel7_IRQHandler</STRONG> (Thumb, 0 bytes, Stack size 0 bytes, startup_n32l40x.o(.text))
<BR>[Address Reference Count : 1]<UL><LI> startup_n32l40x.o(RESET)
</UL>
<P><STRONG><a name="[2b]"></a>DMA_Channel8_IRQHandler</STRONG> (Thumb, 0 bytes, Stack size 0 bytes, startup_n32l40x.o(.text))
<BR>[Address Reference Count : 1]<UL><LI> startup_n32l40x.o(RESET)
</UL>
<P><STRONG><a name="[1f]"></a>EXTI0_IRQHandler</STRONG> (Thumb, 0 bytes, Stack size 0 bytes, startup_n32l40x.o(.text))
<BR>[Address Reference Count : 1]<UL><LI> startup_n32l40x.o(RESET)
</UL>
<P><STRONG><a name="[41]"></a>EXTI15_10_IRQHandler</STRONG> (Thumb, 0 bytes, Stack size 0 bytes, startup_n32l40x.o(.text))
<BR>[Address Reference Count : 1]<UL><LI> startup_n32l40x.o(RESET)
</UL>
<P><STRONG><a name="[20]"></a>EXTI1_IRQHandler</STRONG> (Thumb, 0 bytes, Stack size 0 bytes, startup_n32l40x.o(.text))
<BR>[Address Reference Count : 1]<UL><LI> startup_n32l40x.o(RESET)
</UL>
<P><STRONG><a name="[21]"></a>EXTI2_IRQHandler</STRONG> (Thumb, 0 bytes, Stack size 0 bytes, startup_n32l40x.o(.text))
<BR>[Address Reference Count : 1]<UL><LI> startup_n32l40x.o(RESET)
</UL>
<P><STRONG><a name="[22]"></a>EXTI3_IRQHandler</STRONG> (Thumb, 0 bytes, Stack size 0 bytes, startup_n32l40x.o(.text))
<BR>[Address Reference Count : 1]<UL><LI> startup_n32l40x.o(RESET)
</UL>
<P><STRONG><a name="[23]"></a>EXTI4_IRQHandler</STRONG> (Thumb, 0 bytes, Stack size 0 bytes, startup_n32l40x.o(.text))
<BR>[Address Reference Count : 1]<UL><LI> startup_n32l40x.o(RESET)
</UL>
<P><STRONG><a name="[30]"></a>EXTI9_5_IRQHandler</STRONG> (Thumb, 0 bytes, Stack size 0 bytes, startup_n32l40x.o(.text))
<BR>[Address Reference Count : 1]<UL><LI> startup_n32l40x.o(RESET)
</UL>
<P><STRONG><a name="[1d]"></a>FLASH_IRQHandler</STRONG> (Thumb, 0 bytes, Stack size 0 bytes, startup_n32l40x.o(.text))
<BR>[Address Reference Count : 1]<UL><LI> startup_n32l40x.o(RESET)
</UL>
<P><STRONG><a name="[39]"></a>I2C1_ER_IRQHandler</STRONG> (Thumb, 0 bytes, Stack size 0 bytes, startup_n32l40x.o(.text))
<BR>[Address Reference Count : 1]<UL><LI> startup_n32l40x.o(RESET)
</UL>
<P><STRONG><a name="[38]"></a>I2C1_EV_IRQHandler</STRONG> (Thumb, 0 bytes, Stack size 0 bytes, startup_n32l40x.o(.text))
<BR>[Address Reference Count : 1]<UL><LI> startup_n32l40x.o(RESET)
</UL>
<P><STRONG><a name="[3b]"></a>I2C2_ER_IRQHandler</STRONG> (Thumb, 0 bytes, Stack size 0 bytes, startup_n32l40x.o(.text))
<BR>[Address Reference Count : 1]<UL><LI> startup_n32l40x.o(RESET)
</UL>
<P><STRONG><a name="[3a]"></a>I2C2_EV_IRQHandler</STRONG> (Thumb, 0 bytes, Stack size 0 bytes, startup_n32l40x.o(.text))
<BR>[Address Reference Count : 1]<UL><LI> startup_n32l40x.o(RESET)
</UL>
<P><STRONG><a name="[54]"></a>LCD_IRQHandler</STRONG> (Thumb, 0 bytes, Stack size 0 bytes, startup_n32l40x.o(.text))
<BR>[Address Reference Count : 1]<UL><LI> startup_n32l40x.o(RESET)
</UL>
<P><STRONG><a name="[53]"></a>LPTIM_WKUP_IRQHandler</STRONG> (Thumb, 0 bytes, Stack size 0 bytes, startup_n32l40x.o(.text))
<BR>[Address Reference Count : 1]<UL><LI> startup_n32l40x.o(RESET)
</UL>
<P><STRONG><a name="[4a]"></a>LPUART_IRQHandler</STRONG> (Thumb, 0 bytes, Stack size 0 bytes, startup_n32l40x.o(.text))
<BR>[Address Reference Count : 1]<UL><LI> startup_n32l40x.o(RESET)
</UL>
<P><STRONG><a name="[52]"></a>LPUART_WKUP_IRQHandler</STRONG> (Thumb, 0 bytes, Stack size 0 bytes, startup_n32l40x.o(.text))
<BR>[Address Reference Count : 1]<UL><LI> startup_n32l40x.o(RESET)
</UL>
<P><STRONG><a name="[56]"></a>MMU_IRQHandler</STRONG> (Thumb, 0 bytes, Stack size 0 bytes, startup_n32l40x.o(.text))
<BR>[Address Reference Count : 1]<UL><LI> startup_n32l40x.o(RESET)
</UL>
<P><STRONG><a name="[1a]"></a>PVD_IRQHandler</STRONG> (Thumb, 0 bytes, Stack size 0 bytes, startup_n32l40x.o(.text))
<BR>[Address Reference Count : 1]<UL><LI> startup_n32l40x.o(RESET)
</UL>
<P><STRONG><a name="[58]"></a>RAMC_PERR_IRQHandler</STRONG> (Thumb, 0 bytes, Stack size 0 bytes, startup_n32l40x.o(.text))
<BR>[Address Reference Count : 1]<UL><LI> startup_n32l40x.o(RESET)
</UL>
<P><STRONG><a name="[1e]"></a>RCC_IRQHandler</STRONG> (Thumb, 0 bytes, Stack size 0 bytes, startup_n32l40x.o(.text))
<BR>[Address Reference Count : 1]<UL><LI> startup_n32l40x.o(RESET)
</UL>
<P><STRONG><a name="[42]"></a>RTCAlarm_IRQHandler</STRONG> (Thumb, 0 bytes, Stack size 0 bytes, startup_n32l40x.o(.text))
<BR>[Address Reference Count : 1]<UL><LI> startup_n32l40x.o(RESET)
</UL>
<P><STRONG><a name="[1c]"></a>RTC_WKUP_IRQHandler</STRONG> (Thumb, 0 bytes, Stack size 0 bytes, startup_n32l40x.o(.text))
<BR>[Address Reference Count : 1]<UL><LI> startup_n32l40x.o(RESET)
</UL>
<P><STRONG><a name="[55]"></a>SAC_IRQHandler</STRONG> (Thumb, 0 bytes, Stack size 0 bytes, startup_n32l40x.o(.text))
<BR>[Address Reference Count : 1]<UL><LI> startup_n32l40x.o(RESET)
</UL>
<P><STRONG><a name="[3c]"></a>SPI1_IRQHandler</STRONG> (Thumb, 0 bytes, Stack size 0 bytes, startup_n32l40x.o(.text))
<BR>[Address Reference Count : 1]<UL><LI> startup_n32l40x.o(RESET)
</UL>
<P><STRONG><a name="[3d]"></a>SPI2_IRQHandler</STRONG> (Thumb, 0 bytes, Stack size 0 bytes, startup_n32l40x.o(.text))
<BR>[Address Reference Count : 1]<UL><LI> startup_n32l40x.o(RESET)
</UL>
<P><STRONG><a name="[1b]"></a>TAMPER_IRQHandler</STRONG> (Thumb, 0 bytes, Stack size 0 bytes, startup_n32l40x.o(.text))
<BR>[Address Reference Count : 1]<UL><LI> startup_n32l40x.o(RESET)
</UL>
<P><STRONG><a name="[31]"></a>TIM1_BRK_IRQHandler</STRONG> (Thumb, 0 bytes, Stack size 0 bytes, startup_n32l40x.o(.text))
<BR>[Address Reference Count : 1]<UL><LI> startup_n32l40x.o(RESET)
</UL>
<P><STRONG><a name="[34]"></a>TIM1_CC_IRQHandler</STRONG> (Thumb, 0 bytes, Stack size 0 bytes, startup_n32l40x.o(.text))
<BR>[Address Reference Count : 1]<UL><LI> startup_n32l40x.o(RESET)
</UL>
<P><STRONG><a name="[33]"></a>TIM1_TRG_COM_IRQHandler</STRONG> (Thumb, 0 bytes, Stack size 0 bytes, startup_n32l40x.o(.text))
<BR>[Address Reference Count : 1]<UL><LI> startup_n32l40x.o(RESET)
</UL>
<P><STRONG><a name="[32]"></a>TIM1_UP_IRQHandler</STRONG> (Thumb, 0 bytes, Stack size 0 bytes, startup_n32l40x.o(.text))
<BR>[Address Reference Count : 1]<UL><LI> startup_n32l40x.o(RESET)
</UL>
<P><STRONG><a name="[35]"></a>TIM2_IRQHandler</STRONG> (Thumb, 0 bytes, Stack size 0 bytes, startup_n32l40x.o(.text))
<BR>[Address Reference Count : 1]<UL><LI> startup_n32l40x.o(RESET)
</UL>
<P><STRONG><a name="[36]"></a>TIM3_IRQHandler</STRONG> (Thumb, 0 bytes, Stack size 0 bytes, startup_n32l40x.o(.text))
<BR>[Address Reference Count : 1]<UL><LI> startup_n32l40x.o(RESET)
</UL>
<P><STRONG><a name="[37]"></a>TIM4_IRQHandler</STRONG> (Thumb, 0 bytes, Stack size 0 bytes, startup_n32l40x.o(.text))
<BR>[Address Reference Count : 1]<UL><LI> startup_n32l40x.o(RESET)
</UL>
<P><STRONG><a name="[4b]"></a>TIM5_IRQHandler</STRONG> (Thumb, 0 bytes, Stack size 0 bytes, startup_n32l40x.o(.text))
<BR>[Address Reference Count : 1]<UL><LI> startup_n32l40x.o(RESET)
</UL>
<P><STRONG><a name="[4c]"></a>TIM6_IRQHandler</STRONG> (Thumb, 0 bytes, Stack size 0 bytes, startup_n32l40x.o(.text))
<BR>[Address Reference Count : 1]<UL><LI> startup_n32l40x.o(RESET)
</UL>
<P><STRONG><a name="[4d]"></a>TIM7_IRQHandler</STRONG> (Thumb, 0 bytes, Stack size 0 bytes, startup_n32l40x.o(.text))
<BR>[Address Reference Count : 1]<UL><LI> startup_n32l40x.o(RESET)
</UL>
<P><STRONG><a name="[44]"></a>TIM8_BRK_IRQHandler</STRONG> (Thumb, 0 bytes, Stack size 0 bytes, startup_n32l40x.o(.text))
<BR>[Address Reference Count : 1]<UL><LI> startup_n32l40x.o(RESET)
</UL>
<P><STRONG><a name="[47]"></a>TIM8_CC_IRQHandler</STRONG> (Thumb, 0 bytes, Stack size 0 bytes, startup_n32l40x.o(.text))
<BR>[Address Reference Count : 1]<UL><LI> startup_n32l40x.o(RESET)
</UL>
<P><STRONG><a name="[46]"></a>TIM8_TRG_COM_IRQHandler</STRONG> (Thumb, 0 bytes, Stack size 0 bytes, startup_n32l40x.o(.text))
<BR>[Address Reference Count : 1]<UL><LI> startup_n32l40x.o(RESET)
</UL>
<P><STRONG><a name="[45]"></a>TIM8_UP_IRQHandler</STRONG> (Thumb, 0 bytes, Stack size 0 bytes, startup_n32l40x.o(.text))
<BR>[Address Reference Count : 1]<UL><LI> startup_n32l40x.o(RESET)
</UL>
<P><STRONG><a name="[59]"></a>TIM9_IRQHandler</STRONG> (Thumb, 0 bytes, Stack size 0 bytes, startup_n32l40x.o(.text))
<BR>[Address Reference Count : 1]<UL><LI> startup_n32l40x.o(RESET)
</UL>
<P><STRONG><a name="[57]"></a>TSC_IRQHandler</STRONG> (Thumb, 0 bytes, Stack size 0 bytes, startup_n32l40x.o(.text))
<BR>[Address Reference Count : 1]<UL><LI> startup_n32l40x.o(RESET)
</UL>
<P><STRONG><a name="[48]"></a>UART4_IRQHandler</STRONG> (Thumb, 0 bytes, Stack size 0 bytes, startup_n32l40x.o(.text))
<BR>[Address Reference Count : 1]<UL><LI> startup_n32l40x.o(RESET)
</UL>
<P><STRONG><a name="[49]"></a>UART5_IRQHandler</STRONG> (Thumb, 0 bytes, Stack size 0 bytes, startup_n32l40x.o(.text))
<BR>[Address Reference Count : 1]<UL><LI> startup_n32l40x.o(RESET)
</UL>
<P><STRONG><a name="[5a]"></a>UCDR_IRQHandler</STRONG> (Thumb, 0 bytes, Stack size 0 bytes, startup_n32l40x.o(.text))
<BR>[Address Reference Count : 1]<UL><LI> startup_n32l40x.o(RESET)
</UL>
<P><STRONG><a name="[3f]"></a>USART2_IRQHandler</STRONG> (Thumb, 0 bytes, Stack size 0 bytes, startup_n32l40x.o(.text))
<BR>[Address Reference Count : 1]<UL><LI> startup_n32l40x.o(RESET)
</UL>
<P><STRONG><a name="[40]"></a>USART3_IRQHandler</STRONG> (Thumb, 0 bytes, Stack size 0 bytes, startup_n32l40x.o(.text))
<BR>[Address Reference Count : 1]<UL><LI> startup_n32l40x.o(RESET)
</UL>
<P><STRONG><a name="[2d]"></a>USB_HP_IRQHandler</STRONG> (Thumb, 0 bytes, Stack size 0 bytes, startup_n32l40x.o(.text))
<BR>[Address Reference Count : 1]<UL><LI> startup_n32l40x.o(RESET)
</UL>
<P><STRONG><a name="[19]"></a>WWDG_IRQHandler</STRONG> (Thumb, 0 bytes, Stack size 0 bytes, startup_n32l40x.o(.text))
<BR>[Address Reference Count : 1]<UL><LI> startup_n32l40x.o(RESET)
</UL>
<P><STRONG><a name="[61]"></a>ConfigMRVoltage1V</STRONG> (Thumb, 112 bytes, Stack size 0 bytes, system_n32l40x.o(.text))
<BR><BR>[Called By]<UL><LI><a href="#[60]">&gt;&gt;</a>&nbsp;&nbsp;&nbsp;SetSysClock
</UL>

<P><STRONG><a name="[5c]"></a>SystemInit</STRONG> (Thumb, 200 bytes, Stack size 8 bytes, system_n32l40x.o(.text))
<BR><BR>[Stack]<UL><LI>Max Depth = 28<LI>Call Chain = SystemInit &rArr; SetSysClock
</UL>
<BR>[Calls]<UL><LI><a href="#[60]">&gt;&gt;</a>&nbsp;&nbsp;&nbsp;SetSysClock
</UL>
<BR>[Address Reference Count : 1]<UL><LI> startup_n32l40x.o(.text)
</UL>
<P><STRONG><a name="[134]"></a>SystemCoreClockUpdate</STRONG> (Thumb, 236 bytes, Stack size 16 bytes, system_n32l40x.o(.text), UNUSED)

<P><STRONG><a name="[135]"></a>ConfigMRVoltage1_1V</STRONG> (Thumb, 110 bytes, Stack size 0 bytes, system_n32l40x.o(.text), UNUSED)

<P><STRONG><a name="[62]"></a>NVIC_PriorityGroupConfig</STRONG> (Thumb, 56 bytes, Stack size 8 bytes, misc.o(.text))
<BR><BR>[Stack]<UL><LI>Max Depth = 8<LI>Call Chain = NVIC_PriorityGroupConfig
</UL>
<BR>[Calls]<UL><LI><a href="#[63]">&gt;&gt;</a>&nbsp;&nbsp;&nbsp;assert_failed
</UL>
<BR>[Called By]<UL><LI><a href="#[f0]">&gt;&gt;</a>&nbsp;&nbsp;&nbsp;USB_Interrupts_Config
</UL>

<P><STRONG><a name="[64]"></a>NVIC_Init</STRONG> (Thumb, 164 bytes, Stack size 24 bytes, misc.o(.text))
<BR><BR>[Stack]<UL><LI>Max Depth = 24<LI>Call Chain = NVIC_Init
</UL>
<BR>[Calls]<UL><LI><a href="#[63]">&gt;&gt;</a>&nbsp;&nbsp;&nbsp;assert_failed
</UL>
<BR>[Called By]<UL><LI><a href="#[f0]">&gt;&gt;</a>&nbsp;&nbsp;&nbsp;USB_Interrupts_Config
<LI><a href="#[ee]">&gt;&gt;</a>&nbsp;&nbsp;&nbsp;USART_COM_Init
</UL>

<P><STRONG><a name="[65]"></a>NVIC_SetVectorTable</STRONG> (Thumb, 64 bytes, Stack size 16 bytes, misc.o(.text), UNUSED)
<BR><BR>[Calls]<UL><LI><a href="#[63]">&gt;&gt;</a>&nbsp;&nbsp;&nbsp;assert_failed
</UL>

<P><STRONG><a name="[66]"></a>NVIC_SystemLPConfig</STRONG> (Thumb, 82 bytes, Stack size 16 bytes, misc.o(.text), UNUSED)
<BR><BR>[Calls]<UL><LI><a href="#[63]">&gt;&gt;</a>&nbsp;&nbsp;&nbsp;assert_failed
</UL>

<P><STRONG><a name="[67]"></a>SysTick_CLKSourceConfig</STRONG> (Thumb, 64 bytes, Stack size 8 bytes, misc.o(.text), UNUSED)
<BR><BR>[Calls]<UL><LI><a href="#[63]">&gt;&gt;</a>&nbsp;&nbsp;&nbsp;assert_failed
</UL>

<P><STRONG><a name="[136]"></a>EXTI_DeInit</STRONG> (Thumb, 30 bytes, Stack size 0 bytes, n32l40x_exti.o(.text), UNUSED)

<P><STRONG><a name="[68]"></a>EXTI_InitPeripheral</STRONG> (Thumb, 244 bytes, Stack size 16 bytes, n32l40x_exti.o(.text))
<BR><BR>[Stack]<UL><LI>Max Depth = 16<LI>Call Chain = EXTI_InitPeripheral
</UL>
<BR>[Calls]<UL><LI><a href="#[63]">&gt;&gt;</a>&nbsp;&nbsp;&nbsp;assert_failed
</UL>
<BR>[Called By]<UL><LI><a href="#[f0]">&gt;&gt;</a>&nbsp;&nbsp;&nbsp;USB_Interrupts_Config
</UL>

<P><STRONG><a name="[f1]"></a>EXTI_InitStruct</STRONG> (Thumb, 16 bytes, Stack size 0 bytes, n32l40x_exti.o(.text))
<BR><BR>[Called By]<UL><LI><a href="#[f0]">&gt;&gt;</a>&nbsp;&nbsp;&nbsp;USB_Interrupts_Config
</UL>

<P><STRONG><a name="[69]"></a>EXTI_TriggerSWInt</STRONG> (Thumb, 40 bytes, Stack size 8 bytes, n32l40x_exti.o(.text), UNUSED)
<BR><BR>[Calls]<UL><LI><a href="#[63]">&gt;&gt;</a>&nbsp;&nbsp;&nbsp;assert_failed
</UL>

<P><STRONG><a name="[6a]"></a>EXTI_GetStatusFlag</STRONG> (Thumb, 184 bytes, Stack size 16 bytes, n32l40x_exti.o(.text), UNUSED)
<BR><BR>[Calls]<UL><LI><a href="#[63]">&gt;&gt;</a>&nbsp;&nbsp;&nbsp;assert_failed
</UL>

<P><STRONG><a name="[6b]"></a>EXTI_ClrStatusFlag</STRONG> (Thumb, 32 bytes, Stack size 8 bytes, n32l40x_exti.o(.text), UNUSED)
<BR><BR>[Calls]<UL><LI><a href="#[63]">&gt;&gt;</a>&nbsp;&nbsp;&nbsp;assert_failed
</UL>

<P><STRONG><a name="[6c]"></a>EXTI_GetITStatus</STRONG> (Thumb, 196 bytes, Stack size 16 bytes, n32l40x_exti.o(.text), UNUSED)
<BR><BR>[Calls]<UL><LI><a href="#[63]">&gt;&gt;</a>&nbsp;&nbsp;&nbsp;assert_failed
</UL>

<P><STRONG><a name="[6d]"></a>EXTI_ClrITPendBit</STRONG> (Thumb, 34 bytes, Stack size 8 bytes, n32l40x_exti.o(.text))
<BR><BR>[Stack]<UL><LI>Max Depth = 8<LI>Call Chain = EXTI_ClrITPendBit
</UL>
<BR>[Calls]<UL><LI><a href="#[63]">&gt;&gt;</a>&nbsp;&nbsp;&nbsp;assert_failed
</UL>
<BR>[Called By]<UL><LI><a href="#[f0]">&gt;&gt;</a>&nbsp;&nbsp;&nbsp;USB_Interrupts_Config
<LI><a href="#[43]">&gt;&gt;</a>&nbsp;&nbsp;&nbsp;USBWakeUp_IRQHandler
</UL>

<P><STRONG><a name="[6e]"></a>EXTI_RTCTimeStampSel</STRONG> (Thumb, 104 bytes, Stack size 8 bytes, n32l40x_exti.o(.text), UNUSED)
<BR><BR>[Calls]<UL><LI><a href="#[63]">&gt;&gt;</a>&nbsp;&nbsp;&nbsp;assert_failed
</UL>

<P><STRONG><a name="[6f]"></a>FLASH_SetLatency</STRONG> (Thumb, 46 bytes, Stack size 16 bytes, n32l40x_flash.o(.text), UNUSED)
<BR><BR>[Calls]<UL><LI><a href="#[63]">&gt;&gt;</a>&nbsp;&nbsp;&nbsp;assert_failed
</UL>
<BR>[Called By]<UL><LI><a href="#[110]">&gt;&gt;</a>&nbsp;&nbsp;&nbsp;SetSysClockToPLL
</UL>

<P><STRONG><a name="[70]"></a>FLASH_PrefetchBufSet</STRONG> (Thumb, 44 bytes, Stack size 8 bytes, n32l40x_flash.o(.text), UNUSED)
<BR><BR>[Calls]<UL><LI><a href="#[63]">&gt;&gt;</a>&nbsp;&nbsp;&nbsp;assert_failed
</UL>
<BR>[Called By]<UL><LI><a href="#[10e]">&gt;&gt;</a>&nbsp;&nbsp;&nbsp;SetSysClock_MSI
</UL>

<P><STRONG><a name="[137]"></a>FLASH_iCacheRST</STRONG> (Thumb, 14 bytes, Stack size 0 bytes, n32l40x_flash.o(.text), UNUSED)

<P><STRONG><a name="[71]"></a>FLASH_iCacheCmd</STRONG> (Thumb, 44 bytes, Stack size 8 bytes, n32l40x_flash.o(.text), UNUSED)
<BR><BR>[Calls]<UL><LI><a href="#[63]">&gt;&gt;</a>&nbsp;&nbsp;&nbsp;assert_failed
</UL>

<P><STRONG><a name="[72]"></a>FLASH_LowVoltageModeCmd</STRONG> (Thumb, 46 bytes, Stack size 8 bytes, n32l40x_flash.o(.text), UNUSED)
<BR><BR>[Calls]<UL><LI><a href="#[63]">&gt;&gt;</a>&nbsp;&nbsp;&nbsp;assert_failed
</UL>

<P><STRONG><a name="[138]"></a>FLASH_GetLowVoltageModeSTS</STRONG> (Thumb, 20 bytes, Stack size 0 bytes, n32l40x_flash.o(.text), UNUSED)

<P><STRONG><a name="[73]"></a>FLASH_FLASHSleepModeCmd</STRONG> (Thumb, 48 bytes, Stack size 8 bytes, n32l40x_flash.o(.text), UNUSED)
<BR><BR>[Calls]<UL><LI><a href="#[63]">&gt;&gt;</a>&nbsp;&nbsp;&nbsp;assert_failed
</UL>

<P><STRONG><a name="[139]"></a>FLASH_GetFLASHSleepModeSTS</STRONG> (Thumb, 20 bytes, Stack size 0 bytes, n32l40x_flash.o(.text), UNUSED)

<P><STRONG><a name="[74]"></a>FLASH_SetSMPSELStatus</STRONG> (Thumb, 50 bytes, Stack size 8 bytes, n32l40x_flash.o(.text), UNUSED)
<BR><BR>[Calls]<UL><LI><a href="#[63]">&gt;&gt;</a>&nbsp;&nbsp;&nbsp;assert_failed
</UL>

<P><STRONG><a name="[13a]"></a>FLASH_ClockInit</STRONG> (Thumb, 72 bytes, Stack size 8 bytes, n32l40x_flash.o(.text), UNUSED)

<P><STRONG><a name="[13b]"></a>FLASH_Unlock</STRONG> (Thumb, 12 bytes, Stack size 0 bytes, n32l40x_flash.o(.text), UNUSED)

<P><STRONG><a name="[13c]"></a>FLASH_Lock</STRONG> (Thumb, 14 bytes, Stack size 0 bytes, n32l40x_flash.o(.text), UNUSED)

<P><STRONG><a name="[76]"></a>FLASH_GetSTS</STRONG> (Thumb, 76 bytes, Stack size 0 bytes, n32l40x_flash.o(.text), UNUSED)
<BR><BR>[Called By]<UL><LI><a href="#[75]">&gt;&gt;</a>&nbsp;&nbsp;&nbsp;FLASH_WaitForLastOpt
</UL>

<P><STRONG><a name="[75]"></a>FLASH_WaitForLastOpt</STRONG> (Thumb, 38 bytes, Stack size 4 bytes, n32l40x_flash.o(.text), UNUSED)
<BR><BR>[Calls]<UL><LI><a href="#[76]">&gt;&gt;</a>&nbsp;&nbsp;&nbsp;FLASH_GetSTS
</UL>
<BR>[Called By]<UL><LI><a href="#[84]">&gt;&gt;</a>&nbsp;&nbsp;&nbsp;FLASH_ConfigUserOB2
<LI><a href="#[83]">&gt;&gt;</a>&nbsp;&nbsp;&nbsp;FLASH_ConfigUserOB
<LI><a href="#[82]">&gt;&gt;</a>&nbsp;&nbsp;&nbsp;FLASH_ReadOutProtectionL2_ENABLE
<LI><a href="#[81]">&gt;&gt;</a>&nbsp;&nbsp;&nbsp;FLASH_ReadOutProtectionL1
<LI><a href="#[80]">&gt;&gt;</a>&nbsp;&nbsp;&nbsp;FLASH_EnWriteProtection
<LI><a href="#[7f]">&gt;&gt;</a>&nbsp;&nbsp;&nbsp;FLASH_ProgramOBData
<LI><a href="#[7e]">&gt;&gt;</a>&nbsp;&nbsp;&nbsp;FLASH_ProgramWord
<LI><a href="#[7d]">&gt;&gt;</a>&nbsp;&nbsp;&nbsp;FLASH_ConfigALLOptionByte
<LI><a href="#[7a]">&gt;&gt;</a>&nbsp;&nbsp;&nbsp;FLASH_EraseOB
<LI><a href="#[79]">&gt;&gt;</a>&nbsp;&nbsp;&nbsp;FLASH_MassErase
<LI><a href="#[78]">&gt;&gt;</a>&nbsp;&nbsp;&nbsp;FLASH_EraseOnePage
</UL>

<P><STRONG><a name="[77]"></a>FLASH_ClearFlag</STRONG> (Thumb, 38 bytes, Stack size 8 bytes, n32l40x_flash.o(.text), UNUSED)
<BR><BR>[Calls]<UL><LI><a href="#[63]">&gt;&gt;</a>&nbsp;&nbsp;&nbsp;assert_failed
</UL>
<BR>[Called By]<UL><LI><a href="#[84]">&gt;&gt;</a>&nbsp;&nbsp;&nbsp;FLASH_ConfigUserOB2
<LI><a href="#[83]">&gt;&gt;</a>&nbsp;&nbsp;&nbsp;FLASH_ConfigUserOB
<LI><a href="#[82]">&gt;&gt;</a>&nbsp;&nbsp;&nbsp;FLASH_ReadOutProtectionL2_ENABLE
<LI><a href="#[81]">&gt;&gt;</a>&nbsp;&nbsp;&nbsp;FLASH_ReadOutProtectionL1
<LI><a href="#[80]">&gt;&gt;</a>&nbsp;&nbsp;&nbsp;FLASH_EnWriteProtection
<LI><a href="#[7f]">&gt;&gt;</a>&nbsp;&nbsp;&nbsp;FLASH_ProgramOBData
<LI><a href="#[7e]">&gt;&gt;</a>&nbsp;&nbsp;&nbsp;FLASH_ProgramWord
<LI><a href="#[7d]">&gt;&gt;</a>&nbsp;&nbsp;&nbsp;FLASH_ConfigALLOptionByte
<LI><a href="#[7a]">&gt;&gt;</a>&nbsp;&nbsp;&nbsp;FLASH_EraseOB
<LI><a href="#[79]">&gt;&gt;</a>&nbsp;&nbsp;&nbsp;FLASH_MassErase
<LI><a href="#[78]">&gt;&gt;</a>&nbsp;&nbsp;&nbsp;FLASH_EraseOnePage
</UL>

<P><STRONG><a name="[78]"></a>FLASH_EraseOnePage</STRONG> (Thumb, 124 bytes, Stack size 16 bytes, n32l40x_flash.o(.text), UNUSED)
<BR><BR>[Calls]<UL><LI><a href="#[77]">&gt;&gt;</a>&nbsp;&nbsp;&nbsp;FLASH_ClearFlag
<LI><a href="#[75]">&gt;&gt;</a>&nbsp;&nbsp;&nbsp;FLASH_WaitForLastOpt
<LI><a href="#[63]">&gt;&gt;</a>&nbsp;&nbsp;&nbsp;assert_failed
</UL>

<P><STRONG><a name="[79]"></a>FLASH_MassErase</STRONG> (Thumb, 74 bytes, Stack size 8 bytes, n32l40x_flash.o(.text), UNUSED)
<BR><BR>[Calls]<UL><LI><a href="#[77]">&gt;&gt;</a>&nbsp;&nbsp;&nbsp;FLASH_ClearFlag
<LI><a href="#[75]">&gt;&gt;</a>&nbsp;&nbsp;&nbsp;FLASH_WaitForLastOpt
</UL>

<P><STRONG><a name="[7c]"></a>FLASH_GetReadOutProtectionSTS</STRONG> (Thumb, 20 bytes, Stack size 0 bytes, n32l40x_flash.o(.text), UNUSED)
<BR><BR>[Called By]<UL><LI><a href="#[84]">&gt;&gt;</a>&nbsp;&nbsp;&nbsp;FLASH_ConfigUserOB2
<LI><a href="#[83]">&gt;&gt;</a>&nbsp;&nbsp;&nbsp;FLASH_ConfigUserOB
<LI><a href="#[82]">&gt;&gt;</a>&nbsp;&nbsp;&nbsp;FLASH_ReadOutProtectionL2_ENABLE
<LI><a href="#[7a]">&gt;&gt;</a>&nbsp;&nbsp;&nbsp;FLASH_EraseOB
</UL>

<P><STRONG><a name="[7b]"></a>FLASH_GetReadOutProtectionL2STS</STRONG> (Thumb, 20 bytes, Stack size 0 bytes, n32l40x_flash.o(.text), UNUSED)
<BR><BR>[Called By]<UL><LI><a href="#[84]">&gt;&gt;</a>&nbsp;&nbsp;&nbsp;FLASH_ConfigUserOB2
<LI><a href="#[83]">&gt;&gt;</a>&nbsp;&nbsp;&nbsp;FLASH_ConfigUserOB
<LI><a href="#[82]">&gt;&gt;</a>&nbsp;&nbsp;&nbsp;FLASH_ReadOutProtectionL2_ENABLE
<LI><a href="#[81]">&gt;&gt;</a>&nbsp;&nbsp;&nbsp;FLASH_ReadOutProtectionL1
<LI><a href="#[80]">&gt;&gt;</a>&nbsp;&nbsp;&nbsp;FLASH_EnWriteProtection
<LI><a href="#[7f]">&gt;&gt;</a>&nbsp;&nbsp;&nbsp;FLASH_ProgramOBData
<LI><a href="#[7d]">&gt;&gt;</a>&nbsp;&nbsp;&nbsp;FLASH_ConfigALLOptionByte
<LI><a href="#[7a]">&gt;&gt;</a>&nbsp;&nbsp;&nbsp;FLASH_EraseOB
</UL>

<P><STRONG><a name="[7a]"></a>FLASH_EraseOB</STRONG> (Thumb, 536 bytes, Stack size 16 bytes, n32l40x_flash.o(.text), UNUSED)
<BR><BR>[Calls]<UL><LI><a href="#[7b]">&gt;&gt;</a>&nbsp;&nbsp;&nbsp;FLASH_GetReadOutProtectionL2STS
<LI><a href="#[7c]">&gt;&gt;</a>&nbsp;&nbsp;&nbsp;FLASH_GetReadOutProtectionSTS
<LI><a href="#[77]">&gt;&gt;</a>&nbsp;&nbsp;&nbsp;FLASH_ClearFlag
<LI><a href="#[75]">&gt;&gt;</a>&nbsp;&nbsp;&nbsp;FLASH_WaitForLastOpt
</UL>

<P><STRONG><a name="[7d]"></a>FLASH_ConfigALLOptionByte</STRONG> (Thumb, 636 bytes, Stack size 56 bytes, n32l40x_flash.o(.text), UNUSED)
<BR><BR>[Calls]<UL><LI><a href="#[7b]">&gt;&gt;</a>&nbsp;&nbsp;&nbsp;FLASH_GetReadOutProtectionL2STS
<LI><a href="#[77]">&gt;&gt;</a>&nbsp;&nbsp;&nbsp;FLASH_ClearFlag
<LI><a href="#[75]">&gt;&gt;</a>&nbsp;&nbsp;&nbsp;FLASH_WaitForLastOpt
<LI><a href="#[63]">&gt;&gt;</a>&nbsp;&nbsp;&nbsp;assert_failed
</UL>

<P><STRONG><a name="[7e]"></a>FLASH_ProgramWord</STRONG> (Thumb, 110 bytes, Stack size 16 bytes, n32l40x_flash.o(.text), UNUSED)
<BR><BR>[Calls]<UL><LI><a href="#[77]">&gt;&gt;</a>&nbsp;&nbsp;&nbsp;FLASH_ClearFlag
<LI><a href="#[75]">&gt;&gt;</a>&nbsp;&nbsp;&nbsp;FLASH_WaitForLastOpt
<LI><a href="#[63]">&gt;&gt;</a>&nbsp;&nbsp;&nbsp;assert_failed
</UL>

<P><STRONG><a name="[7f]"></a>FLASH_ProgramOBData</STRONG> (Thumb, 118 bytes, Stack size 16 bytes, n32l40x_flash.o(.text), UNUSED)
<BR><BR>[Calls]<UL><LI><a href="#[7b]">&gt;&gt;</a>&nbsp;&nbsp;&nbsp;FLASH_GetReadOutProtectionL2STS
<LI><a href="#[77]">&gt;&gt;</a>&nbsp;&nbsp;&nbsp;FLASH_ClearFlag
<LI><a href="#[75]">&gt;&gt;</a>&nbsp;&nbsp;&nbsp;FLASH_WaitForLastOpt
<LI><a href="#[63]">&gt;&gt;</a>&nbsp;&nbsp;&nbsp;assert_failed
</UL>

<P><STRONG><a name="[80]"></a>FLASH_EnWriteProtection</STRONG> (Thumb, 550 bytes, Stack size 32 bytes, n32l40x_flash.o(.text), UNUSED)
<BR><BR>[Calls]<UL><LI><a href="#[7b]">&gt;&gt;</a>&nbsp;&nbsp;&nbsp;FLASH_GetReadOutProtectionL2STS
<LI><a href="#[77]">&gt;&gt;</a>&nbsp;&nbsp;&nbsp;FLASH_ClearFlag
<LI><a href="#[75]">&gt;&gt;</a>&nbsp;&nbsp;&nbsp;FLASH_WaitForLastOpt
</UL>

<P><STRONG><a name="[81]"></a>FLASH_ReadOutProtectionL1</STRONG> (Thumb, 220 bytes, Stack size 16 bytes, n32l40x_flash.o(.text), UNUSED)
<BR><BR>[Calls]<UL><LI><a href="#[7b]">&gt;&gt;</a>&nbsp;&nbsp;&nbsp;FLASH_GetReadOutProtectionL2STS
<LI><a href="#[77]">&gt;&gt;</a>&nbsp;&nbsp;&nbsp;FLASH_ClearFlag
<LI><a href="#[75]">&gt;&gt;</a>&nbsp;&nbsp;&nbsp;FLASH_WaitForLastOpt
<LI><a href="#[63]">&gt;&gt;</a>&nbsp;&nbsp;&nbsp;assert_failed
</UL>

<P><STRONG><a name="[82]"></a>FLASH_ReadOutProtectionL2_ENABLE</STRONG> (Thumb, 216 bytes, Stack size 16 bytes, n32l40x_flash.o(.text), UNUSED)
<BR><BR>[Calls]<UL><LI><a href="#[7b]">&gt;&gt;</a>&nbsp;&nbsp;&nbsp;FLASH_GetReadOutProtectionL2STS
<LI><a href="#[7c]">&gt;&gt;</a>&nbsp;&nbsp;&nbsp;FLASH_GetReadOutProtectionSTS
<LI><a href="#[77]">&gt;&gt;</a>&nbsp;&nbsp;&nbsp;FLASH_ClearFlag
<LI><a href="#[75]">&gt;&gt;</a>&nbsp;&nbsp;&nbsp;FLASH_WaitForLastOpt
</UL>

<P><STRONG><a name="[83]"></a>FLASH_ConfigUserOB</STRONG> (Thumb, 280 bytes, Stack size 24 bytes, n32l40x_flash.o(.text), UNUSED)
<BR><BR>[Calls]<UL><LI><a href="#[7b]">&gt;&gt;</a>&nbsp;&nbsp;&nbsp;FLASH_GetReadOutProtectionL2STS
<LI><a href="#[7c]">&gt;&gt;</a>&nbsp;&nbsp;&nbsp;FLASH_GetReadOutProtectionSTS
<LI><a href="#[77]">&gt;&gt;</a>&nbsp;&nbsp;&nbsp;FLASH_ClearFlag
<LI><a href="#[75]">&gt;&gt;</a>&nbsp;&nbsp;&nbsp;FLASH_WaitForLastOpt
<LI><a href="#[63]">&gt;&gt;</a>&nbsp;&nbsp;&nbsp;assert_failed
</UL>

<P><STRONG><a name="[84]"></a>FLASH_ConfigUserOB2</STRONG> (Thumb, 428 bytes, Stack size 32 bytes, n32l40x_flash.o(.text), UNUSED)
<BR><BR>[Calls]<UL><LI><a href="#[7b]">&gt;&gt;</a>&nbsp;&nbsp;&nbsp;FLASH_GetReadOutProtectionL2STS
<LI><a href="#[7c]">&gt;&gt;</a>&nbsp;&nbsp;&nbsp;FLASH_GetReadOutProtectionSTS
<LI><a href="#[77]">&gt;&gt;</a>&nbsp;&nbsp;&nbsp;FLASH_ClearFlag
<LI><a href="#[75]">&gt;&gt;</a>&nbsp;&nbsp;&nbsp;FLASH_WaitForLastOpt
<LI><a href="#[63]">&gt;&gt;</a>&nbsp;&nbsp;&nbsp;assert_failed
</UL>

<P><STRONG><a name="[13d]"></a>FLASH_GetUserOB</STRONG> (Thumb, 8 bytes, Stack size 0 bytes, n32l40x_flash.o(.text), UNUSED)

<P><STRONG><a name="[13e]"></a>FLASH_GetWriteProtectionOB</STRONG> (Thumb, 6 bytes, Stack size 0 bytes, n32l40x_flash.o(.text), UNUSED)

<P><STRONG><a name="[13f]"></a>FLASH_GetPrefetchBufSTS</STRONG> (Thumb, 20 bytes, Stack size 0 bytes, n32l40x_flash.o(.text), UNUSED)

<P><STRONG><a name="[140]"></a>FLASH_GetSMPSELStatus</STRONG> (Thumb, 22 bytes, Stack size 0 bytes, n32l40x_flash.o(.text), UNUSED)

<P><STRONG><a name="[85]"></a>FLASH_INTConfig</STRONG> (Thumb, 80 bytes, Stack size 16 bytes, n32l40x_flash.o(.text), UNUSED)
<BR><BR>[Calls]<UL><LI><a href="#[63]">&gt;&gt;</a>&nbsp;&nbsp;&nbsp;assert_failed
</UL>

<P><STRONG><a name="[86]"></a>FLASH_GetFlagSTS</STRONG> (Thumb, 90 bytes, Stack size 16 bytes, n32l40x_flash.o(.text), UNUSED)
<BR><BR>[Calls]<UL><LI><a href="#[63]">&gt;&gt;</a>&nbsp;&nbsp;&nbsp;assert_failed
</UL>

<P><STRONG><a name="[87]"></a>GPIO_DeInit</STRONG> (Thumb, 490 bytes, Stack size 24 bytes, n32l40x_gpio.o(.text), UNUSED)
<BR><BR>[Calls]<UL><LI><a href="#[88]">&gt;&gt;</a>&nbsp;&nbsp;&nbsp;RCC_EnableAPB2PeriphReset
<LI><a href="#[63]">&gt;&gt;</a>&nbsp;&nbsp;&nbsp;assert_failed
</UL>

<P><STRONG><a name="[89]"></a>GPIO_AFIOInitDefault</STRONG> (Thumb, 20 bytes, Stack size 8 bytes, n32l40x_gpio.o(.text), UNUSED)
<BR><BR>[Calls]<UL><LI><a href="#[88]">&gt;&gt;</a>&nbsp;&nbsp;&nbsp;RCC_EnableAPB2PeriphReset
</UL>

<P><STRONG><a name="[8a]"></a>GPIO_InitPeripheral</STRONG> (Thumb, 1486 bytes, Stack size 32 bytes, n32l40x_gpio.o(.text))
<BR><BR>[Stack]<UL><LI>Max Depth = 32<LI>Call Chain = GPIO_InitPeripheral
</UL>
<BR>[Calls]<UL><LI><a href="#[63]">&gt;&gt;</a>&nbsp;&nbsp;&nbsp;assert_failed
</UL>
<BR>[Called By]<UL><LI><a href="#[ee]">&gt;&gt;</a>&nbsp;&nbsp;&nbsp;USART_COM_Init
</UL>

<P><STRONG><a name="[ef]"></a>GPIO_InitStruct</STRONG> (Thumb, 24 bytes, Stack size 0 bytes, n32l40x_gpio.o(.text))
<BR><BR>[Called By]<UL><LI><a href="#[ee]">&gt;&gt;</a>&nbsp;&nbsp;&nbsp;USART_COM_Init
</UL>

<P><STRONG><a name="[8b]"></a>GPIO_ReadInputDataBit</STRONG> (Thumb, 162 bytes, Stack size 16 bytes, n32l40x_gpio.o(.text), UNUSED)
<BR><BR>[Calls]<UL><LI><a href="#[63]">&gt;&gt;</a>&nbsp;&nbsp;&nbsp;assert_failed
</UL>

<P><STRONG><a name="[8c]"></a>GPIO_ReadInputData</STRONG> (Thumb, 52 bytes, Stack size 8 bytes, n32l40x_gpio.o(.text), UNUSED)
<BR><BR>[Calls]<UL><LI><a href="#[63]">&gt;&gt;</a>&nbsp;&nbsp;&nbsp;assert_failed
</UL>

<P><STRONG><a name="[8d]"></a>GPIO_ReadOutputDataBit</STRONG> (Thumb, 162 bytes, Stack size 16 bytes, n32l40x_gpio.o(.text), UNUSED)
<BR><BR>[Calls]<UL><LI><a href="#[63]">&gt;&gt;</a>&nbsp;&nbsp;&nbsp;assert_failed
</UL>

<P><STRONG><a name="[8e]"></a>GPIO_ReadOutputData</STRONG> (Thumb, 52 bytes, Stack size 8 bytes, n32l40x_gpio.o(.text), UNUSED)
<BR><BR>[Calls]<UL><LI><a href="#[63]">&gt;&gt;</a>&nbsp;&nbsp;&nbsp;assert_failed
</UL>

<P><STRONG><a name="[8f]"></a>GPIO_SetBits</STRONG> (Thumb, 232 bytes, Stack size 16 bytes, n32l40x_gpio.o(.text), UNUSED)
<BR><BR>[Calls]<UL><LI><a href="#[63]">&gt;&gt;</a>&nbsp;&nbsp;&nbsp;assert_failed
</UL>

<P><STRONG><a name="[90]"></a>GPIO_SetBitsHigh16</STRONG> (Thumb, 52 bytes, Stack size 16 bytes, n32l40x_gpio.o(.text), UNUSED)
<BR><BR>[Calls]<UL><LI><a href="#[63]">&gt;&gt;</a>&nbsp;&nbsp;&nbsp;assert_failed
</UL>

<P><STRONG><a name="[91]"></a>GPIO_ResetBits</STRONG> (Thumb, 76 bytes, Stack size 16 bytes, n32l40x_gpio.o(.text), UNUSED)
<BR><BR>[Calls]<UL><LI><a href="#[63]">&gt;&gt;</a>&nbsp;&nbsp;&nbsp;assert_failed
</UL>

<P><STRONG><a name="[92]"></a>GPIO_WriteBit</STRONG> (Thumb, 180 bytes, Stack size 16 bytes, n32l40x_gpio.o(.text), UNUSED)
<BR><BR>[Calls]<UL><LI><a href="#[63]">&gt;&gt;</a>&nbsp;&nbsp;&nbsp;assert_failed
</UL>

<P><STRONG><a name="[93]"></a>GPIO_Write</STRONG> (Thumb, 52 bytes, Stack size 16 bytes, n32l40x_gpio.o(.text), UNUSED)
<BR><BR>[Calls]<UL><LI><a href="#[63]">&gt;&gt;</a>&nbsp;&nbsp;&nbsp;assert_failed
</UL>

<P><STRONG><a name="[94]"></a>GPIO_ConfigPinLock</STRONG> (Thumb, 90 bytes, Stack size 16 bytes, n32l40x_gpio.o(.text), UNUSED)
<BR><BR>[Calls]<UL><LI><a href="#[63]">&gt;&gt;</a>&nbsp;&nbsp;&nbsp;assert_failed
</UL>

<P><STRONG><a name="[95]"></a>GPIO_ConfigPinRemap</STRONG> (Thumb, 496 bytes, Stack size 32 bytes, n32l40x_gpio.o(.text), UNUSED)
<BR><BR>[Calls]<UL><LI><a href="#[63]">&gt;&gt;</a>&nbsp;&nbsp;&nbsp;assert_failed
</UL>

<P><STRONG><a name="[96]"></a>GPIO_ConfigEventOutput</STRONG> (Thumb, 402 bytes, Stack size 24 bytes, n32l40x_gpio.o(.text), UNUSED)
<BR><BR>[Calls]<UL><LI><a href="#[63]">&gt;&gt;</a>&nbsp;&nbsp;&nbsp;assert_failed
</UL>

<P><STRONG><a name="[97]"></a>GPIO_CtrlEventOutput</STRONG> (Thumb, 32 bytes, Stack size 8 bytes, n32l40x_gpio.o(.text), UNUSED)
<BR><BR>[Calls]<UL><LI><a href="#[63]">&gt;&gt;</a>&nbsp;&nbsp;&nbsp;assert_failed
</UL>

<P><STRONG><a name="[98]"></a>GPIO_ConfigEXTILine</STRONG> (Thumb, 172 bytes, Stack size 16 bytes, n32l40x_gpio.o(.text), UNUSED)
<BR><BR>[Calls]<UL><LI><a href="#[63]">&gt;&gt;</a>&nbsp;&nbsp;&nbsp;assert_failed
</UL>

<P><STRONG><a name="[99]"></a>AFIO_ConfigSPINSSMode</STRONG> (Thumb, 80 bytes, Stack size 16 bytes, n32l40x_gpio.o(.text), UNUSED)
<BR><BR>[Calls]<UL><LI><a href="#[63]">&gt;&gt;</a>&nbsp;&nbsp;&nbsp;assert_failed
</UL>

<P><STRONG><a name="[9a]"></a>AFIO_ConfigADCExternalTrigRemap</STRONG> (Thumb, 274 bytes, Stack size 16 bytes, n32l40x_gpio.o(.text), UNUSED)
<BR><BR>[Calls]<UL><LI><a href="#[63]">&gt;&gt;</a>&nbsp;&nbsp;&nbsp;assert_failed
</UL>

<P><STRONG><a name="[141]"></a>RCC_DeInit</STRONG> (Thumb, 80 bytes, Stack size 0 bytes, n32l40x_rcc.o(.text), UNUSED)

<P><STRONG><a name="[9b]"></a>RCC_ConfigHse</STRONG> (Thumb, 102 bytes, Stack size 8 bytes, n32l40x_rcc.o(.text), UNUSED)
<BR><BR>[Calls]<UL><LI><a href="#[63]">&gt;&gt;</a>&nbsp;&nbsp;&nbsp;assert_failed
</UL>
<BR>[Called By]<UL><LI><a href="#[110]">&gt;&gt;</a>&nbsp;&nbsp;&nbsp;SetSysClockToPLL
</UL>

<P><STRONG><a name="[9c]"></a>RCC_GetFlagStatus</STRONG> (Thumb, 144 bytes, Stack size 24 bytes, n32l40x_rcc.o(.text), UNUSED)
<BR><BR>[Calls]<UL><LI><a href="#[63]">&gt;&gt;</a>&nbsp;&nbsp;&nbsp;assert_failed
</UL>
<BR>[Called By]<UL><LI><a href="#[a3]">&gt;&gt;</a>&nbsp;&nbsp;&nbsp;RCC_WaitMsiStable
<LI><a href="#[9f]">&gt;&gt;</a>&nbsp;&nbsp;&nbsp;RCC_WaitHsiStable
<LI><a href="#[9d]">&gt;&gt;</a>&nbsp;&nbsp;&nbsp;RCC_WaitHseStable
<LI><a href="#[110]">&gt;&gt;</a>&nbsp;&nbsp;&nbsp;SetSysClockToPLL
<LI><a href="#[10e]">&gt;&gt;</a>&nbsp;&nbsp;&nbsp;SetSysClock_MSI
</UL>

<P><STRONG><a name="[9d]"></a>RCC_WaitHseStable</STRONG> (Thumb, 56 bytes, Stack size 16 bytes, n32l40x_rcc.o(.text), UNUSED)
<BR><BR>[Calls]<UL><LI><a href="#[9c]">&gt;&gt;</a>&nbsp;&nbsp;&nbsp;RCC_GetFlagStatus
</UL>
<BR>[Called By]<UL><LI><a href="#[110]">&gt;&gt;</a>&nbsp;&nbsp;&nbsp;SetSysClockToPLL
</UL>

<P><STRONG><a name="[9e]"></a>RCC_ConfigHsi</STRONG> (Thumb, 58 bytes, Stack size 8 bytes, n32l40x_rcc.o(.text), UNUSED)
<BR><BR>[Calls]<UL><LI><a href="#[63]">&gt;&gt;</a>&nbsp;&nbsp;&nbsp;assert_failed
</UL>
<BR>[Called By]<UL><LI><a href="#[110]">&gt;&gt;</a>&nbsp;&nbsp;&nbsp;SetSysClockToPLL
</UL>

<P><STRONG><a name="[9f]"></a>RCC_WaitHsiStable</STRONG> (Thumb, 56 bytes, Stack size 16 bytes, n32l40x_rcc.o(.text), UNUSED)
<BR><BR>[Calls]<UL><LI><a href="#[9c]">&gt;&gt;</a>&nbsp;&nbsp;&nbsp;RCC_GetFlagStatus
</UL>
<BR>[Called By]<UL><LI><a href="#[110]">&gt;&gt;</a>&nbsp;&nbsp;&nbsp;SetSysClockToPLL
</UL>

<P><STRONG><a name="[a0]"></a>RCC_SetHsiCalibValue</STRONG> (Thumb, 40 bytes, Stack size 16 bytes, n32l40x_rcc.o(.text), UNUSED)
<BR><BR>[Calls]<UL><LI><a href="#[63]">&gt;&gt;</a>&nbsp;&nbsp;&nbsp;assert_failed
</UL>

<P><STRONG><a name="[a1]"></a>RCC_EnableHsi</STRONG> (Thumb, 30 bytes, Stack size 8 bytes, n32l40x_rcc.o(.text), UNUSED)
<BR><BR>[Calls]<UL><LI><a href="#[63]">&gt;&gt;</a>&nbsp;&nbsp;&nbsp;assert_failed
</UL>

<P><STRONG><a name="[a2]"></a>RCC_ConfigMsi</STRONG> (Thumb, 124 bytes, Stack size 16 bytes, n32l40x_rcc.o(.text), UNUSED)
<BR><BR>[Calls]<UL><LI><a href="#[63]">&gt;&gt;</a>&nbsp;&nbsp;&nbsp;assert_failed
</UL>
<BR>[Called By]<UL><LI><a href="#[110]">&gt;&gt;</a>&nbsp;&nbsp;&nbsp;SetSysClockToPLL
<LI><a href="#[10e]">&gt;&gt;</a>&nbsp;&nbsp;&nbsp;SetSysClock_MSI
</UL>

<P><STRONG><a name="[a3]"></a>RCC_WaitMsiStable</STRONG> (Thumb, 56 bytes, Stack size 16 bytes, n32l40x_rcc.o(.text), UNUSED)
<BR><BR>[Calls]<UL><LI><a href="#[9c]">&gt;&gt;</a>&nbsp;&nbsp;&nbsp;RCC_GetFlagStatus
</UL>
<BR>[Called By]<UL><LI><a href="#[110]">&gt;&gt;</a>&nbsp;&nbsp;&nbsp;SetSysClockToPLL
<LI><a href="#[10e]">&gt;&gt;</a>&nbsp;&nbsp;&nbsp;SetSysClock_MSI
</UL>

<P><STRONG><a name="[142]"></a>RCC_SetMsiCalibValue</STRONG> (Thumb, 20 bytes, Stack size 0 bytes, n32l40x_rcc.o(.text), UNUSED)

<P><STRONG><a name="[a4]"></a>RCC_EnableMsi</STRONG> (Thumb, 30 bytes, Stack size 8 bytes, n32l40x_rcc.o(.text), UNUSED)
<BR><BR>[Calls]<UL><LI><a href="#[63]">&gt;&gt;</a>&nbsp;&nbsp;&nbsp;assert_failed
</UL>

<P><STRONG><a name="[a5]"></a>RCC_ConfigPll</STRONG> (Thumb, 670 bytes, Stack size 24 bytes, n32l40x_rcc.o(.text), UNUSED)
<BR><BR>[Calls]<UL><LI><a href="#[63]">&gt;&gt;</a>&nbsp;&nbsp;&nbsp;assert_failed
</UL>
<BR>[Called By]<UL><LI><a href="#[110]">&gt;&gt;</a>&nbsp;&nbsp;&nbsp;SetSysClockToPLL
</UL>

<P><STRONG><a name="[a6]"></a>RCC_EnablePll</STRONG> (Thumb, 34 bytes, Stack size 8 bytes, n32l40x_rcc.o(.text), UNUSED)
<BR><BR>[Calls]<UL><LI><a href="#[63]">&gt;&gt;</a>&nbsp;&nbsp;&nbsp;assert_failed
</UL>
<BR>[Called By]<UL><LI><a href="#[110]">&gt;&gt;</a>&nbsp;&nbsp;&nbsp;SetSysClockToPLL
</UL>

<P><STRONG><a name="[a7]"></a>RCC_ConfigSysclk</STRONG> (Thumb, 50 bytes, Stack size 16 bytes, n32l40x_rcc.o(.text), UNUSED)
<BR><BR>[Calls]<UL><LI><a href="#[63]">&gt;&gt;</a>&nbsp;&nbsp;&nbsp;assert_failed
</UL>
<BR>[Called By]<UL><LI><a href="#[110]">&gt;&gt;</a>&nbsp;&nbsp;&nbsp;SetSysClockToPLL
<LI><a href="#[10e]">&gt;&gt;</a>&nbsp;&nbsp;&nbsp;SetSysClock_MSI
</UL>

<P><STRONG><a name="[10f]"></a>RCC_GetSysclkSrc</STRONG> (Thumb, 10 bytes, Stack size 0 bytes, n32l40x_rcc.o(.text), UNUSED)
<BR><BR>[Called By]<UL><LI><a href="#[110]">&gt;&gt;</a>&nbsp;&nbsp;&nbsp;SetSysClockToPLL
<LI><a href="#[10e]">&gt;&gt;</a>&nbsp;&nbsp;&nbsp;SetSysClock_MSI
</UL>

<P><STRONG><a name="[a8]"></a>RCC_ConfigHclk</STRONG> (Thumb, 70 bytes, Stack size 16 bytes, n32l40x_rcc.o(.text), UNUSED)
<BR><BR>[Calls]<UL><LI><a href="#[63]">&gt;&gt;</a>&nbsp;&nbsp;&nbsp;assert_failed
</UL>
<BR>[Called By]<UL><LI><a href="#[110]">&gt;&gt;</a>&nbsp;&nbsp;&nbsp;SetSysClockToPLL
<LI><a href="#[10e]">&gt;&gt;</a>&nbsp;&nbsp;&nbsp;SetSysClock_MSI
</UL>

<P><STRONG><a name="[a9]"></a>RCC_ConfigPclk1</STRONG> (Thumb, 62 bytes, Stack size 16 bytes, n32l40x_rcc.o(.text), UNUSED)
<BR><BR>[Calls]<UL><LI><a href="#[63]">&gt;&gt;</a>&nbsp;&nbsp;&nbsp;assert_failed
</UL>
<BR>[Called By]<UL><LI><a href="#[110]">&gt;&gt;</a>&nbsp;&nbsp;&nbsp;SetSysClockToPLL
<LI><a href="#[10e]">&gt;&gt;</a>&nbsp;&nbsp;&nbsp;SetSysClock_MSI
</UL>

<P><STRONG><a name="[aa]"></a>RCC_ConfigPclk2</STRONG> (Thumb, 64 bytes, Stack size 16 bytes, n32l40x_rcc.o(.text), UNUSED)
<BR><BR>[Calls]<UL><LI><a href="#[63]">&gt;&gt;</a>&nbsp;&nbsp;&nbsp;assert_failed
</UL>
<BR>[Called By]<UL><LI><a href="#[110]">&gt;&gt;</a>&nbsp;&nbsp;&nbsp;SetSysClockToPLL
<LI><a href="#[10e]">&gt;&gt;</a>&nbsp;&nbsp;&nbsp;SetSysClock_MSI
</UL>

<P><STRONG><a name="[ab]"></a>RCC_ConfigInt</STRONG> (Thumb, 104 bytes, Stack size 16 bytes, n32l40x_rcc.o(.text), UNUSED)
<BR><BR>[Calls]<UL><LI><a href="#[63]">&gt;&gt;</a>&nbsp;&nbsp;&nbsp;assert_failed
</UL>

<P><STRONG><a name="[ac]"></a>RCC_ConfigUsbClk</STRONG> (Thumb, 50 bytes, Stack size 8 bytes, n32l40x_rcc.o(.text))
<BR><BR>[Stack]<UL><LI>Max Depth = 8<LI>Call Chain = RCC_ConfigUsbClk
</UL>
<BR>[Calls]<UL><LI><a href="#[63]">&gt;&gt;</a>&nbsp;&nbsp;&nbsp;assert_failed
</UL>
<BR>[Called By]<UL><LI><a href="#[ed]">&gt;&gt;</a>&nbsp;&nbsp;&nbsp;Set_USBClock
</UL>

<P><STRONG><a name="[ad]"></a>RCC_ConfigTim18Clk</STRONG> (Thumb, 44 bytes, Stack size 16 bytes, n32l40x_rcc.o(.text), UNUSED)
<BR><BR>[Calls]<UL><LI><a href="#[63]">&gt;&gt;</a>&nbsp;&nbsp;&nbsp;assert_failed
</UL>

<P><STRONG><a name="[ae]"></a>RCC_ConfigRngcClk</STRONG> (Thumb, 228 bytes, Stack size 16 bytes, n32l40x_rcc.o(.text), UNUSED)
<BR><BR>[Calls]<UL><LI><a href="#[63]">&gt;&gt;</a>&nbsp;&nbsp;&nbsp;assert_failed
</UL>

<P><STRONG><a name="[af]"></a>RCC_ConfigAdc1mClk</STRONG> (Thumb, 622 bytes, Stack size 16 bytes, n32l40x_rcc.o(.text), UNUSED)
<BR><BR>[Calls]<UL><LI><a href="#[63]">&gt;&gt;</a>&nbsp;&nbsp;&nbsp;assert_failed
</UL>

<P><STRONG><a name="[b0]"></a>RCC_ConfigAdcPllClk</STRONG> (Thumb, 156 bytes, Stack size 16 bytes, n32l40x_rcc.o(.text), UNUSED)
<BR><BR>[Calls]<UL><LI><a href="#[63]">&gt;&gt;</a>&nbsp;&nbsp;&nbsp;assert_failed
</UL>

<P><STRONG><a name="[b1]"></a>RCC_ConfigAdcHclk</STRONG> (Thumb, 76 bytes, Stack size 16 bytes, n32l40x_rcc.o(.text), UNUSED)
<BR><BR>[Calls]<UL><LI><a href="#[63]">&gt;&gt;</a>&nbsp;&nbsp;&nbsp;assert_failed
</UL>

<P><STRONG><a name="[b2]"></a>RCC_ConfigTrng1mClk</STRONG> (Thumb, 254 bytes, Stack size 16 bytes, n32l40x_rcc.o(.text), UNUSED)
<BR><BR>[Calls]<UL><LI><a href="#[63]">&gt;&gt;</a>&nbsp;&nbsp;&nbsp;assert_failed
</UL>

<P><STRONG><a name="[b3]"></a>RCC_EnableTrng1mClk</STRONG> (Thumb, 58 bytes, Stack size 8 bytes, n32l40x_rcc.o(.text), UNUSED)
<BR><BR>[Calls]<UL><LI><a href="#[63]">&gt;&gt;</a>&nbsp;&nbsp;&nbsp;assert_failed
</UL>

<P><STRONG><a name="[b4]"></a>RCC_ConfigUCDRClk</STRONG> (Thumb, 96 bytes, Stack size 16 bytes, n32l40x_rcc.o(.text), UNUSED)
<BR><BR>[Calls]<UL><LI><a href="#[63]">&gt;&gt;</a>&nbsp;&nbsp;&nbsp;assert_failed
</UL>

<P><STRONG><a name="[b5]"></a>RCC_ConfigUSBXTALESSMode</STRONG> (Thumb, 50 bytes, Stack size 8 bytes, n32l40x_rcc.o(.text), UNUSED)
<BR><BR>[Calls]<UL><LI><a href="#[63]">&gt;&gt;</a>&nbsp;&nbsp;&nbsp;assert_failed
</UL>

<P><STRONG><a name="[b6]"></a>RCC_EnableRETPeriphClk</STRONG> (Thumb, 80 bytes, Stack size 16 bytes, n32l40x_rcc.o(.text), UNUSED)
<BR><BR>[Calls]<UL><LI><a href="#[63]">&gt;&gt;</a>&nbsp;&nbsp;&nbsp;assert_failed
</UL>

<P><STRONG><a name="[b7]"></a>RCC_EnableRETPeriphReset</STRONG> (Thumb, 84 bytes, Stack size 16 bytes, n32l40x_rcc.o(.text), UNUSED)
<BR><BR>[Calls]<UL><LI><a href="#[63]">&gt;&gt;</a>&nbsp;&nbsp;&nbsp;assert_failed
</UL>

<P><STRONG><a name="[b8]"></a>RCC_EnableAPB1PeriphClk</STRONG> (Thumb, 458 bytes, Stack size 16 bytes, n32l40x_rcc.o(.text))
<BR><BR>[Stack]<UL><LI>Max Depth = 16<LI>Call Chain = RCC_EnableAPB1PeriphClk
</UL>
<BR>[Calls]<UL><LI><a href="#[63]">&gt;&gt;</a>&nbsp;&nbsp;&nbsp;assert_failed
</UL>
<BR>[Called By]<UL><LI><a href="#[e9]">&gt;&gt;</a>&nbsp;&nbsp;&nbsp;USB_Config
<LI><a href="#[b9]">&gt;&gt;</a>&nbsp;&nbsp;&nbsp;RCC_ConfigLPTIMClk
<LI><a href="#[be]">&gt;&gt;</a>&nbsp;&nbsp;&nbsp;RCC_ConfigLse
</UL>

<P><STRONG><a name="[b9]"></a>RCC_ConfigLPTIMClk</STRONG> (Thumb, 84 bytes, Stack size 8 bytes, n32l40x_rcc.o(.text), UNUSED)
<BR><BR>[Calls]<UL><LI><a href="#[b8]">&gt;&gt;</a>&nbsp;&nbsp;&nbsp;RCC_EnableAPB1PeriphClk
<LI><a href="#[63]">&gt;&gt;</a>&nbsp;&nbsp;&nbsp;assert_failed
</UL>

<P><STRONG><a name="[143]"></a>RCC_GetLPTIMClkSrc</STRONG> (Thumb, 10 bytes, Stack size 0 bytes, n32l40x_rcc.o(.text), UNUSED)

<P><STRONG><a name="[ba]"></a>RCC_ConfigLPUARTClk</STRONG> (Thumb, 48 bytes, Stack size 8 bytes, n32l40x_rcc.o(.text), UNUSED)
<BR><BR>[Calls]<UL><LI><a href="#[63]">&gt;&gt;</a>&nbsp;&nbsp;&nbsp;assert_failed
</UL>

<P><STRONG><a name="[144]"></a>RCC_GetLPUARTClkSrc</STRONG> (Thumb, 10 bytes, Stack size 0 bytes, n32l40x_rcc.o(.text), UNUSED)

<P><STRONG><a name="[bb]"></a>RCC_ConfigSRAMParityErrorInt</STRONG> (Thumb, 80 bytes, Stack size 16 bytes, n32l40x_rcc.o(.text), UNUSED)
<BR><BR>[Calls]<UL><LI><a href="#[63]">&gt;&gt;</a>&nbsp;&nbsp;&nbsp;assert_failed
</UL>

<P><STRONG><a name="[bc]"></a>RCC_ConfigSRAMParityErrorRESET</STRONG> (Thumb, 80 bytes, Stack size 16 bytes, n32l40x_rcc.o(.text), UNUSED)
<BR><BR>[Calls]<UL><LI><a href="#[63]">&gt;&gt;</a>&nbsp;&nbsp;&nbsp;assert_failed
</UL>

<P><STRONG><a name="[bd]"></a>RCC_ClrSRAMParityErrorFlag</STRONG> (Thumb, 40 bytes, Stack size 8 bytes, n32l40x_rcc.o(.text), UNUSED)
<BR><BR>[Calls]<UL><LI><a href="#[63]">&gt;&gt;</a>&nbsp;&nbsp;&nbsp;assert_failed
</UL>

<P><STRONG><a name="[bf]"></a>LSE_XtalConfig</STRONG> (Thumb, 34 bytes, Stack size 0 bytes, n32l40x_rcc.o(.text), UNUSED)
<BR><BR>[Called By]<UL><LI><a href="#[be]">&gt;&gt;</a>&nbsp;&nbsp;&nbsp;RCC_ConfigLse
</UL>

<P><STRONG><a name="[be]"></a>RCC_ConfigLse</STRONG> (Thumb, 132 bytes, Stack size 24 bytes, n32l40x_rcc.o(.text), UNUSED)
<BR><BR>[Calls]<UL><LI><a href="#[b8]">&gt;&gt;</a>&nbsp;&nbsp;&nbsp;RCC_EnableAPB1PeriphClk
<LI><a href="#[63]">&gt;&gt;</a>&nbsp;&nbsp;&nbsp;assert_failed
<LI><a href="#[bf]">&gt;&gt;</a>&nbsp;&nbsp;&nbsp;LSE_XtalConfig
</UL>

<P><STRONG><a name="[c0]"></a>RCC_EnableLsi</STRONG> (Thumb, 34 bytes, Stack size 8 bytes, n32l40x_rcc.o(.text), UNUSED)
<BR><BR>[Calls]<UL><LI><a href="#[63]">&gt;&gt;</a>&nbsp;&nbsp;&nbsp;assert_failed
</UL>

<P><STRONG><a name="[c1]"></a>RCC_ConfigRtcClk</STRONG> (Thumb, 54 bytes, Stack size 16 bytes, n32l40x_rcc.o(.text), UNUSED)
<BR><BR>[Calls]<UL><LI><a href="#[63]">&gt;&gt;</a>&nbsp;&nbsp;&nbsp;assert_failed
</UL>

<P><STRONG><a name="[145]"></a>RCC_GetRTCClkSrc</STRONG> (Thumb, 10 bytes, Stack size 0 bytes, n32l40x_rcc.o(.text), UNUSED)

<P><STRONG><a name="[c2]"></a>RCC_EnableRtcClk</STRONG> (Thumb, 36 bytes, Stack size 8 bytes, n32l40x_rcc.o(.text), UNUSED)
<BR><BR>[Calls]<UL><LI><a href="#[63]">&gt;&gt;</a>&nbsp;&nbsp;&nbsp;assert_failed
</UL>

<P><STRONG><a name="[c3]"></a>RCC_ConfigLSXClk</STRONG> (Thumb, 48 bytes, Stack size 8 bytes, n32l40x_rcc.o(.text), UNUSED)
<BR><BR>[Calls]<UL><LI><a href="#[63]">&gt;&gt;</a>&nbsp;&nbsp;&nbsp;assert_failed
</UL>

<P><STRONG><a name="[146]"></a>RCC_GetLSXClkSrc</STRONG> (Thumb, 10 bytes, Stack size 0 bytes, n32l40x_rcc.o(.text), UNUSED)

<P><STRONG><a name="[d1]"></a>RCC_GetClocksFreqValue</STRONG> (Thumb, 634 bytes, Stack size 20 bytes, n32l40x_rcc.o(.text))
<BR><BR>[Stack]<UL><LI>Max Depth = 20<LI>Call Chain = RCC_GetClocksFreqValue
</UL>
<BR>[Called By]<UL><LI><a href="#[d0]">&gt;&gt;</a>&nbsp;&nbsp;&nbsp;USART_Init
</UL>

<P><STRONG><a name="[c4]"></a>RCC_EnableAHBPeriphClk</STRONG> (Thumb, 80 bytes, Stack size 16 bytes, n32l40x_rcc.o(.text), UNUSED)
<BR><BR>[Calls]<UL><LI><a href="#[63]">&gt;&gt;</a>&nbsp;&nbsp;&nbsp;assert_failed
</UL>

<P><STRONG><a name="[c5]"></a>RCC_EnableAPB2PeriphClk</STRONG> (Thumb, 76 bytes, Stack size 16 bytes, n32l40x_rcc.o(.text))
<BR><BR>[Stack]<UL><LI>Max Depth = 16<LI>Call Chain = RCC_EnableAPB2PeriphClk
</UL>
<BR>[Calls]<UL><LI><a href="#[63]">&gt;&gt;</a>&nbsp;&nbsp;&nbsp;assert_failed
</UL>
<BR>[Called By]<UL><LI><a href="#[ee]">&gt;&gt;</a>&nbsp;&nbsp;&nbsp;USART_COM_Init
</UL>

<P><STRONG><a name="[c6]"></a>RCC_EnableAHBPeriphReset</STRONG> (Thumb, 80 bytes, Stack size 16 bytes, n32l40x_rcc.o(.text), UNUSED)
<BR><BR>[Calls]<UL><LI><a href="#[63]">&gt;&gt;</a>&nbsp;&nbsp;&nbsp;assert_failed
</UL>

<P><STRONG><a name="[88]"></a>RCC_EnableAPB2PeriphReset</STRONG> (Thumb, 76 bytes, Stack size 16 bytes, n32l40x_rcc.o(.text), UNUSED)
<BR><BR>[Calls]<UL><LI><a href="#[63]">&gt;&gt;</a>&nbsp;&nbsp;&nbsp;assert_failed
</UL>
<BR>[Called By]<UL><LI><a href="#[89]">&gt;&gt;</a>&nbsp;&nbsp;&nbsp;GPIO_AFIOInitDefault
<LI><a href="#[87]">&gt;&gt;</a>&nbsp;&nbsp;&nbsp;GPIO_DeInit
<LI><a href="#[cf]">&gt;&gt;</a>&nbsp;&nbsp;&nbsp;USART_DeInit
</UL>

<P><STRONG><a name="[c7]"></a>RCC_EnableAPB1PeriphReset</STRONG> (Thumb, 78 bytes, Stack size 16 bytes, n32l40x_rcc.o(.text), UNUSED)
<BR><BR>[Calls]<UL><LI><a href="#[63]">&gt;&gt;</a>&nbsp;&nbsp;&nbsp;assert_failed
</UL>
<BR>[Called By]<UL><LI><a href="#[cf]">&gt;&gt;</a>&nbsp;&nbsp;&nbsp;USART_DeInit
</UL>

<P><STRONG><a name="[c8]"></a>RCC_EnableLowPowerReset</STRONG> (Thumb, 32 bytes, Stack size 8 bytes, n32l40x_rcc.o(.text), UNUSED)
<BR><BR>[Calls]<UL><LI><a href="#[63]">&gt;&gt;</a>&nbsp;&nbsp;&nbsp;assert_failed
</UL>

<P><STRONG><a name="[c9]"></a>RCC_EnableClockSecuritySystem</STRONG> (Thumb, 32 bytes, Stack size 8 bytes, n32l40x_rcc.o(.text), UNUSED)
<BR><BR>[Calls]<UL><LI><a href="#[63]">&gt;&gt;</a>&nbsp;&nbsp;&nbsp;assert_failed
</UL>

<P><STRONG><a name="[ca]"></a>RCC_EnableLSEClockSecuritySystem</STRONG> (Thumb, 34 bytes, Stack size 8 bytes, n32l40x_rcc.o(.text), UNUSED)
<BR><BR>[Calls]<UL><LI><a href="#[63]">&gt;&gt;</a>&nbsp;&nbsp;&nbsp;assert_failed
</UL>

<P><STRONG><a name="[147]"></a>RCC_GetLSEClockSecuritySystemStatus</STRONG> (Thumb, 20 bytes, Stack size 0 bytes, n32l40x_rcc.o(.text), UNUSED)

<P><STRONG><a name="[cb]"></a>RCC_ConfigMcoClkPre</STRONG> (Thumb, 126 bytes, Stack size 16 bytes, n32l40x_rcc.o(.text), UNUSED)
<BR><BR>[Calls]<UL><LI><a href="#[63]">&gt;&gt;</a>&nbsp;&nbsp;&nbsp;assert_failed
</UL>

<P><STRONG><a name="[cc]"></a>RCC_ConfigMco</STRONG> (Thumb, 66 bytes, Stack size 16 bytes, n32l40x_rcc.o(.text), UNUSED)
<BR><BR>[Calls]<UL><LI><a href="#[63]">&gt;&gt;</a>&nbsp;&nbsp;&nbsp;assert_failed
</UL>

<P><STRONG><a name="[148]"></a>RCC_ClrFlag</STRONG> (Thumb, 24 bytes, Stack size 0 bytes, n32l40x_rcc.o(.text), UNUSED)

<P><STRONG><a name="[cd]"></a>RCC_GetIntStatus</STRONG> (Thumb, 70 bytes, Stack size 16 bytes, n32l40x_rcc.o(.text), UNUSED)
<BR><BR>[Calls]<UL><LI><a href="#[63]">&gt;&gt;</a>&nbsp;&nbsp;&nbsp;assert_failed
</UL>

<P><STRONG><a name="[ce]"></a>RCC_ClrIntPendingBit</STRONG> (Thumb, 78 bytes, Stack size 8 bytes, n32l40x_rcc.o(.text), UNUSED)
<BR><BR>[Calls]<UL><LI><a href="#[63]">&gt;&gt;</a>&nbsp;&nbsp;&nbsp;assert_failed
</UL>

<P><STRONG><a name="[cf]"></a>USART_DeInit</STRONG> (Thumb, 176 bytes, Stack size 8 bytes, n32l40x_usart.o(.text), UNUSED)
<BR><BR>[Calls]<UL><LI><a href="#[88]">&gt;&gt;</a>&nbsp;&nbsp;&nbsp;RCC_EnableAPB2PeriphReset
<LI><a href="#[c7]">&gt;&gt;</a>&nbsp;&nbsp;&nbsp;RCC_EnableAPB1PeriphReset
<LI><a href="#[63]">&gt;&gt;</a>&nbsp;&nbsp;&nbsp;assert_failed
</UL>

<P><STRONG><a name="[d0]"></a>USART_Init</STRONG> (Thumb, 444 bytes, Stack size 56 bytes, n32l40x_usart.o(.text))
<BR><BR>[Stack]<UL><LI>Max Depth = 76<LI>Call Chain = USART_Init &rArr; RCC_GetClocksFreqValue
</UL>
<BR>[Calls]<UL><LI><a href="#[d1]">&gt;&gt;</a>&nbsp;&nbsp;&nbsp;RCC_GetClocksFreqValue
<LI><a href="#[63]">&gt;&gt;</a>&nbsp;&nbsp;&nbsp;assert_failed
</UL>
<BR>[Called By]<UL><LI><a href="#[ee]">&gt;&gt;</a>&nbsp;&nbsp;&nbsp;USART_COM_Init
</UL>

<P><STRONG><a name="[f3]"></a>USART_StructInit</STRONG> (Thumb, 24 bytes, Stack size 0 bytes, n32l40x_usart.o(.text))
<BR><BR>[Called By]<UL><LI><a href="#[f4]">&gt;&gt;</a>&nbsp;&nbsp;&nbsp;USART_Config
<LI><a href="#[f2]">&gt;&gt;</a>&nbsp;&nbsp;&nbsp;USART_Config_Default
</UL>

<P><STRONG><a name="[d2]"></a>USART_ClockInit</STRONG> (Thumb, 172 bytes, Stack size 16 bytes, n32l40x_usart.o(.text), UNUSED)
<BR><BR>[Calls]<UL><LI><a href="#[63]">&gt;&gt;</a>&nbsp;&nbsp;&nbsp;assert_failed
</UL>

<P><STRONG><a name="[149]"></a>USART_ClockStructInit</STRONG> (Thumb, 12 bytes, Stack size 0 bytes, n32l40x_usart.o(.text), UNUSED)

<P><STRONG><a name="[d3]"></a>USART_Enable</STRONG> (Thumb, 94 bytes, Stack size 16 bytes, n32l40x_usart.o(.text))
<BR><BR>[Stack]<UL><LI>Max Depth = 16<LI>Call Chain = USART_Enable
</UL>
<BR>[Calls]<UL><LI><a href="#[63]">&gt;&gt;</a>&nbsp;&nbsp;&nbsp;assert_failed
</UL>
<BR>[Called By]<UL><LI><a href="#[ee]">&gt;&gt;</a>&nbsp;&nbsp;&nbsp;USART_COM_Init
</UL>

<P><STRONG><a name="[d4]"></a>USART_ConfigInt</STRONG> (Thumb, 868 bytes, Stack size 32 bytes, n32l40x_usart.o(.text))
<BR><BR>[Stack]<UL><LI>Max Depth = 32<LI>Call Chain = USART_ConfigInt
</UL>
<BR>[Calls]<UL><LI><a href="#[63]">&gt;&gt;</a>&nbsp;&nbsp;&nbsp;assert_failed
</UL>
<BR>[Called By]<UL><LI><a href="#[ee]">&gt;&gt;</a>&nbsp;&nbsp;&nbsp;USART_COM_Init
</UL>

<P><STRONG><a name="[d5]"></a>USART_EnableDMA</STRONG> (Thumb, 124 bytes, Stack size 16 bytes, n32l40x_usart.o(.text), UNUSED)
<BR><BR>[Calls]<UL><LI><a href="#[63]">&gt;&gt;</a>&nbsp;&nbsp;&nbsp;assert_failed
</UL>

<P><STRONG><a name="[d6]"></a>USART_SetAddr</STRONG> (Thumb, 92 bytes, Stack size 16 bytes, n32l40x_usart.o(.text), UNUSED)
<BR><BR>[Calls]<UL><LI><a href="#[63]">&gt;&gt;</a>&nbsp;&nbsp;&nbsp;assert_failed
</UL>

<P><STRONG><a name="[d7]"></a>USART_ConfigWakeUpMode</STRONG> (Thumb, 96 bytes, Stack size 16 bytes, n32l40x_usart.o(.text), UNUSED)
<BR><BR>[Calls]<UL><LI><a href="#[63]">&gt;&gt;</a>&nbsp;&nbsp;&nbsp;assert_failed
</UL>

<P><STRONG><a name="[d8]"></a>USART_EnableRcvWakeUp</STRONG> (Thumb, 102 bytes, Stack size 16 bytes, n32l40x_usart.o(.text), UNUSED)
<BR><BR>[Calls]<UL><LI><a href="#[63]">&gt;&gt;</a>&nbsp;&nbsp;&nbsp;assert_failed
</UL>

<P><STRONG><a name="[d9]"></a>USART_ConfigLINBreakDetectLength</STRONG> (Thumb, 94 bytes, Stack size 16 bytes, n32l40x_usart.o(.text), UNUSED)
<BR><BR>[Calls]<UL><LI><a href="#[63]">&gt;&gt;</a>&nbsp;&nbsp;&nbsp;assert_failed
</UL>

<P><STRONG><a name="[da]"></a>USART_EnableLIN</STRONG> (Thumb, 102 bytes, Stack size 16 bytes, n32l40x_usart.o(.text), UNUSED)
<BR><BR>[Calls]<UL><LI><a href="#[63]">&gt;&gt;</a>&nbsp;&nbsp;&nbsp;assert_failed
</UL>

<P><STRONG><a name="[db]"></a>USART_SendData</STRONG> (Thumb, 84 bytes, Stack size 16 bytes, n32l40x_usart.o(.text))
<BR><BR>[Stack]<UL><LI>Max Depth = 16<LI>Call Chain = USART_SendData
</UL>
<BR>[Calls]<UL><LI><a href="#[63]">&gt;&gt;</a>&nbsp;&nbsp;&nbsp;assert_failed
</UL>
<BR>[Called By]<UL><LI><a href="#[f5]">&gt;&gt;</a>&nbsp;&nbsp;&nbsp;USB_To_USART_Send_Data
</UL>

<P><STRONG><a name="[dc]"></a>USART_ReceiveData</STRONG> (Thumb, 60 bytes, Stack size 8 bytes, n32l40x_usart.o(.text))
<BR><BR>[Stack]<UL><LI>Max Depth = 8<LI>Call Chain = USART_ReceiveData
</UL>
<BR>[Calls]<UL><LI><a href="#[63]">&gt;&gt;</a>&nbsp;&nbsp;&nbsp;assert_failed
</UL>
<BR>[Called By]<UL><LI><a href="#[ec]">&gt;&gt;</a>&nbsp;&nbsp;&nbsp;USART_To_USB_Send_Data
<LI><a href="#[3e]">&gt;&gt;</a>&nbsp;&nbsp;&nbsp;USART1_IRQHandler
</UL>

<P><STRONG><a name="[dd]"></a>USART_SendBreak</STRONG> (Thumb, 62 bytes, Stack size 8 bytes, n32l40x_usart.o(.text), UNUSED)
<BR><BR>[Calls]<UL><LI><a href="#[63]">&gt;&gt;</a>&nbsp;&nbsp;&nbsp;assert_failed
</UL>

<P><STRONG><a name="[de]"></a>USART_SetGuardTime</STRONG> (Thumb, 290 bytes, Stack size 16 bytes, n32l40x_usart.o(.text), UNUSED)
<BR><BR>[Calls]<UL><LI><a href="#[63]">&gt;&gt;</a>&nbsp;&nbsp;&nbsp;assert_failed
</UL>

<P><STRONG><a name="[df]"></a>USART_SetPrescaler</STRONG> (Thumb, 70 bytes, Stack size 16 bytes, n32l40x_usart.o(.text), UNUSED)
<BR><BR>[Calls]<UL><LI><a href="#[63]">&gt;&gt;</a>&nbsp;&nbsp;&nbsp;assert_failed
</UL>

<P><STRONG><a name="[e0]"></a>USART_EnableSmartCard</STRONG> (Thumb, 90 bytes, Stack size 16 bytes, n32l40x_usart.o(.text), UNUSED)
<BR><BR>[Calls]<UL><LI><a href="#[63]">&gt;&gt;</a>&nbsp;&nbsp;&nbsp;assert_failed
</UL>

<P><STRONG><a name="[e1]"></a>USART_SetSmartCardNACK</STRONG> (Thumb, 90 bytes, Stack size 16 bytes, n32l40x_usart.o(.text), UNUSED)
<BR><BR>[Calls]<UL><LI><a href="#[63]">&gt;&gt;</a>&nbsp;&nbsp;&nbsp;assert_failed
</UL>

<P><STRONG><a name="[e2]"></a>USART_EnableHalfDuplex</STRONG> (Thumb, 102 bytes, Stack size 16 bytes, n32l40x_usart.o(.text), UNUSED)
<BR><BR>[Calls]<UL><LI><a href="#[63]">&gt;&gt;</a>&nbsp;&nbsp;&nbsp;assert_failed
</UL>

<P><STRONG><a name="[e3]"></a>USART_ConfigIrDAMode</STRONG> (Thumb, 94 bytes, Stack size 16 bytes, n32l40x_usart.o(.text), UNUSED)
<BR><BR>[Calls]<UL><LI><a href="#[63]">&gt;&gt;</a>&nbsp;&nbsp;&nbsp;assert_failed
</UL>

<P><STRONG><a name="[e4]"></a>USART_EnableIrDA</STRONG> (Thumb, 102 bytes, Stack size 16 bytes, n32l40x_usart.o(.text), UNUSED)
<BR><BR>[Calls]<UL><LI><a href="#[63]">&gt;&gt;</a>&nbsp;&nbsp;&nbsp;assert_failed
</UL>

<P><STRONG><a name="[e5]"></a>USART_GetFlagStatus</STRONG> (Thumb, 174 bytes, Stack size 16 bytes, n32l40x_usart.o(.text))
<BR><BR>[Stack]<UL><LI>Max Depth = 16<LI>Call Chain = USART_GetFlagStatus
</UL>
<BR>[Calls]<UL><LI><a href="#[63]">&gt;&gt;</a>&nbsp;&nbsp;&nbsp;assert_failed
</UL>
<BR>[Called By]<UL><LI><a href="#[f5]">&gt;&gt;</a>&nbsp;&nbsp;&nbsp;USB_To_USART_Send_Data
<LI><a href="#[3e]">&gt;&gt;</a>&nbsp;&nbsp;&nbsp;USART1_IRQHandler
</UL>

<P><STRONG><a name="[e6]"></a>USART_ClrFlag</STRONG> (Thumb, 132 bytes, Stack size 16 bytes, n32l40x_usart.o(.text), UNUSED)
<BR><BR>[Calls]<UL><LI><a href="#[63]">&gt;&gt;</a>&nbsp;&nbsp;&nbsp;assert_failed
</UL>

<P><STRONG><a name="[e7]"></a>USART_GetIntStatus</STRONG> (Thumb, 414 bytes, Stack size 32 bytes, n32l40x_usart.o(.text), UNUSED)
<BR><BR>[Calls]<UL><LI><a href="#[63]">&gt;&gt;</a>&nbsp;&nbsp;&nbsp;assert_failed
</UL>

<P><STRONG><a name="[e8]"></a>USART_ClrIntPendingBit</STRONG> (Thumb, 168 bytes, Stack size 24 bytes, n32l40x_usart.o(.text), UNUSED)
<BR><BR>[Calls]<UL><LI><a href="#[63]">&gt;&gt;</a>&nbsp;&nbsp;&nbsp;assert_failed
</UL>

<P><STRONG><a name="[5b]"></a>main</STRONG> (Thumb, 36 bytes, Stack size 0 bytes, main.o(.text))
<BR><BR>[Stack]<UL><LI>Max Depth = 48<LI>Call Chain = main &rArr; USB_Init &rArr; USB_Interrupts_Config &rArr; NVIC_Init
</UL>
<BR>[Calls]<UL><LI><a href="#[ea]">&gt;&gt;</a>&nbsp;&nbsp;&nbsp;USB_Init
<LI><a href="#[e9]">&gt;&gt;</a>&nbsp;&nbsp;&nbsp;USB_Config
</UL>
<BR>[Address Reference Count : 1]<UL><LI> entry9a.o(.ARM.Collect$$$$0000000B)
</UL>
<P><STRONG><a name="[14a]"></a>Delay</STRONG> (Thumb, 24 bytes, Stack size 8 bytes, main.o(.text), UNUSED)

<P><STRONG><a name="[63]"></a>assert_failed</STRONG> (Thumb, 4 bytes, Stack size 0 bytes, main.o(.text))
<BR><BR>[Called By]<UL><LI><a href="#[88]">&gt;&gt;</a>&nbsp;&nbsp;&nbsp;RCC_EnableAPB2PeriphReset
<LI><a href="#[9a]">&gt;&gt;</a>&nbsp;&nbsp;&nbsp;AFIO_ConfigADCExternalTrigRemap
<LI><a href="#[99]">&gt;&gt;</a>&nbsp;&nbsp;&nbsp;AFIO_ConfigSPINSSMode
<LI><a href="#[98]">&gt;&gt;</a>&nbsp;&nbsp;&nbsp;GPIO_ConfigEXTILine
<LI><a href="#[97]">&gt;&gt;</a>&nbsp;&nbsp;&nbsp;GPIO_CtrlEventOutput
<LI><a href="#[96]">&gt;&gt;</a>&nbsp;&nbsp;&nbsp;GPIO_ConfigEventOutput
<LI><a href="#[95]">&gt;&gt;</a>&nbsp;&nbsp;&nbsp;GPIO_ConfigPinRemap
<LI><a href="#[94]">&gt;&gt;</a>&nbsp;&nbsp;&nbsp;GPIO_ConfigPinLock
<LI><a href="#[93]">&gt;&gt;</a>&nbsp;&nbsp;&nbsp;GPIO_Write
<LI><a href="#[92]">&gt;&gt;</a>&nbsp;&nbsp;&nbsp;GPIO_WriteBit
<LI><a href="#[91]">&gt;&gt;</a>&nbsp;&nbsp;&nbsp;GPIO_ResetBits
<LI><a href="#[90]">&gt;&gt;</a>&nbsp;&nbsp;&nbsp;GPIO_SetBitsHigh16
<LI><a href="#[8f]">&gt;&gt;</a>&nbsp;&nbsp;&nbsp;GPIO_SetBits
<LI><a href="#[8e]">&gt;&gt;</a>&nbsp;&nbsp;&nbsp;GPIO_ReadOutputData
<LI><a href="#[8d]">&gt;&gt;</a>&nbsp;&nbsp;&nbsp;GPIO_ReadOutputDataBit
<LI><a href="#[8c]">&gt;&gt;</a>&nbsp;&nbsp;&nbsp;GPIO_ReadInputData
<LI><a href="#[8b]">&gt;&gt;</a>&nbsp;&nbsp;&nbsp;GPIO_ReadInputDataBit
<LI><a href="#[8a]">&gt;&gt;</a>&nbsp;&nbsp;&nbsp;GPIO_InitPeripheral
<LI><a href="#[87]">&gt;&gt;</a>&nbsp;&nbsp;&nbsp;GPIO_DeInit
<LI><a href="#[86]">&gt;&gt;</a>&nbsp;&nbsp;&nbsp;FLASH_GetFlagSTS
<LI><a href="#[85]">&gt;&gt;</a>&nbsp;&nbsp;&nbsp;FLASH_INTConfig
<LI><a href="#[84]">&gt;&gt;</a>&nbsp;&nbsp;&nbsp;FLASH_ConfigUserOB2
<LI><a href="#[83]">&gt;&gt;</a>&nbsp;&nbsp;&nbsp;FLASH_ConfigUserOB
<LI><a href="#[81]">&gt;&gt;</a>&nbsp;&nbsp;&nbsp;FLASH_ReadOutProtectionL1
<LI><a href="#[7f]">&gt;&gt;</a>&nbsp;&nbsp;&nbsp;FLASH_ProgramOBData
<LI><a href="#[7e]">&gt;&gt;</a>&nbsp;&nbsp;&nbsp;FLASH_ProgramWord
<LI><a href="#[7d]">&gt;&gt;</a>&nbsp;&nbsp;&nbsp;FLASH_ConfigALLOptionByte
<LI><a href="#[78]">&gt;&gt;</a>&nbsp;&nbsp;&nbsp;FLASH_EraseOnePage
<LI><a href="#[77]">&gt;&gt;</a>&nbsp;&nbsp;&nbsp;FLASH_ClearFlag
<LI><a href="#[74]">&gt;&gt;</a>&nbsp;&nbsp;&nbsp;FLASH_SetSMPSELStatus
<LI><a href="#[73]">&gt;&gt;</a>&nbsp;&nbsp;&nbsp;FLASH_FLASHSleepModeCmd
<LI><a href="#[72]">&gt;&gt;</a>&nbsp;&nbsp;&nbsp;FLASH_LowVoltageModeCmd
<LI><a href="#[71]">&gt;&gt;</a>&nbsp;&nbsp;&nbsp;FLASH_iCacheCmd
<LI><a href="#[70]">&gt;&gt;</a>&nbsp;&nbsp;&nbsp;FLASH_PrefetchBufSet
<LI><a href="#[6f]">&gt;&gt;</a>&nbsp;&nbsp;&nbsp;FLASH_SetLatency
<LI><a href="#[6e]">&gt;&gt;</a>&nbsp;&nbsp;&nbsp;EXTI_RTCTimeStampSel
<LI><a href="#[6d]">&gt;&gt;</a>&nbsp;&nbsp;&nbsp;EXTI_ClrITPendBit
<LI><a href="#[6c]">&gt;&gt;</a>&nbsp;&nbsp;&nbsp;EXTI_GetITStatus
<LI><a href="#[6b]">&gt;&gt;</a>&nbsp;&nbsp;&nbsp;EXTI_ClrStatusFlag
<LI><a href="#[6a]">&gt;&gt;</a>&nbsp;&nbsp;&nbsp;EXTI_GetStatusFlag
<LI><a href="#[69]">&gt;&gt;</a>&nbsp;&nbsp;&nbsp;EXTI_TriggerSWInt
<LI><a href="#[68]">&gt;&gt;</a>&nbsp;&nbsp;&nbsp;EXTI_InitPeripheral
<LI><a href="#[c7]">&gt;&gt;</a>&nbsp;&nbsp;&nbsp;RCC_EnableAPB1PeriphReset
<LI><a href="#[b8]">&gt;&gt;</a>&nbsp;&nbsp;&nbsp;RCC_EnableAPB1PeriphClk
<LI><a href="#[c6]">&gt;&gt;</a>&nbsp;&nbsp;&nbsp;RCC_EnableAHBPeriphReset
<LI><a href="#[b0]">&gt;&gt;</a>&nbsp;&nbsp;&nbsp;RCC_ConfigAdcPllClk
<LI><a href="#[b1]">&gt;&gt;</a>&nbsp;&nbsp;&nbsp;RCC_ConfigAdcHclk
<LI><a href="#[67]">&gt;&gt;</a>&nbsp;&nbsp;&nbsp;SysTick_CLKSourceConfig
<LI><a href="#[66]">&gt;&gt;</a>&nbsp;&nbsp;&nbsp;NVIC_SystemLPConfig
<LI><a href="#[65]">&gt;&gt;</a>&nbsp;&nbsp;&nbsp;NVIC_SetVectorTable
<LI><a href="#[64]">&gt;&gt;</a>&nbsp;&nbsp;&nbsp;NVIC_Init
<LI><a href="#[62]">&gt;&gt;</a>&nbsp;&nbsp;&nbsp;NVIC_PriorityGroupConfig
<LI><a href="#[e8]">&gt;&gt;</a>&nbsp;&nbsp;&nbsp;USART_ClrIntPendingBit
<LI><a href="#[e7]">&gt;&gt;</a>&nbsp;&nbsp;&nbsp;USART_GetIntStatus
<LI><a href="#[e6]">&gt;&gt;</a>&nbsp;&nbsp;&nbsp;USART_ClrFlag
<LI><a href="#[e5]">&gt;&gt;</a>&nbsp;&nbsp;&nbsp;USART_GetFlagStatus
<LI><a href="#[e4]">&gt;&gt;</a>&nbsp;&nbsp;&nbsp;USART_EnableIrDA
<LI><a href="#[e3]">&gt;&gt;</a>&nbsp;&nbsp;&nbsp;USART_ConfigIrDAMode
<LI><a href="#[e2]">&gt;&gt;</a>&nbsp;&nbsp;&nbsp;USART_EnableHalfDuplex
<LI><a href="#[e1]">&gt;&gt;</a>&nbsp;&nbsp;&nbsp;USART_SetSmartCardNACK
<LI><a href="#[e0]">&gt;&gt;</a>&nbsp;&nbsp;&nbsp;USART_EnableSmartCard
<LI><a href="#[df]">&gt;&gt;</a>&nbsp;&nbsp;&nbsp;USART_SetPrescaler
<LI><a href="#[de]">&gt;&gt;</a>&nbsp;&nbsp;&nbsp;USART_SetGuardTime
<LI><a href="#[dd]">&gt;&gt;</a>&nbsp;&nbsp;&nbsp;USART_SendBreak
<LI><a href="#[dc]">&gt;&gt;</a>&nbsp;&nbsp;&nbsp;USART_ReceiveData
<LI><a href="#[db]">&gt;&gt;</a>&nbsp;&nbsp;&nbsp;USART_SendData
<LI><a href="#[da]">&gt;&gt;</a>&nbsp;&nbsp;&nbsp;USART_EnableLIN
<LI><a href="#[d9]">&gt;&gt;</a>&nbsp;&nbsp;&nbsp;USART_ConfigLINBreakDetectLength
<LI><a href="#[d8]">&gt;&gt;</a>&nbsp;&nbsp;&nbsp;USART_EnableRcvWakeUp
<LI><a href="#[d7]">&gt;&gt;</a>&nbsp;&nbsp;&nbsp;USART_ConfigWakeUpMode
<LI><a href="#[d6]">&gt;&gt;</a>&nbsp;&nbsp;&nbsp;USART_SetAddr
<LI><a href="#[d5]">&gt;&gt;</a>&nbsp;&nbsp;&nbsp;USART_EnableDMA
<LI><a href="#[d4]">&gt;&gt;</a>&nbsp;&nbsp;&nbsp;USART_ConfigInt
<LI><a href="#[d3]">&gt;&gt;</a>&nbsp;&nbsp;&nbsp;USART_Enable
<LI><a href="#[d2]">&gt;&gt;</a>&nbsp;&nbsp;&nbsp;USART_ClockInit
<LI><a href="#[d0]">&gt;&gt;</a>&nbsp;&nbsp;&nbsp;USART_Init
<LI><a href="#[cf]">&gt;&gt;</a>&nbsp;&nbsp;&nbsp;USART_DeInit
<LI><a href="#[ce]">&gt;&gt;</a>&nbsp;&nbsp;&nbsp;RCC_ClrIntPendingBit
<LI><a href="#[cd]">&gt;&gt;</a>&nbsp;&nbsp;&nbsp;RCC_GetIntStatus
<LI><a href="#[cc]">&gt;&gt;</a>&nbsp;&nbsp;&nbsp;RCC_ConfigMco
<LI><a href="#[cb]">&gt;&gt;</a>&nbsp;&nbsp;&nbsp;RCC_ConfigMcoClkPre
<LI><a href="#[ca]">&gt;&gt;</a>&nbsp;&nbsp;&nbsp;RCC_EnableLSEClockSecuritySystem
<LI><a href="#[c9]">&gt;&gt;</a>&nbsp;&nbsp;&nbsp;RCC_EnableClockSecuritySystem
<LI><a href="#[c8]">&gt;&gt;</a>&nbsp;&nbsp;&nbsp;RCC_EnableLowPowerReset
<LI><a href="#[c5]">&gt;&gt;</a>&nbsp;&nbsp;&nbsp;RCC_EnableAPB2PeriphClk
<LI><a href="#[c4]">&gt;&gt;</a>&nbsp;&nbsp;&nbsp;RCC_EnableAHBPeriphClk
<LI><a href="#[c3]">&gt;&gt;</a>&nbsp;&nbsp;&nbsp;RCC_ConfigLSXClk
<LI><a href="#[bd]">&gt;&gt;</a>&nbsp;&nbsp;&nbsp;RCC_ClrSRAMParityErrorFlag
<LI><a href="#[bc]">&gt;&gt;</a>&nbsp;&nbsp;&nbsp;RCC_ConfigSRAMParityErrorRESET
<LI><a href="#[bb]">&gt;&gt;</a>&nbsp;&nbsp;&nbsp;RCC_ConfigSRAMParityErrorInt
<LI><a href="#[ba]">&gt;&gt;</a>&nbsp;&nbsp;&nbsp;RCC_ConfigLPUARTClk
<LI><a href="#[b9]">&gt;&gt;</a>&nbsp;&nbsp;&nbsp;RCC_ConfigLPTIMClk
<LI><a href="#[b5]">&gt;&gt;</a>&nbsp;&nbsp;&nbsp;RCC_ConfigUSBXTALESSMode
<LI><a href="#[b4]">&gt;&gt;</a>&nbsp;&nbsp;&nbsp;RCC_ConfigUCDRClk
<LI><a href="#[b3]">&gt;&gt;</a>&nbsp;&nbsp;&nbsp;RCC_EnableTrng1mClk
<LI><a href="#[b2]">&gt;&gt;</a>&nbsp;&nbsp;&nbsp;RCC_ConfigTrng1mClk
<LI><a href="#[af]">&gt;&gt;</a>&nbsp;&nbsp;&nbsp;RCC_ConfigAdc1mClk
<LI><a href="#[ae]">&gt;&gt;</a>&nbsp;&nbsp;&nbsp;RCC_ConfigRngcClk
<LI><a href="#[ad]">&gt;&gt;</a>&nbsp;&nbsp;&nbsp;RCC_ConfigTim18Clk
<LI><a href="#[ac]">&gt;&gt;</a>&nbsp;&nbsp;&nbsp;RCC_ConfigUsbClk
<LI><a href="#[ab]">&gt;&gt;</a>&nbsp;&nbsp;&nbsp;RCC_ConfigInt
<LI><a href="#[aa]">&gt;&gt;</a>&nbsp;&nbsp;&nbsp;RCC_ConfigPclk2
<LI><a href="#[a9]">&gt;&gt;</a>&nbsp;&nbsp;&nbsp;RCC_ConfigPclk1
<LI><a href="#[a8]">&gt;&gt;</a>&nbsp;&nbsp;&nbsp;RCC_ConfigHclk
<LI><a href="#[a7]">&gt;&gt;</a>&nbsp;&nbsp;&nbsp;RCC_ConfigSysclk
<LI><a href="#[a6]">&gt;&gt;</a>&nbsp;&nbsp;&nbsp;RCC_EnablePll
<LI><a href="#[a5]">&gt;&gt;</a>&nbsp;&nbsp;&nbsp;RCC_ConfigPll
<LI><a href="#[a4]">&gt;&gt;</a>&nbsp;&nbsp;&nbsp;RCC_EnableMsi
<LI><a href="#[a2]">&gt;&gt;</a>&nbsp;&nbsp;&nbsp;RCC_ConfigMsi
<LI><a href="#[a1]">&gt;&gt;</a>&nbsp;&nbsp;&nbsp;RCC_EnableHsi
<LI><a href="#[a0]">&gt;&gt;</a>&nbsp;&nbsp;&nbsp;RCC_SetHsiCalibValue
<LI><a href="#[9e]">&gt;&gt;</a>&nbsp;&nbsp;&nbsp;RCC_ConfigHsi
<LI><a href="#[9c]">&gt;&gt;</a>&nbsp;&nbsp;&nbsp;RCC_GetFlagStatus
<LI><a href="#[c2]">&gt;&gt;</a>&nbsp;&nbsp;&nbsp;RCC_EnableRtcClk
<LI><a href="#[b7]">&gt;&gt;</a>&nbsp;&nbsp;&nbsp;RCC_EnableRETPeriphReset
<LI><a href="#[b6]">&gt;&gt;</a>&nbsp;&nbsp;&nbsp;RCC_EnableRETPeriphClk
<LI><a href="#[c0]">&gt;&gt;</a>&nbsp;&nbsp;&nbsp;RCC_EnableLsi
<LI><a href="#[c1]">&gt;&gt;</a>&nbsp;&nbsp;&nbsp;RCC_ConfigRtcClk
<LI><a href="#[be]">&gt;&gt;</a>&nbsp;&nbsp;&nbsp;RCC_ConfigLse
<LI><a href="#[9b]">&gt;&gt;</a>&nbsp;&nbsp;&nbsp;RCC_ConfigHse
</UL>

<P><STRONG><a name="[10]"></a>NMI_Handler</STRONG> (Thumb, 2 bytes, Stack size 0 bytes, n32l40x_it.o(.text))
<BR>[Address Reference Count : 1]<UL><LI> startup_n32l40x.o(RESET)
</UL>
[...]
<LI><a href="#[a]">&gt;&gt;</a>&nbsp;&nbsp;&nbsp;Virtual_Com_Port_GetDeviceDescriptor
</UL>

<P><STRONG><a name="[123]"></a>USB_ProcessPost0</STRONG> (Thumb, 54 bytes, Stack size 8 bytes, usb_core.o(.text))
<BR><BR>[Stack]<UL><LI>Max Depth = 16<LI>Call Chain = USB_ProcessPost0 &rArr; USB_SetEpRxCnt
</UL>
<BR>[Calls]<UL><LI><a href="#[108]">&gt;&gt;</a>&nbsp;&nbsp;&nbsp;USB_SetEpRxCnt
</UL>
<BR>[Called By]<UL><LI><a href="#[127]">&gt;&gt;</a>&nbsp;&nbsp;&nbsp;USB_ProcessOut0
<LI><a href="#[126]">&gt;&gt;</a>&nbsp;&nbsp;&nbsp;USB_ProcessIn0
<LI><a href="#[124]">&gt;&gt;</a>&nbsp;&nbsp;&nbsp;USB_ProcessSetup0
</UL>

<P><STRONG><a name="[124]"></a>USB_ProcessSetup0</STRONG> (Thumb, 170 bytes, Stack size 16 bytes, usb_core.o(.text))
<BR><BR>[Stack]<UL><LI>Max Depth = 108<LI>Call Chain = USB_ProcessSetup0 &rArr; Data_Setup0 &rArr; DataStageIn &rArr; USB_CopyUserToPMABuf
</UL>
<BR>[Calls]<UL><LI><a href="#[125]">&gt;&gt;</a>&nbsp;&nbsp;&nbsp;USB_ByteSwap
<LI><a href="#[123]">&gt;&gt;</a>&nbsp;&nbsp;&nbsp;USB_ProcessPost0
<LI><a href="#[122]">&gt;&gt;</a>&nbsp;&nbsp;&nbsp;Data_Setup0
<LI><a href="#[11a]">&gt;&gt;</a>&nbsp;&nbsp;&nbsp;NoData_Setup0
</UL>
<BR>[Called By]<UL><LI><a href="#[fd]">&gt;&gt;</a>&nbsp;&nbsp;&nbsp;USB_CorrectTransferLp
</UL>

<P><STRONG><a name="[10a]"></a>USB_SetDeviceAddress</STRONG> (Thumb, 70 bytes, Stack size 12 bytes, usb_core.o(.text))
<BR><BR>[Stack]<UL><LI>Max Depth = 12<LI>Call Chain = USB_SetDeviceAddress
</UL>
<BR>[Called By]<UL><LI><a href="#[126]">&gt;&gt;</a>&nbsp;&nbsp;&nbsp;USB_ProcessIn0
<LI><a href="#[4]">&gt;&gt;</a>&nbsp;&nbsp;&nbsp;Virtual_Com_Port_Reset
</UL>

<P><STRONG><a name="[126]"></a>USB_ProcessIn0</STRONG> (Thumb, 98 bytes, Stack size 8 bytes, usb_core.o(.text))
<BR><BR>[Stack]<UL><LI>Max Depth = 60<LI>Call Chain = USB_ProcessIn0 &rArr; DataStageIn &rArr; USB_CopyUserToPMABuf
</UL>
<BR>[Calls]<UL><LI><a href="#[123]">&gt;&gt;</a>&nbsp;&nbsp;&nbsp;USB_ProcessPost0
<LI><a href="#[118]">&gt;&gt;</a>&nbsp;&nbsp;&nbsp;DataStageIn
<LI><a href="#[10a]">&gt;&gt;</a>&nbsp;&nbsp;&nbsp;USB_SetDeviceAddress
</UL>
<BR>[Called By]<UL><LI><a href="#[fd]">&gt;&gt;</a>&nbsp;&nbsp;&nbsp;USB_CorrectTransferLp
</UL>

<P><STRONG><a name="[127]"></a>USB_ProcessOut0</STRONG> (Thumb, 70 bytes, Stack size 8 bytes, usb_core.o(.text))
<BR><BR>[Stack]<UL><LI>Max Depth = 52<LI>Call Chain = USB_ProcessOut0 &rArr; DataStageOut &rArr; USB_CopyPMAToUserBuf
</UL>
<BR>[Calls]<UL><LI><a href="#[123]">&gt;&gt;</a>&nbsp;&nbsp;&nbsp;USB_ProcessPost0
<LI><a href="#[115]">&gt;&gt;</a>&nbsp;&nbsp;&nbsp;DataStageOut
</UL>
<BR>[Called By]<UL><LI><a href="#[fd]">&gt;&gt;</a>&nbsp;&nbsp;&nbsp;USB_CorrectTransferLp
</UL>

<P><STRONG><a name="[1]"></a>USB_ProcessNop</STRONG> (Thumb, 2 bytes, Stack size 0 bytes, usb_core.o(.text))
<BR>[Address Reference Count : 2]<UL><LI> usb_istr.o(.data)
<LI> usb_prop.o(.data)
</UL>
<P><STRONG><a name="[ea]"></a>USB_Init</STRONG> (Thumb, 52 bytes, Stack size 8 bytes, usb_init.o(.text))
<BR><BR>[Stack]<UL><LI>Max Depth = 48<LI>Call Chain = USB_Init &rArr; USB_Interrupts_Config &rArr; NVIC_Init
</UL>
<BR>[Calls]<UL><LI><a href="#[f0]">&gt;&gt;</a>&nbsp;&nbsp;&nbsp;USB_Interrupts_Config
</UL>
<BR>[Called By]<UL><LI><a href="#[5b]">&gt;&gt;</a>&nbsp;&nbsp;&nbsp;main
</UL>

<P><STRONG><a name="[fd]"></a>USB_CorrectTransferLp</STRONG> (Thumb, 616 bytes, Stack size 8 bytes, usb_int.o(.text))
<BR><BR>[Stack]<UL><LI>Max Depth = 116<LI>Call Chain = USB_CorrectTransferLp &rArr; USB_ProcessSetup0 &rArr; Data_Setup0 &rArr; DataStageIn &rArr; USB_CopyUserToPMABuf
</UL>
<BR>[Calls]<UL><LI><a href="#[127]">&gt;&gt;</a>&nbsp;&nbsp;&nbsp;USB_ProcessOut0
<LI><a href="#[126]">&gt;&gt;</a>&nbsp;&nbsp;&nbsp;USB_ProcessIn0
<LI><a href="#[124]">&gt;&gt;</a>&nbsp;&nbsp;&nbsp;USB_ProcessSetup0
</UL>
<BR>[Called By]<UL><LI><a href="#[eb]">&gt;&gt;</a>&nbsp;&nbsp;&nbsp;USB_Istr
</UL>

<P><STRONG><a name="[14f]"></a>USB_CorrectTransferHp</STRONG> (Thumb, 178 bytes, Stack size 8 bytes, usb_int.o(.text), UNUSED)

<P><STRONG><a name="[f7]"></a>USB_CopyUserToPMABuf</STRONG> (Thumb, 60 bytes, Stack size 20 bytes, usb_mem.o(.text))
<BR><BR>[Stack]<UL><LI>Max Depth = 20<LI>Call Chain = USB_CopyUserToPMABuf
</UL>
<BR>[Called By]<UL><LI><a href="#[f6]">&gt;&gt;</a>&nbsp;&nbsp;&nbsp;Handle_USBAsynchXfer
<LI><a href="#[12a]">&gt;&gt;</a>&nbsp;&nbsp;&nbsp;USB_SilWrite
<LI><a href="#[118]">&gt;&gt;</a>&nbsp;&nbsp;&nbsp;DataStageIn
<LI><a href="#[0]">&gt;&gt;</a>&nbsp;&nbsp;&nbsp;EP1_IN_Callback
</UL>

<P><STRONG><a name="[117]"></a>USB_CopyPMAToUserBuf</STRONG> (Thumb, 38 bytes, Stack size 20 bytes, usb_mem.o(.text))
<BR><BR>[Stack]<UL><LI>Max Depth = 20<LI>Call Chain = USB_CopyPMAToUserBuf
</UL>
<BR>[Called By]<UL><LI><a href="#[115]">&gt;&gt;</a>&nbsp;&nbsp;&nbsp;DataStageOut
<LI><a href="#[fa]">&gt;&gt;</a>&nbsp;&nbsp;&nbsp;USB_SilRead
</UL>

<P><STRONG><a name="[150]"></a>USB_SetCtrl</STRONG> (Thumb, 6 bytes, Stack size 0 bytes, usb_regs.o(.text), UNUSED)

<P><STRONG><a name="[151]"></a>USB_GetCtrl</STRONG> (Thumb, 8 bytes, Stack size 0 bytes, usb_regs.o(.text), UNUSED)

<P><STRONG><a name="[152]"></a>USB_SetSts</STRONG> (Thumb, 8 bytes, Stack size 0 bytes, usb_regs.o(.text), UNUSED)

<P><STRONG><a name="[153]"></a>USB_GetSts</STRONG> (Thumb, 10 bytes, Stack size 0 bytes, usb_regs.o(.text), UNUSED)

<P><STRONG><a name="[154]"></a>USB_GetFn</STRONG> (Thumb, 10 bytes, Stack size 0 bytes, usb_regs.o(.text), UNUSED)

<P><STRONG><a name="[155]"></a>USB_SetAddr</STRONG> (Thumb, 8 bytes, Stack size 0 bytes, usb_regs.o(.text), UNUSED)

<P><STRONG><a name="[156]"></a>USB_GetAddr</STRONG> (Thumb, 10 bytes, Stack size 0 bytes, usb_regs.o(.text), UNUSED)

<P><STRONG><a name="[102]"></a>USB_SetBuftab</STRONG> (Thumb, 14 bytes, Stack size 0 bytes, usb_regs.o(.text))
<BR><BR>[Called By]<UL><LI><a href="#[4]">&gt;&gt;</a>&nbsp;&nbsp;&nbsp;Virtual_Com_Port_Reset
</UL>

<P><STRONG><a name="[157]"></a>USB_GetBTABLE</STRONG> (Thumb, 10 bytes, Stack size 0 bytes, usb_regs.o(.text), UNUSED)

<P><STRONG><a name="[158]"></a>USB_SetEndPoint</STRONG> (Thumb, 12 bytes, Stack size 0 bytes, usb_regs.o(.text), UNUSED)

<P><STRONG><a name="[129]"></a>USB_GetEndPoint</STRONG> (Thumb, 16 bytes, Stack size 0 bytes, usb_regs.o(.text), UNUSED)
<BR><BR>[Called By]<UL><LI><a href="#[128]">&gt;&gt;</a>&nbsp;&nbsp;&nbsp;USB_SetDouBleBuferEpStall
</UL>

<P><STRONG><a name="[103]"></a>USB_SetEpType</STRONG> (Thumb, 32 bytes, Stack size 8 bytes, usb_regs.o(.text))
<BR><BR>[Stack]<UL><LI>Max Depth = 8<LI>Call Chain = USB_SetEpType
</UL>
<BR>[Called By]<UL><LI><a href="#[4]">&gt;&gt;</a>&nbsp;&nbsp;&nbsp;Virtual_Com_Port_Reset
</UL>

<P><STRONG><a name="[159]"></a>USB_GetEpType</STRONG> (Thumb, 18 bytes, Stack size 0 bytes, usb_regs.o(.text), UNUSED)

<P><STRONG><a name="[104]"></a>SetEPTxStatus</STRONG> (Thumb, 60 bytes, Stack size 12 bytes, usb_regs.o(.text))
<BR><BR>[Stack]<UL><LI>Max Depth = 12<LI>Call Chain = SetEPTxStatus
</UL>
<BR>[Called By]<UL><LI><a href="#[112]">&gt;&gt;</a>&nbsp;&nbsp;&nbsp;Standard_ClearFeature
<LI><a href="#[4]">&gt;&gt;</a>&nbsp;&nbsp;&nbsp;Virtual_Com_Port_Reset
</UL>

<P><STRONG><a name="[109]"></a>SetEPRxStatus</STRONG> (Thumb, 60 bytes, Stack size 12 bytes, usb_regs.o(.text))
<BR><BR>[Stack]<UL><LI>Max Depth = 12<LI>Call Chain = SetEPRxStatus
</UL>
<BR>[Called By]<UL><LI><a href="#[4]">&gt;&gt;</a>&nbsp;&nbsp;&nbsp;Virtual_Com_Port_Reset
</UL>

<P><STRONG><a name="[128]"></a>USB_SetDouBleBuferEpStall</STRONG> (Thumb, 54 bytes, Stack size 12 bytes, usb_regs.o(.text), UNUSED)
<BR><BR>[Calls]<UL><LI><a href="#[129]">&gt;&gt;</a>&nbsp;&nbsp;&nbsp;USB_GetEndPoint
</UL>

<P><STRONG><a name="[15a]"></a>USB_GetEpTxSts</STRONG> (Thumb, 18 bytes, Stack size 0 bytes, usb_regs.o(.text), UNUSED)

<P><STRONG><a name="[15b]"></a>USB_GetEpRxSts</STRONG> (Thumb, 18 bytes, Stack size 0 bytes, usb_regs.o(.text), UNUSED)

<P><STRONG><a name="[f9]"></a>USB_SetEpTxValid</STRONG> (Thumb, 48 bytes, Stack size 8 bytes, usb_regs.o(.text))
<BR><BR>[Stack]<UL><LI>Max Depth = 8<LI>Call Chain = USB_SetEpTxValid
</UL>
<BR>[Called By]<UL><LI><a href="#[f6]">&gt;&gt;</a>&nbsp;&nbsp;&nbsp;Handle_USBAsynchXfer
<LI><a href="#[0]">&gt;&gt;</a>&nbsp;&nbsp;&nbsp;EP1_IN_Callback
</UL>

<P><STRONG><a name="[fb]"></a>USB_SetEpRxValid</STRONG> (Thumb, 48 bytes, Stack size 8 bytes, usb_regs.o(.text))
<BR><BR>[Stack]<UL><LI>Max Depth = 8<LI>Call Chain = USB_SetEpRxValid
</UL>
<BR>[Called By]<UL><LI><a href="#[4]">&gt;&gt;</a>&nbsp;&nbsp;&nbsp;Virtual_Com_Port_Reset
<LI><a href="#[2]">&gt;&gt;</a>&nbsp;&nbsp;&nbsp;EP3_OUT_Callback
</UL>

<P><STRONG><a name="[15c]"></a>USB_SetEpKind</STRONG> (Thumb, 38 bytes, Stack size 0 bytes, usb_regs.o(.text), UNUSED)

<P><STRONG><a name="[15d]"></a>USB_ClrEpKind</STRONG> (Thumb, 34 bytes, Stack size 0 bytes, usb_regs.o(.text), UNUSED)

<P><STRONG><a name="[107]"></a>USB_ClrStsOut</STRONG> (Thumb, 34 bytes, Stack size 0 bytes, usb_regs.o(.text))
<BR><BR>[Called By]<UL><LI><a href="#[4]">&gt;&gt;</a>&nbsp;&nbsp;&nbsp;Virtual_Com_Port_Reset
</UL>

<P><STRONG><a name="[15e]"></a>USB_SetStsOut</STRONG> (Thumb, 38 bytes, Stack size 0 bytes, usb_regs.o(.text), UNUSED)

<P><STRONG><a name="[15f]"></a>USB_SetEpDoubleBufer</STRONG> (Thumb, 38 bytes, Stack size 0 bytes, usb_regs.o(.text), UNUSED)

<P><STRONG><a name="[160]"></a>USB_ClrEpDoubleBufer</STRONG> (Thumb, 34 bytes, Stack size 0 bytes, usb_regs.o(.text), UNUSED)

<P><STRONG><a name="[161]"></a>USB_GetTxStallSts</STRONG> (Thumb, 28 bytes, Stack size 0 bytes, usb_regs.o(.text), UNUSED)

<P><STRONG><a name="[162]"></a>USB_GetRxStallSts</STRONG> (Thumb, 30 bytes, Stack size 0 bytes, usb_regs.o(.text), UNUSED)

<P><STRONG><a name="[163]"></a>USB_ClrEpCtrsRx</STRONG> (Thumb, 32 bytes, Stack size 0 bytes, usb_regs.o(.text), UNUSED)

<P><STRONG><a name="[164]"></a>USB_ClrEpCtrsTx</STRONG> (Thumb, 28 bytes, Stack size 0 bytes, usb_regs.o(.text), UNUSED)

<P><STRONG><a name="[165]"></a>USB_DattogRx</STRONG> (Thumb, 34 bytes, Stack size 0 bytes, usb_regs.o(.text), UNUSED)

<P><STRONG><a name="[166]"></a>USB_DattogTx</STRONG> (Thumb, 34 bytes, Stack size 0 bytes, usb_regs.o(.text), UNUSED)

<P><STRONG><a name="[114]"></a>USB_ClrDattogRx</STRONG> (Thumb, 48 bytes, Stack size 0 bytes, usb_regs.o(.text))
<BR><BR>[Called By]<UL><LI><a href="#[112]">&gt;&gt;</a>&nbsp;&nbsp;&nbsp;Standard_ClearFeature
</UL>

<P><STRONG><a name="[113]"></a>USB_ClrDattogTx</STRONG> (Thumb, 48 bytes, Stack size 0 bytes, usb_regs.o(.text))
<BR><BR>[Called By]<UL><LI><a href="#[112]">&gt;&gt;</a>&nbsp;&nbsp;&nbsp;Standard_ClearFeature
</UL>

<P><STRONG><a name="[167]"></a>USB_SetEpAddress</STRONG> (Thumb, 46 bytes, Stack size 8 bytes, usb_regs.o(.text), UNUSED)

<P><STRONG><a name="[168]"></a>USB_GetEpAddress</STRONG> (Thumb, 18 bytes, Stack size 0 bytes, usb_regs.o(.text), UNUSED)

<P><STRONG><a name="[106]"></a>USB_SetEpTxAddr</STRONG> (Thumb, 24 bytes, Stack size 8 bytes, usb_regs.o(.text))
<BR><BR>[Stack]<UL><LI>Max Depth = 8<LI>Call Chain = USB_SetEpTxAddr
</UL>
<BR>[Called By]<UL><LI><a href="#[4]">&gt;&gt;</a>&nbsp;&nbsp;&nbsp;Virtual_Com_Port_Reset
</UL>

<P><STRONG><a name="[105]"></a>USB_SetEpRxAddr</STRONG> (Thumb, 26 bytes, Stack size 8 bytes, usb_regs.o(.text))
<BR><BR>[Stack]<UL><LI>Max Depth = 8<LI>Call Chain = USB_SetEpRxAddr
</UL>
<BR>[Called By]<UL><LI><a href="#[4]">&gt;&gt;</a>&nbsp;&nbsp;&nbsp;Virtual_Com_Port_Reset
</UL>

<P><STRONG><a name="[119]"></a>USB_GetEpTxAddr</STRONG> (Thumb, 22 bytes, Stack size 0 bytes, usb_regs.o(.text))
<BR><BR>[Called By]<UL><LI><a href="#[12a]">&gt;&gt;</a>&nbsp;&nbsp;&nbsp;USB_SilWrite
<LI><a href="#[118]">&gt;&gt;</a>&nbsp;&nbsp;&nbsp;DataStageIn
</UL>

<P><STRONG><a name="[116]"></a>USB_GetEpRxAddr</STRONG> (Thumb, 24 bytes, Stack size 0 bytes, usb_regs.o(.text))
<BR><BR>[Called By]<UL><LI><a href="#[115]">&gt;&gt;</a>&nbsp;&nbsp;&nbsp;DataStageOut
<LI><a href="#[fa]">&gt;&gt;</a>&nbsp;&nbsp;&nbsp;USB_SilRead
</UL>

<P><STRONG><a name="[f8]"></a>USB_SetEpTxCnt</STRONG> (Thumb, 20 bytes, Stack size 0 bytes, usb_regs.o(.text))
<BR><BR>[Called By]<UL><LI><a href="#[f6]">&gt;&gt;</a>&nbsp;&nbsp;&nbsp;Handle_USBAsynchXfer
<LI><a href="#[12a]">&gt;&gt;</a>&nbsp;&nbsp;&nbsp;USB_SilWrite
<LI><a href="#[118]">&gt;&gt;</a>&nbsp;&nbsp;&nbsp;DataStageIn
<LI><a href="#[115]">&gt;&gt;</a>&nbsp;&nbsp;&nbsp;DataStageOut
<LI><a href="#[0]">&gt;&gt;</a>&nbsp;&nbsp;&nbsp;EP1_IN_Callback
</UL>

<P><STRONG><a name="[169]"></a>USB_SetEpCntRxReg</STRONG> (Thumb, 48 bytes, Stack size 0 bytes, usb_regs.o(.text), UNUSED)

<P><STRONG><a name="[108]"></a>USB_SetEpRxCnt</STRONG> (Thumb, 68 bytes, Stack size 8 bytes, usb_regs.o(.text))
<BR><BR>[Stack]<UL><LI>Max Depth = 8<LI>Call Chain = USB_SetEpRxCnt
</UL>
<BR>[Called By]<UL><LI><a href="#[123]">&gt;&gt;</a>&nbsp;&nbsp;&nbsp;USB_ProcessPost0
<LI><a href="#[112]">&gt;&gt;</a>&nbsp;&nbsp;&nbsp;Standard_ClearFeature
<LI><a href="#[4]">&gt;&gt;</a>&nbsp;&nbsp;&nbsp;Virtual_Com_Port_Reset
</UL>

<P><STRONG><a name="[16a]"></a>USB_GetEpTxCnt</STRONG> (Thumb, 26 bytes, Stack size 0 bytes, usb_regs.o(.text), UNUSED)

<P><STRONG><a name="[12b]"></a>USB_GetEpRxCnt</STRONG> (Thumb, 26 bytes, Stack size 0 bytes, usb_regs.o(.text))
<BR><BR>[Called By]<UL><LI><a href="#[fa]">&gt;&gt;</a>&nbsp;&nbsp;&nbsp;USB_SilRead
</UL>

<P><STRONG><a name="[16b]"></a>USB_SetEpDblBuferAddr</STRONG> (Thumb, 44 bytes, Stack size 12 bytes, usb_regs.o(.text), UNUSED)

<P><STRONG><a name="[16c]"></a>USB_SetEpDblBuf0Addr</STRONG> (Thumb, 24 bytes, Stack size 8 bytes, usb_regs.o(.text), UNUSED)

<P><STRONG><a name="[16d]"></a>USB_SetEpDblBuf1Addr</STRONG> (Thumb, 26 bytes, Stack size 8 bytes, usb_regs.o(.text), UNUSED)

<P><STRONG><a name="[16e]"></a>USB_GetEpDblBuf0Addr</STRONG> (Thumb, 22 bytes, Stack size 0 bytes, usb_regs.o(.text), UNUSED)

<P><STRONG><a name="[16f]"></a>USB_GetEpDblBuf1Addr</STRONG> (Thumb, 24 bytes, Stack size 0 bytes, usb_regs.o(.text), UNUSED)

<P><STRONG><a name="[170]"></a>USB_SetEpDblBuferCnt</STRONG> (Thumb, 186 bytes, Stack size 12 bytes, usb_regs.o(.text), UNUSED)

<P><STRONG><a name="[171]"></a>USB_SetEpDblBuf0Cnt</STRONG> (Thumb, 96 bytes, Stack size 12 bytes, usb_regs.o(.text), UNUSED)

<P><STRONG><a name="[172]"></a>USB_SetEpDblBuf1Cnt</STRONG> (Thumb, 96 bytes, Stack size 12 bytes, usb_regs.o(.text), UNUSED)

<P><STRONG><a name="[173]"></a>USB_GetEpDblBuf0Cnt</STRONG> (Thumb, 26 bytes, Stack size 0 bytes, usb_regs.o(.text), UNUSED)

<P><STRONG><a name="[174]"></a>USB_GetEpDblBuf1Cnt</STRONG> (Thumb, 26 bytes, Stack size 0 bytes, usb_regs.o(.text), UNUSED)

<P><STRONG><a name="[175]"></a>GetEPDblBufDir</STRONG> (Thumb, 62 bytes, Stack size 0 bytes, usb_regs.o(.text), UNUSED)

<P><STRONG><a name="[176]"></a>USB_FreeUserBuf</STRONG> (Thumb, 90 bytes, Stack size 8 bytes, usb_regs.o(.text), UNUSED)

<P><STRONG><a name="[177]"></a>USB_ToWord</STRONG> (Thumb, 8 bytes, Stack size 0 bytes, usb_regs.o(.text), UNUSED)

<P><STRONG><a name="[125]"></a>USB_ByteSwap</STRONG> (Thumb, 12 bytes, Stack size 0 bytes, usb_regs.o(.text))
<BR><BR>[Called By]<UL><LI><a href="#[124]">&gt;&gt;</a>&nbsp;&nbsp;&nbsp;USB_ProcessSetup0
</UL>

<P><STRONG><a name="[101]"></a>USB_SilInit</STRONG> (Thumb, 28 bytes, Stack size 0 bytes, usb_sil.o(.text))
<BR><BR>[Called By]<UL><LI><a href="#[3]">&gt;&gt;</a>&nbsp;&nbsp;&nbsp;Virtual_Com_Port_init
</UL>

<P><STRONG><a name="[12a]"></a>USB_SilWrite</STRONG> (Thumb, 46 bytes, Stack size 24 bytes, usb_sil.o(.text), UNUSED)
<BR><BR>[Calls]<UL><LI><a href="#[f8]">&gt;&gt;</a>&nbsp;&nbsp;&nbsp;USB_SetEpTxCnt
<LI><a href="#[f7]">&gt;&gt;</a>&nbsp;&nbsp;&nbsp;USB_CopyUserToPMABuf
<LI><a href="#[119]">&gt;&gt;</a>&nbsp;&nbsp;&nbsp;USB_GetEpTxAddr
</UL>

<P><STRONG><a name="[fa]"></a>USB_SilRead</STRONG> (Thumb, 46 bytes, Stack size 24 bytes, usb_sil.o(.text))
<BR><BR>[Stack]<UL><LI>Max Depth = 44<LI>Call Chain = USB_SilRead &rArr; USB_CopyPMAToUserBuf
</UL>
<BR>[Calls]<UL><LI><a href="#[12b]">&gt;&gt;</a>&nbsp;&nbsp;&nbsp;USB_GetEpRxCnt
<LI><a href="#[116]">&gt;&gt;</a>&nbsp;&nbsp;&nbsp;USB_GetEpRxAddr
<LI><a href="#[117]">&gt;&gt;</a>&nbsp;&nbsp;&nbsp;USB_CopyPMAToUserBuf
</UL>
<BR>[Called By]<UL><LI><a href="#[2]">&gt;&gt;</a>&nbsp;&nbsp;&nbsp;EP3_OUT_Callback
</UL>

<P><STRONG><a name="[5f]"></a>__scatterload</STRONG> (Thumb, 28 bytes, Stack size 0 bytes, init.o(.text))
<BR><BR>[Calls]<UL><LI><a href="#[12c]">&gt;&gt;</a>&nbsp;&nbsp;&nbsp;__main_after_scatterload
</UL>
<BR>[Called By]<UL><LI><a href="#[5e]">&gt;&gt;</a>&nbsp;&nbsp;&nbsp;_main_scatterload
</UL>

<P><STRONG><a name="[178]"></a>__scatterload_rt2</STRONG> (Thumb, 0 bytes, Stack size 0 bytes, init.o(.text), UNUSED)

<P><STRONG><a name="[179]"></a>__decompress</STRONG> (Thumb, 0 bytes, Stack size unknown bytes, __dczerorl2.o(.text), UNUSED)

<P><STRONG><a name="[17a]"></a>__decompress1</STRONG> (Thumb, 86 bytes, Stack size unknown bytes, __dczerorl2.o(.text), UNUSED)

<P><STRONG><a name="[17b]"></a>__scatterload_copy</STRONG> (Thumb, 14 bytes, Stack size unknown bytes, handlers.o(i.__scatterload_copy), UNUSED)

<P><STRONG><a name="[17c]"></a>__scatterload_null</STRONG> (Thumb, 2 bytes, Stack size unknown bytes, handlers.o(i.__scatterload_null), UNUSED)

<P><STRONG><a name="[17d]"></a>__scatterload_zeroinit</STRONG> (Thumb, 14 bytes, Stack size unknown bytes, handlers.o(i.__scatterload_zeroinit), UNUSED)
<P>
<H3>
Local Symbols
</H3>
<P><STRONG><a name="[60]"></a>SetSysClock</STRONG> (Thumb, 222 bytes, Stack size 20 bytes, system_n32l40x.o(.text))
<BR><BR>[Stack]<UL><LI>Max Depth = 20<LI>Call Chain = SetSysClock
</UL>
<BR>[Calls]<UL><LI><a href="#[61]">&gt;&gt;</a>&nbsp;&nbsp;&nbsp;ConfigMRVoltage1V
</UL>
<BR>[Called By]<UL><LI><a href="#[5c]">&gt;&gt;</a>&nbsp;&nbsp;&nbsp;SystemInit
</UL>

<P><STRONG><a name="[115]"></a>DataStageOut</STRONG> (Thumb, 166 bytes, Stack size 24 bytes, usb_core.o(.text))
<BR><BR>[Stack]<UL><LI>Max Depth = 44<LI>Call Chain = DataStageOut &rArr; USB_CopyPMAToUserBuf
</UL>
<BR>[Calls]<UL><LI><a href="#[f8]">&gt;&gt;</a>&nbsp;&nbsp;&nbsp;USB_SetEpTxCnt
<LI><a href="#[116]">&gt;&gt;</a>&nbsp;&nbsp;&nbsp;USB_GetEpRxAddr
<LI><a href="#[117]">&gt;&gt;</a>&nbsp;&nbsp;&nbsp;USB_CopyPMAToUserBuf
</UL>
<BR>[Called By]<UL><LI><a href="#[127]">&gt;&gt;</a>&nbsp;&nbsp;&nbsp;USB_ProcessOut0
</UL>

<P><STRONG><a name="[118]"></a>DataStageIn</STRONG> (Thumb, 166 bytes, Stack size 32 bytes, usb_core.o(.text))
<BR><BR>[Stack]<UL><LI>Max Depth = 52<LI>Call Chain = DataStageIn &rArr; USB_CopyUserToPMABuf
</UL>
<BR>[Calls]<UL><LI><a href="#[f8]">&gt;&gt;</a>&nbsp;&nbsp;&nbsp;USB_SetEpTxCnt
<LI><a href="#[f7]">&gt;&gt;</a>&nbsp;&nbsp;&nbsp;USB_CopyUserToPMABuf
<LI><a href="#[119]">&gt;&gt;</a>&nbsp;&nbsp;&nbsp;USB_GetEpTxAddr
</UL>
<BR>[Called By]<UL><LI><a href="#[126]">&gt;&gt;</a>&nbsp;&nbsp;&nbsp;USB_ProcessIn0
<LI><a href="#[122]">&gt;&gt;</a>&nbsp;&nbsp;&nbsp;Data_Setup0
</UL>

<P><STRONG><a name="[11a]"></a>NoData_Setup0</STRONG> (Thumb, 290 bytes, Stack size 16 bytes, usb_core.o(.text))
<BR><BR>[Stack]<UL><LI>Max Depth = 60<LI>Call Chain = NoData_Setup0 &rArr; Standard_ClearFeature &rArr; SetEPTxStatus
</UL>
<BR>[Calls]<UL><LI><a href="#[11c]">&gt;&gt;</a>&nbsp;&nbsp;&nbsp;Standard_SetDeviceFeature
<LI><a href="#[11e]">&gt;&gt;</a>&nbsp;&nbsp;&nbsp;Standard_SetEndPointFeature
<LI><a href="#[112]">&gt;&gt;</a>&nbsp;&nbsp;&nbsp;Standard_ClearFeature
<LI><a href="#[11d]">&gt;&gt;</a>&nbsp;&nbsp;&nbsp;Standard_SetInterface
<LI><a href="#[11b]">&gt;&gt;</a>&nbsp;&nbsp;&nbsp;Standard_SetConfiguration
</UL>
<BR>[Called By]<UL><LI><a href="#[124]">&gt;&gt;</a>&nbsp;&nbsp;&nbsp;USB_ProcessSetup0
</UL>

<P><STRONG><a name="[122]"></a>Data_Setup0</STRONG> (Thumb, 678 bytes, Stack size 40 bytes, usb_core.o(.text))
<BR><BR>[Stack]<UL><LI>Max Depth = 92<LI>Call Chain = Data_Setup0 &rArr; DataStageIn &rArr; USB_CopyUserToPMABuf
</UL>
<BR>[Calls]<UL><LI><a href="#[118]">&gt;&gt;</a>&nbsp;&nbsp;&nbsp;DataStageIn
</UL>
<BR>[Called By]<UL><LI><a href="#[124]">&gt;&gt;</a>&nbsp;&nbsp;&nbsp;USB_ProcessSetup0
</UL>
<P>
<H3>
Undefined Global Symbols
</H3><HR></body></html>
